Archive member included to satisfy reference by file (symbol)

c:/program files (x86)/gnu arm embedded toolchain/10 2020-q4-major/bin/../lib/gcc/arm-none-eabi/10.2.1/../../../../arm-none-eabi/lib/thumb/v7e-m+fp/hard\libc_nano.a(lib_a-exit.o)
                              c:/program files (x86)/gnu arm embedded toolchain/10 2020-q4-major/bin/../lib/gcc/arm-none-eabi/10.2.1/../../../../arm-none-eabi/lib/thumb/v7e-m+fp/hard/crt0.o (exit)
c:/program files (x86)/gnu arm embedded toolchain/10 2020-q4-major/bin/../lib/gcc/arm-none-eabi/10.2.1/../../../../arm-none-eabi/lib/thumb/v7e-m+fp/hard\libc_nano.a(lib_a-impure.o)
                              c:/program files (x86)/gnu arm embedded toolchain/10 2020-q4-major/bin/../lib/gcc/arm-none-eabi/10.2.1/../../../../arm-none-eabi/lib/thumb/v7e-m+fp/hard\libc_nano.a(lib_a-exit.o) (_global_impure_ptr)
c:/program files (x86)/gnu arm embedded toolchain/10 2020-q4-major/bin/../lib/gcc/arm-none-eabi/10.2.1/../../../../arm-none-eabi/lib/thumb/v7e-m+fp/hard\libc_nano.a(lib_a-init.o)
                              c:/program files (x86)/gnu arm embedded toolchain/10 2020-q4-major/bin/../lib/gcc/arm-none-eabi/10.2.1/../../../../arm-none-eabi/lib/thumb/v7e-m+fp/hard/crt0.o (__libc_init_array)
c:/program files (x86)/gnu arm embedded toolchain/10 2020-q4-major/bin/../lib/gcc/arm-none-eabi/10.2.1/../../../../arm-none-eabi/lib/thumb/v7e-m+fp/hard\libc_nano.a(lib_a-memcpy-stub.o)
                              build/usbd_control.o (memcpy)
c:/program files (x86)/gnu arm embedded toolchain/10 2020-q4-major/bin/../lib/gcc/arm-none-eabi/10.2.1/../../../../arm-none-eabi/lib/thumb/v7e-m+fp/hard\libc_nano.a(lib_a-memset.o)
                              c:/program files (x86)/gnu arm embedded toolchain/10 2020-q4-major/bin/../lib/gcc/arm-none-eabi/10.2.1/../../../../arm-none-eabi/lib/thumb/v7e-m+fp/hard/crt0.o (memset)
c:/program files (x86)/gnu arm embedded toolchain/10 2020-q4-major/bin/../lib/gcc/arm-none-eabi/10.2.1/../../../../arm-none-eabi/lib/thumb/v7e-m+fp/hard\libc_nano.a(lib_a-printf.o)
                              build/main.o (printf)
c:/program files (x86)/gnu arm embedded toolchain/10 2020-q4-major/bin/../lib/gcc/arm-none-eabi/10.2.1/../../../../arm-none-eabi/lib/thumb/v7e-m+fp/hard\libc_nano.a(lib_a-strlen.o)
                              build/usb_descriptors.o (strlen)
c:/program files (x86)/gnu arm embedded toolchain/10 2020-q4-major/bin/../lib/gcc/arm-none-eabi/10.2.1/../../../../arm-none-eabi/lib/thumb/v7e-m+fp/hard\libc_nano.a(lib_a-findfp.o)
                              c:/program files (x86)/gnu arm embedded toolchain/10 2020-q4-major/bin/../lib/gcc/arm-none-eabi/10.2.1/../../../../arm-none-eabi/lib/thumb/v7e-m+fp/hard\libc_nano.a(lib_a-printf.o) (__sinit)
c:/program files (x86)/gnu arm embedded toolchain/10 2020-q4-major/bin/../lib/gcc/arm-none-eabi/10.2.1/../../../../arm-none-eabi/lib/thumb/v7e-m+fp/hard\libc_nano.a(lib_a-fwalk.o)
                              c:/program files (x86)/gnu arm embedded toolchain/10 2020-q4-major/bin/../lib/gcc/arm-none-eabi/10.2.1/../../../../arm-none-eabi/lib/thumb/v7e-m+fp/hard\libc_nano.a(lib_a-findfp.o) (_fwalk)
c:/program files (x86)/gnu arm embedded toolchain/10 2020-q4-major/bin/../lib/gcc/arm-none-eabi/10.2.1/../../../../arm-none-eabi/lib/thumb/v7e-m+fp/hard\libc_nano.a(lib_a-lock.o)
                              c:/program files (x86)/gnu arm embedded toolchain/10 2020-q4-major/bin/../lib/gcc/arm-none-eabi/10.2.1/../../../../arm-none-eabi/lib/thumb/v7e-m+fp/hard\libc_nano.a(lib_a-findfp.o) (__retarget_lock_init_recursive)
c:/program files (x86)/gnu arm embedded toolchain/10 2020-q4-major/bin/../lib/gcc/arm-none-eabi/10.2.1/../../../../arm-none-eabi/lib/thumb/v7e-m+fp/hard\libc_nano.a(lib_a-nano-mallocr.o)
                              c:/program files (x86)/gnu arm embedded toolchain/10 2020-q4-major/bin/../lib/gcc/arm-none-eabi/10.2.1/../../../../arm-none-eabi/lib/thumb/v7e-m+fp/hard\libc_nano.a(lib_a-findfp.o) (_malloc_r)
c:/program files (x86)/gnu arm embedded toolchain/10 2020-q4-major/bin/../lib/gcc/arm-none-eabi/10.2.1/../../../../arm-none-eabi/lib/thumb/v7e-m+fp/hard\libc_nano.a(lib_a-nano-vfprintf.o)
                              c:/program files (x86)/gnu arm embedded toolchain/10 2020-q4-major/bin/../lib/gcc/arm-none-eabi/10.2.1/../../../../arm-none-eabi/lib/thumb/v7e-m+fp/hard\libc_nano.a(lib_a-printf.o) (_vfprintf_r)
c:/program files (x86)/gnu arm embedded toolchain/10 2020-q4-major/bin/../lib/gcc/arm-none-eabi/10.2.1/../../../../arm-none-eabi/lib/thumb/v7e-m+fp/hard\libc_nano.a(lib_a-nano-vfprintf_i.o)
                              c:/program files (x86)/gnu arm embedded toolchain/10 2020-q4-major/bin/../lib/gcc/arm-none-eabi/10.2.1/../../../../arm-none-eabi/lib/thumb/v7e-m+fp/hard\libc_nano.a(lib_a-nano-vfprintf.o) (_printf_i)
c:/program files (x86)/gnu arm embedded toolchain/10 2020-q4-major/bin/../lib/gcc/arm-none-eabi/10.2.1/../../../../arm-none-eabi/lib/thumb/v7e-m+fp/hard\libc_nano.a(lib_a-sbrkr.o)
[...]
Memory Configuration

Name             Origin             Length             Attributes
RAM              0x20000000         0x00020000         xrw
CCMRAM           0x10000000         0x00010000         xrw
FLASH            0x08000000         0x00100000         xr
*default*        0x00000000         0xffffffff

Linker script and memory map

LOAD c:/program files (x86)/gnu arm embedded toolchain/10 2020-q4-major/bin/../lib/gcc/arm-none-eabi/10.2.1/thumb/v7e-m+fp/hard/crti.o
LOAD c:/program files (x86)/gnu arm embedded toolchain/10 2020-q4-major/bin/../lib/gcc/arm-none-eabi/10.2.1/thumb/v7e-m+fp/hard/crtbegin.o
LOAD c:/program files (x86)/gnu arm embedded toolchain/10 2020-q4-major/bin/../lib/gcc/arm-none-eabi/10.2.1/../../../../arm-none-eabi/lib/thumb/v7e-m+fp/hard/crt0.o
LOAD build/main.o
LOAD build/stm32f4xx_it.o
LOAD build/stm32f4xx_hal_msp.o
LOAD build/stm32f4xx_hal_i2c.o
LOAD build/stm32f4xx_hal_i2c_ex.o
LOAD build/stm32f4xx_hal_rcc.o
LOAD build/stm32f4xx_hal_rcc_ex.o
LOAD build/stm32f4xx_hal_flash.o
LOAD build/stm32f4xx_hal_flash_ex.o
LOAD build/stm32f4xx_hal_flash_ramfunc.o
LOAD build/stm32f4xx_hal_gpio.o
LOAD build/stm32f4xx_hal_dma_ex.o
LOAD build/stm32f4xx_hal_dma.o
LOAD build/stm32f4xx_hal_pwr.o
LOAD build/stm32f4xx_hal_pwr_ex.o
LOAD build/stm32f4xx_hal_cortex.o
LOAD build/stm32f4xx_hal.o
LOAD build/stm32f4xx_hal_exti.o
LOAD build/stm32f4xx_hal_i2s.o
LOAD build/stm32f4xx_hal_i2s_ex.o
LOAD build/stm32f4xx_hal_spi.o
LOAD build/stm32f4xx_hal_tim.o
LOAD build/stm32f4xx_hal_tim_ex.o
LOAD build/stm32f4xx_hal_pcd.o
LOAD build/stm32f4xx_hal_pcd_ex.o
LOAD build/stm32f4xx_ll_usb.o
LOAD build/system_stm32f4xx.o
LOAD build/tusb.o
LOAD build/usbd.o
LOAD build/usbd_control.o
LOAD build/midi_device.o
LOAD build/tusb_fifo.o
LOAD build/dcd_stm32_fsdev.o
LOAD build/dcd_synopsys.o
LOAD build/usb_descriptors.o
LOAD build/startup_stm32f407xx.o
LOAD c:/program files (x86)/gnu arm embedded toolchain/10 2020-q4-major/bin/../lib/gcc/arm-none-eabi/10.2.1/../../../../arm-none-eabi/lib/thumb/v7e-m+fp/hard\libc_nano.a
LOAD c:/program files (x86)/gnu arm embedded toolchain/10 2020-q4-major/bin/../lib/gcc/arm-none-eabi/10.2.1/../../../../arm-none-eabi/lib/thumb/v7e-m+fp/hard\libm.a
LOAD c:/program files (x86)/gnu arm embedded toolchain/10 2020-q4-major/bin/../lib/gcc/arm-none-eabi/10.2.1/../../../../arm-none-eabi/lib/thumb/v7e-m+fp/hard\libnosys.a
START GROUP
LOAD c:/program files (x86)/gnu arm embedded toolchain/10 2020-q4-major/bin/../lib/gcc/arm-none-eabi/10.2.1/thumb/v7e-m+fp/hard\libgcc.a
LOAD c:/program files (x86)/gnu arm embedded toolchain/10 2020-q4-major/bin/../lib/gcc/arm-none-eabi/10.2.1/../../../../arm-none-eabi/lib/thumb/v7e-m+fp/hard\libc_nano.a
END GROUP
START GROUP
LOAD c:/program files (x86)/gnu arm embedded toolchain/10 2020-q4-major/bin/../lib/gcc/arm-none-eabi/10.2.1/thumb/v7e-m+fp/hard\libgcc.a
LOAD c:/program files (x86)/gnu arm embedded toolchain/10 2020-q4-major/bin/../lib/gcc/arm-none-eabi/10.2.1/../../../../arm-none-eabi/lib/thumb/v7e-m+fp/hard\libc_nano.a
END GROUP
LOAD c:/program files (x86)/gnu arm embedded toolchain/10 2020-q4-major/bin/../lib/gcc/arm-none-eabi/10.2.1/thumb/v7e-m+fp/hard/crtend.o
LOAD c:/program files (x86)/gnu arm embedded toolchain/10 2020-q4-major/bin/../lib/gcc/arm-none-eabi/10.2.1/thumb/v7e-m+fp/hard/crtn.o
                0x20020000                _estack = 0x20020000
                0x00000200                _Min_Heap_Size = 0x200
                0x00000400                _Min_Stack_Size = 0x400

.isr_vector     0x08000000      0x188
                0x08000000                . = ALIGN (0x4)
 *(.isr_vector)
 .isr_vector    0x08000000      0x188 build/startup_stm32f407xx.o
                0x08000000                g_pfnVectors
                0x08000188                . = ALIGN (0x4)

.text           0x08000190     0x4980
                0x08000190                . = ALIGN (0x4)
 *(.text)
 .text          0x08000190       0x40 c:/program files (x86)/gnu arm embedded toolchain/10 2020-q4-major/bin/../lib/gcc/arm-none-eabi/10.2.1/thumb/v7e-m+fp/hard/crtbegin.o
 .text          0x080001d0       0x10 c:/program files (x86)/gnu arm embedded toolchain/10 2020-q4-major/bin/../lib/gcc/arm-none-eabi/10.2.1/../../../../arm-none-eabi/lib/thumb/v7e-m+fp/hard\libc_nano.a(lib_a-strlen.o)
                0x080001d0                strlen
 .text          0x080001e0       0xa0 c:/program files (x86)/gnu arm embedded toolchain/10 2020-q4-major/bin/../lib/gcc/arm-none-eabi/10.2.1/../../../../arm-none-eabi/lib/thumb/v7e-m+fp/hard\libc_nano.a(lib_a-memchr.o)
                0x080001e0                memchr
 .text          0x08000280       0x30 c:/program files (x86)/gnu arm embedded toolchain/10 2020-q4-major/bin/../lib/gcc/arm-none-eabi/10.2.1/thumb/v7e-m+fp/hard\libgcc.a(_aeabi_uldivmod.o)
                0x08000280                __aeabi_uldivmod
 .text          0x080002b0      0x2d0 c:/program files (x86)/gnu arm embedded toolchain/10 2020-q4-major/bin/../lib/gcc/arm-none-eabi/10.2.1/thumb/v7e-m+fp/hard\libgcc.a(_udivmoddi4.o)
                0x080002b0                __udivmoddi4
 .text          0x08000580        0x4 c:/program files (x86)/gnu arm embedded toolchain/10 2020-q4-major/bin/../lib/gcc/arm-none-eabi/10.2.1/thumb/v7e-m+fp/hard\libgcc.a(_dvmd_tls.o)
                0x08000580                __aeabi_idiv0
                0x08000580                __aeabi_ldiv0
 *(.text*)
 .text.MX_GPIO_Init
                0x08000584      0x18c build/main.o
 .text.board_init
                0x08000710       0xac build/main.o
 .text.OTG_FS_IRQHandler
                0x080007bc        0xa build/main.o
                0x080007bc                OTG_FS_IRQHandler
 *fill*         0x080007c6        0x2 
 .text.tud_mount_cb
                0x080007c8       0x10 build/main.o
                0x080007c8                tud_mount_cb
 .text.tud_umount_cb
                0x080007d8       0x10 build/main.o
                0x080007d8                tud_umount_cb
 .text.tud_suspend_cb
                0x080007e8       0x10 build/main.o
                0x080007e8                tud_suspend_cb
 .text.tud_resume_cb
                0x080007f8       0x10 build/main.o
                0x080007f8                tud_resume_cb
 .text.midi_task
                0x08000808       0x88 build/main.o
                0x08000808                midi_task
 .text.Error_Handler
                0x08000890        0x4 build/main.o
                0x08000890                Error_Handler
 .text.SystemClock_Config
                0x08000894       0xcc build/main.o
                0x08000894                SystemClock_Config
 .text.main     0x08000960       0x20 build/main.o
                0x08000960                main
 .text.NMI_Handler
                0x08000980        0x2 build/stm32f4xx_it.o
                0x08000980                NMI_Handler
 .text.HardFault_Handler
                0x08000982        0x2 build/stm32f4xx_it.o
                0x08000982                HardFault_Handler
 .text.MemManage_Handler
                0x08000984        0x2 build/stm32f4xx_it.o
                0x08000984                MemManage_Handler
 .text.BusFault_Handler
                0x08000986        0x2 build/stm32f4xx_it.o
                0x08000986                BusFault_Handler
 .text.UsageFault_Handler
                0x08000988        0x2 build/stm32f4xx_it.o
                0x08000988                UsageFault_Handler
 .text.SVC_Handler
                0x0800098a        0x2 build/stm32f4xx_it.o
                0x0800098a                SVC_Handler
 .text.DebugMon_Handler
                0x0800098c        0x2 build/stm32f4xx_it.o
                0x0800098c                DebugMon_Handler
 .text.PendSV_Handler
                0x0800098e        0x2 build/stm32f4xx_it.o
                0x0800098e                PendSV_Handler
 .text.SysTick_Handler
                0x08000990        0x8 build/stm32f4xx_it.o
                0x08000990                SysTick_Handler
 .text.HAL_MspInit
                0x08000998       0x40 build/stm32f4xx_hal_msp.o
                0x08000998                HAL_MspInit
 .text.HAL_RCC_OscConfig
                0x080009d8      0x3ec build/stm32f4xx_hal_rcc.o
                0x080009d8                HAL_RCC_OscConfig
 .text.HAL_RCC_GetSysClockFreq
                0x08000dc4       0xd4 build/stm32f4xx_hal_rcc.o
                0x08000dc4                HAL_RCC_GetSysClockFreq
 .text.HAL_RCC_ClockConfig
                0x08000e98      0x160 build/stm32f4xx_hal_rcc.o
                0x08000e98                HAL_RCC_ClockConfig
 .text.HAL_RCCEx_PeriphCLKConfig
                0x08000ff8      0x154 build/stm32f4xx_hal_rcc_ex.o
                0x08000ff8                HAL_RCCEx_PeriphCLKConfig
 .text.HAL_GPIO_Init
                0x0800114c      0x1d0 build/stm32f4xx_hal_gpio.o
                0x0800114c                HAL_GPIO_Init
 .text.HAL_GPIO_WritePin
                0x0800131c        0xc build/stm32f4xx_hal_gpio.o
                0x0800131c                HAL_GPIO_WritePin
 .text.HAL_NVIC_SetPriorityGrouping
                0x08001328       0x24 build/stm32f4xx_hal_cortex.o
                0x08001328                HAL_NVIC_SetPriorityGrouping
 .text.HAL_NVIC_SetPriority
                0x0800134c       0x70 build/stm32f4xx_hal_cortex.o
                0x0800134c                HAL_NVIC_SetPriority
 .text.HAL_SYSTICK_Config
                0x080013bc       0x28 build/stm32f4xx_hal_cortex.o
                0x080013bc                HAL_SYSTICK_Config
 .text.HAL_InitTick
                0x080013e4       0x4c build/stm32f4xx_hal.o
                0x080013e4                HAL_InitTick
 .text.HAL_Init
                0x08001430       0x34 build/stm32f4xx_hal.o
                0x08001430                HAL_Init
 .text.HAL_IncTick
                0x08001464       0x18 build/stm32f4xx_hal.o
                0x08001464                HAL_IncTick
 .text.HAL_GetTick
                0x0800147c        0xc build/stm32f4xx_hal.o
                0x0800147c                HAL_GetTick
 .text.HAL_Delay
                0x08001488       0x28 build/stm32f4xx_hal.o
                0x08001488                HAL_Delay
 .text.SystemInit
                0x080014b0       0x1c build/system_stm32f4xx.o
                0x080014b0                SystemInit
 .text.tusb_init
                0x080014cc       0x30 build/tusb.o
                0x080014cc                tusb_init
 .text.tusb_inited
                0x080014fc        0xc build/tusb.o
                0x080014fc                tusb_inited
 .text.mark_interface_endpoint
                0x08001508       0x40 build/usbd.o
 .text.usbd_reset
                0x08001548       0x9c build/usbd.o
 .text.invoke_class_control
                0x080015e4       0x1a build/usbd.o
 *fill*         0x080015fe        0x2 
 .text.process_set_config
                0x08001600      0x1c0 build/usbd.o
 .text.process_get_descriptor
                0x080017c0       0xd4 build/usbd.o
 .text.tud_init
                0x08001894       0x98 build/usbd.o
                0x08001894                tud_init
 .text.dcd_event_handler
                0x0800192c      0x184 build/usbd.o
                0x0800192c                dcd_event_handler
 .text.dcd_event_bus_signal
                0x08001ab0       0x22 build/usbd.o
                0x08001ab0                dcd_event_bus_signal
 .text.dcd_event_bus_reset
                0x08001ad2       0x28 build/usbd.o
                0x08001ad2                dcd_event_bus_reset
 .text.dcd_event_setup_received
                0x08001afa       0x2c build/usbd.o
                0x08001afa                dcd_event_setup_received
 .text.dcd_event_xfer_complete
                0x08001b26       0x2e build/usbd.o
                0x08001b26                dcd_event_xfer_complete
 .text.usbd_edpt_open
                0x08001b54       0xe0 build/usbd.o
                0x08001b54                usbd_edpt_open
 .text.usbd_edpt_claim
                0x08001c34       0x54 build/usbd.o
                0x08001c34                usbd_edpt_claim
 .text.usbd_edpt_release
                0x08001c88       0x54 build/usbd.o
                0x08001c88                usbd_edpt_release
 .text.usbd_edpt_xfer
                0x08001cdc       0x74 build/usbd.o
                0x08001cdc                usbd_edpt_xfer
 .text.usbd_edpt_stall
                0x08001d50       0x34 build/usbd.o
                0x08001d50                usbd_edpt_stall
 .text.usbd_edpt_clear_stall
                0x08001d84       0x34 build/usbd.o
                0x08001d84                usbd_edpt_clear_stall
 .text.usbd_edpt_stalled
                0x08001db8       0x1c build/usbd.o
                0x08001db8                usbd_edpt_stalled
 .text.process_control_request
                0x08001dd4      0x3a4 build/usbd.o
 .text.tud_task
                0x08002178      0x244 build/usbd.o
                0x08002178                tud_task
 .text._data_stage_xact
                0x080023bc       0x54 build/usbd_control.o
 .text.tud_control_status
                0x08002410       0x34 build/usbd_control.o
                0x08002410                tud_control_status
 .text.tud_control_xfer
                0x08002444       0x90 build/usbd_control.o
                0x08002444                tud_control_xfer
 .text.usbd_control_reset
                0x080024d4       0x14 build/usbd_control.o
                0x080024d4                usbd_control_reset
 .text.usbd_control_set_complete_callback
                0x080024e8        0xc build/usbd_control.o
                0x080024e8                usbd_control_set_complete_callback
 .text.usbd_control_set_request
                0x080024f4       0x1c build/usbd_control.o
                0x080024f4                usbd_control_set_request
 .text.usbd_control_xfer_cb
                0x08002510       0xf8 build/usbd_control.o
                0x08002510                usbd_control_xfer_cb
 .text._prep_out_transaction
                0x08002608       0x42 build/midi_device.o
 .text.write_flush
                0x0800264a       0x66 build/midi_device.o
 .text.tud_midi_n_available
                0x080026b0       0x18 build/midi_device.o
                0x080026b0                tud_midi_n_available
 .text.tud_midi_n_receive
                0x080026c8       0x2c build/midi_device.o
                0x080026c8                tud_midi_n_receive
 .text.tud_midi_n_write
                0x080026f4      0x200 build/midi_device.o
                0x080026f4                tud_midi_n_write
 .text.midid_init
                0x080028f4       0x5c build/midi_device.o
                0x080028f4                midid_init
 .text.midid_reset
                0x08002950       0x34 build/midi_device.o
                0x08002950                midid_reset
 .text.midid_open
                0x08002984      0x11c build/midi_device.o
                0x08002984                midid_open
 .text.midid_control_xfer_cb
                0x08002aa0        0x4 build/midi_device.o
                0x08002aa0                midid_control_xfer_cb
 .text.midid_xfer_cb
                0x08002aa4       0xc0 build/midi_device.o
                0x08002aa4                midid_xfer_cb
 .text.advance_pointer
                0x08002b64       0x1a build/tusb_fifo.o
 .text.backward_pointer
                0x08002b7e       0x1c build/tusb_fifo.o
 .text.get_relative_pointer
                0x08002b9a       0x16 build/tusb_fifo.o
 .text._tu_fifo_peek_at
                0x08002bb0       0x60 build/tusb_fifo.o
 .text._ff_pull_n
                0x08002c10       0x4e build/tusb_fifo.o
 .text._tu_fifo_peek_at_n
                0x08002c5e       0x6e build/tusb_fifo.o
 .text._ff_push_n
                0x08002ccc       0x50 build/tusb_fifo.o
 .text.tu_fifo_config
                0x08002d1c       0x2c build/tusb_fifo.o
                0x08002d1c                tu_fifo_config
 .text.tu_fifo_count
                0x08002d48       0x20 build/tusb_fifo.o
                0x08002d48                tu_fifo_count
 .text.tu_fifo_remaining
                0x08002d68       0x22 build/tusb_fifo.o
                0x08002d68                tu_fifo_remaining
 .text.tu_fifo_read
                0x08002d8a       0x2e build/tusb_fifo.o
                0x08002d8a                tu_fifo_read
 .text.tu_fifo_read_n
                0x08002db8       0x32 build/tusb_fifo.o
                0x08002db8                tu_fifo_read_n
 .text.tu_fifo_write
                0x08002dea       0x4e build/tusb_fifo.o
                0x08002dea                tu_fifo_write
 .text.tu_fifo_write_n
                0x08002e38       0x70 build/tusb_fifo.o
                0x08002e38                tu_fifo_write_n
 .text.tu_fifo_clear
                0x08002ea8       0x18 build/tusb_fifo.o
                0x08002ea8                tu_fifo_clear
 .text.update_grxfsiz
                0x08002ec0       0x34 build/dcd_synopsys.o
 .text.set_turnaround
                0x08002ef4       0xac build/dcd_synopsys.o
 .text.get_speed
                0x08002fa0       0x18 build/dcd_synopsys.o
 .text.set_speed
                0x08002fb8       0x24 build/dcd_synopsys.o
 .text.edpt_schedule_packets
                0x08002fdc      0x134 build/dcd_synopsys.o
 .text.dcd_edpt_disable
                0x08003110      0x134 build/dcd_synopsys.o
 .text.read_fifo_packet
                0x08003244       0x58 build/dcd_synopsys.o
 .text.write_fifo_packet
                0x0800329c       0x62 build/dcd_synopsys.o
 *fill*         0x080032fe        0x2 
 .text.handle_rxflvl_ints
                0x08003300       0xb4 build/dcd_synopsys.o
 .text.bus_reset
                0x080033b4       0x9c build/dcd_synopsys.o
 .text.handle_epout_ints
                0x08003450       0x9c build/dcd_synopsys.o
 .text.handle_epin_ints
                0x080034ec      0x120 build/dcd_synopsys.o
 .text.dcd_int_enable
                0x0800360c        0xc build/dcd_synopsys.o
                0x0800360c                dcd_int_enable
 .text.dcd_int_disable
                0x08003618       0x18 build/dcd_synopsys.o
                0x08003618                dcd_int_disable
 .text.dcd_connect
                0x08003630       0x10 build/dcd_synopsys.o
                0x08003630                dcd_connect
 .text.dcd_init
                0x08003640       0xa4 build/dcd_synopsys.o
                0x08003640                dcd_init
 .text.dcd_edpt_open
                0x080036e4      0x188 build/dcd_synopsys.o
                0x080036e4                dcd_edpt_open
 .text.dcd_edpt_xfer
                0x0800386c       0x84 build/dcd_synopsys.o
                0x0800386c                dcd_edpt_xfer
 .text.dcd_set_address
                0x080038f0       0x20 build/dcd_synopsys.o
                0x080038f0                dcd_set_address
 .text.dcd_edpt_stall
                0x08003910        0xa build/dcd_synopsys.o
                0x08003910                dcd_edpt_stall
 .text.dcd_edpt_clear_stall
                0x0800391a       0x6a build/dcd_synopsys.o
                0x0800391a                dcd_edpt_clear_stall
 .text.dcd_int_handler
                0x08003984      0x120 build/dcd_synopsys.o
                0x08003984                dcd_int_handler
 .text.tud_descriptor_device_cb
                0x08003aa4        0x8 build/usb_descriptors.o
                0x08003aa4                tud_descriptor_device_cb
 .text.tud_descriptor_configuration_cb
                0x08003aac        0x8 build/usb_descriptors.o
                0x08003aac                tud_descriptor_configuration_cb
 .text.tud_descriptor_string_cb
                0x08003ab4       0x58 build/usb_descriptors.o
                0x08003ab4                tud_descriptor_string_cb
 .text.Reset_Handler
                0x08003b0c       0x50 build/startup_stm32f407xx.o
                0x08003b0c                Reset_Handler
 .text.Default_Handler
                0x08003b5c        0x2 build/startup_stm32f407xx.o
                0x08003b5c                RTC_Alarm_IRQHandler
                0x08003b5c                HASH_RNG_IRQHandler
                0x08003b5c                EXTI2_IRQHandler
                0x08003b5c                TIM8_CC_IRQHandler
                0x08003b5c                TIM1_CC_IRQHandler
                0x08003b5c                DMA2_Stream5_IRQHandler
                0x08003b5c                DMA1_Stream5_IRQHandler
                0x08003b5c                PVD_IRQHandler
                0x08003b5c                SDIO_IRQHandler
                0x08003b5c                TAMP_STAMP_IRQHandler
                0x08003b5c                CAN2_RX1_IRQHandler
                0x08003b5c                EXTI3_IRQHandler
                0x08003b5c                TIM8_TRG_COM_TIM14_IRQHandler
                0x08003b5c                TIM1_UP_TIM10_IRQHandler
                0x08003b5c                TIM8_UP_TIM13_IRQHandler
                0x08003b5c                I2C3_ER_IRQHandler
                0x08003b5c                EXTI0_IRQHandler
                0x08003b5c                I2C2_EV_IRQHandler
                0x08003b5c                DMA1_Stream2_IRQHandler
                0x08003b5c                CAN1_RX0_IRQHandler
                0x08003b5c                FPU_IRQHandler
                0x08003b5c                OTG_HS_WKUP_IRQHandler
                0x08003b5c                CAN2_SCE_IRQHandler
                0x08003b5c                DMA2_Stream2_IRQHandler
                0x08003b5c                SPI1_IRQHandler
                0x08003b5c                TIM6_DAC_IRQHandler
                0x08003b5c                TIM1_BRK_TIM9_IRQHandler
                0x08003b5c                DCMI_IRQHandler
                0x08003b5c                CAN2_RX0_IRQHandler
                0x08003b5c                DMA2_Stream3_IRQHandler
                0x08003b5c                USART6_IRQHandler
                0x08003b5c                USART3_IRQHandler
                0x08003b5c                CAN1_RX1_IRQHandler
                0x08003b5c                UART5_IRQHandler
                0x08003b5c                DMA2_Stream0_IRQHandler
                0x08003b5c                TIM4_IRQHandler
                0x08003b5c                I2C1_EV_IRQHandler
                0x08003b5c                DMA1_Stream6_IRQHandler
                0x08003b5c                DMA1_Stream1_IRQHandler
                0x08003b5c                UART4_IRQHandler
                0x08003b5c                TIM3_IRQHandler
                0x08003b5c                RCC_IRQHandler
                0x08003b5c                TIM8_BRK_TIM12_IRQHandler
                0x08003b5c                Default_Handler
                0x08003b5c                EXTI15_10_IRQHandler
                0x08003b5c                ADC_IRQHandler
                0x08003b5c                DMA1_Stream7_IRQHandler
                0x08003b5c                TIM7_IRQHandler
                0x08003b5c                CAN2_TX_IRQHandler
                0x08003b5c                TIM5_IRQHandler
                0x08003b5c                DMA2_Stream7_IRQHandler
                0x08003b5c                I2C3_EV_IRQHandler
                0x08003b5c                EXTI9_5_IRQHandler
                0x08003b5c                RTC_WKUP_IRQHandler
                0x08003b5c                ETH_WKUP_IRQHandler
                0x08003b5c                SPI2_IRQHandler
                0x08003b5c                OTG_HS_EP1_IN_IRQHandler
                0x08003b5c                DMA1_Stream0_IRQHandler
                0x08003b5c                CAN1_TX_IRQHandler
                0x08003b5c                EXTI4_IRQHandler
                0x08003b5c                FSMC_IRQHandler
                0x08003b5c                ETH_IRQHandler
                0x08003b5c                OTG_HS_EP1_OUT_IRQHandler
                0x08003b5c                WWDG_IRQHandler
                0x08003b5c                TIM2_IRQHandler
                0x08003b5c                OTG_FS_WKUP_IRQHandler
                0x08003b5c                TIM1_TRG_COM_TIM11_IRQHandler
                0x08003b5c                OTG_HS_IRQHandler
                0x08003b5c                EXTI1_IRQHandler
                0x08003b5c                USART2_IRQHandler
                0x08003b5c                I2C2_ER_IRQHandler
                0x08003b5c                DMA2_Stream1_IRQHandler
                0x08003b5c                CAN1_SCE_IRQHandler
                0x08003b5c                FLASH_IRQHandler
                0x08003b5c                DMA2_Stream4_IRQHandler
                0x08003b5c                USART1_IRQHandler
                0x08003b5c                SPI3_IRQHandler
                0x08003b5c                DMA1_Stream4_IRQHandler
                0x08003b5c                I2C1_ER_IRQHandler
                0x08003b5c                DMA2_Stream6_IRQHandler
                0x08003b5c                DMA1_Stream3_IRQHandler
 *fill*         0x08003b5e        0x2 
 .text.__libc_init_array
                0x08003b60       0x48 c:/program files (x86)/gnu arm embedded toolchain/10 2020-q4-major/bin/../lib/gcc/arm-none-eabi/10.2.1/../../../../arm-none-eabi/lib/thumb/v7e-m+fp/hard\libc_nano.a(lib_a-init.o)
                0x08003b60                __libc_init_array
 .text.memcpy   0x08003ba8       0x1c c:/program files (x86)/gnu arm embedded toolchain/10 2020-q4-major/bin/../lib/gcc/arm-none-eabi/10.2.1/../../../../arm-none-eabi/lib/thumb/v7e-m+fp/hard\libc_nano.a(lib_a-memcpy-stub.o)
                0x08003ba8                memcpy
 .text.memset   0x08003bc4       0x10 c:/program files (x86)/gnu arm embedded toolchain/10 2020-q4-major/bin/../lib/gcc/arm-none-eabi/10.2.1/../../../../arm-none-eabi/lib/thumb/v7e-m+fp/hard\libc_nano.a(lib_a-memset.o)
                0x08003bc4                memset
 .text.printf   0x08003bd4       0x30 c:/program files (x86)/gnu arm embedded toolchain/10 2020-q4-major/bin/../lib/gcc/arm-none-eabi/10.2.1/../../../../arm-none-eabi/lib/thumb/v7e-m+fp/hard\libc_nano.a(lib_a-printf.o)
                0x08003bd4                iprintf
                0x08003bd4                printf
 .text.std      0x08003c04       0x48 c:/program files (x86)/gnu arm embedded toolchain/10 2020-q4-major/bin/../lib/gcc/arm-none-eabi/10.2.1/../../../../arm-none-eabi/lib/thumb/v7e-m+fp/hard\libc_nano.a(lib_a-findfp.o)
 .text._cleanup_r
                0x08003c4c        0xc c:/program files (x86)/gnu arm embedded toolchain/10 2020-q4-major/bin/../lib/gcc/arm-none-eabi/10.2.1/../../../../arm-none-eabi/lib/thumb/v7e-m+fp/hard\libc_nano.a(lib_a-findfp.o)
                0x08003c4c                _cleanup_r
 .text.__sfmoreglue
                0x08003c58       0x2c c:/program files (x86)/gnu arm embedded toolchain/10 2020-q4-major/bin/../lib/gcc/arm-none-eabi/10.2.1/../../../../arm-none-eabi/lib/thumb/v7e-m+fp/hard\libc_nano.a(lib_a-findfp.o)
                0x08003c58                __sfmoreglue
 .text.__sfp_lock_acquire
                0x08003c84        0xc c:/program files (x86)/gnu arm embedded toolchain/10 2020-q4-major/bin/../lib/gcc/arm-none-eabi/10.2.1/../../../../arm-none-eabi/lib/thumb/v7e-m+fp/hard\libc_nano.a(lib_a-findfp.o)
                0x08003c84                __sfp_lock_acquire
 .text.__sfp_lock_release
                0x08003c90        0xc c:/program files (x86)/gnu arm embedded toolchain/10 2020-q4-major/bin/../lib/gcc/arm-none-eabi/10.2.1/../../../../arm-none-eabi/lib/thumb/v7e-m+fp/hard\libc_nano.a(lib_a-findfp.o)
                0x08003c90                __sfp_lock_release
 .text.__sinit_lock_acquire
                0x08003c9c        0xc c:/program files (x86)/gnu arm embedded toolchain/10 2020-q4-major/bin/../lib/gcc/arm-none-eabi/10.2.1/../../../../arm-none-eabi/lib/thumb/v7e-m+fp/hard\libc_nano.a(lib_a-findfp.o)
                0x08003c9c                __sinit_lock_acquire
 .text.__sinit_lock_release
                0x08003ca8        0xc c:/program files (x86)/gnu arm embedded toolchain/10 2020-q4-major/bin/../lib/gcc/arm-none-eabi/10.2.1/../../../../arm-none-eabi/lib/thumb/v7e-m+fp/hard\libc_nano.a(lib_a-findfp.o)
                0x08003ca8                __sinit_lock_release
 .text.__sinit  0x08003cb4       0x70 c:/program files (x86)/gnu arm embedded toolchain/10 2020-q4-major/bin/../lib/gcc/arm-none-eabi/10.2.1/../../../../arm-none-eabi/lib/thumb/v7e-m+fp/hard\libc_nano.a(lib_a-findfp.o)
                0x08003cb4                __sinit
 .text.__sfp    0x08003d24       0x8c c:/program files (x86)/gnu arm embedded toolchain/10 2020-q4-major/bin/../lib/gcc/arm-none-eabi/10.2.1/../../../../arm-none-eabi/lib/thumb/v7e-m+fp/hard\libc_nano.a(lib_a-findfp.o)
                0x08003d24                __sfp
 .text._fwalk_reent
                0x08003db0       0x3e c:/program files (x86)/gnu arm embedded toolchain/10 2020-q4-major/bin/../lib/gcc/arm-none-eabi/10.2.1/../../../../arm-none-eabi/lib/thumb/v7e-m+fp/hard\libc_nano.a(lib_a-fwalk.o)
                0x08003db0                _fwalk_reent
 .text.__retarget_lock_init_recursive
                0x08003dee        0x2 c:/program files (x86)/gnu arm embedded toolchain/10 2020-q4-major/bin/../lib/gcc/arm-none-eabi/10.2.1/../../../../arm-none-eabi/lib/thumb/v7e-m+fp/hard\libc_nano.a(lib_a-lock.o)
                0x08003dee                __retarget_lock_init_recursive
 .text.__retarget_lock_acquire_recursive
                0x08003df0        0x2 c:/program files (x86)/gnu arm embedded toolchain/10 2020-q4-major/bin/../lib/gcc/arm-none-eabi/10.2.1/../../../../arm-none-eabi/lib/thumb/v7e-m+fp/hard\libc_nano.a(lib_a-lock.o)
                0x08003df0                __retarget_lock_acquire_recursive
 .text.__retarget_lock_release_recursive
                0x08003df2        0x2 c:/program files (x86)/gnu arm embedded toolchain/10 2020-q4-major/bin/../lib/gcc/arm-none-eabi/10.2.1/../../../../arm-none-eabi/lib/thumb/v7e-m+fp/hard\libc_nano.a(lib_a-lock.o)
                0x08003df2                __retarget_lock_release_recursive
 .text._malloc_r
                0x08003df4       0xb4 c:/program files (x86)/gnu arm embedded toolchain/10 2020-q4-major/bin/../lib/gcc/arm-none-eabi/10.2.1/../../../../arm-none-eabi/lib/thumb/v7e-m+fp/hard\libc_nano.a(lib_a-nano-mallocr.o)
                0x08003df4                _malloc_r
 .text.__sfputc_r
                0x08003ea8       0x2e c:/program files (x86)/gnu arm embedded toolchain/10 2020-q4-major/bin/../lib/gcc/arm-none-eabi/10.2.1/../../../../arm-none-eabi/lib/thumb/v7e-m+fp/hard\libc_nano.a(lib_a-nano-vfprintf.o)
 .text.__sfputs_r
                0x08003ed6       0x24 c:/program files (x86)/gnu arm embedded toolchain/10 2020-q4-major/bin/../lib/gcc/arm-none-eabi/10.2.1/../../../../arm-none-eabi/lib/thumb/v7e-m+fp/hard\libc_nano.a(lib_a-nano-vfprintf.o)
                0x08003ed6                __sfputs_r
 *fill*         0x08003efa        0x2 
 .text._vfprintf_r
                0x08003efc      0x260 c:/program files (x86)/gnu arm embedded toolchain/10 2020-q4-major/bin/../lib/gcc/arm-none-eabi/10.2.1/../../../../arm-none-eabi/lib/thumb/v7e-m+fp/hard\libc_nano.a(lib_a-nano-vfprintf.o)
                0x08003efc                _vfprintf_r
                0x08003efc                _vfiprintf_r
 .text._printf_common
                0x0800415c       0xda c:/program files (x86)/gnu arm embedded toolchain/10 2020-q4-major/bin/../lib/gcc/arm-none-eabi/10.2.1/../../../../arm-none-eabi/lib/thumb/v7e-m+fp/hard\libc_nano.a(lib_a-nano-vfprintf_i.o)
                0x0800415c                _printf_common
 *fill*         0x08004236        0x2 
 .text._printf_i
                0x08004238      0x24c c:/program files (x86)/gnu arm embedded toolchain/10 2020-q4-major/bin/../lib/gcc/arm-none-eabi/10.2.1/../../../../arm-none-eabi/lib/thumb/v7e-m+fp/hard\libc_nano.a(lib_a-nano-vfprintf_i.o)
                0x08004238                _printf_i
 .text._sbrk_r  0x08004484       0x20 c:/program files (x86)/gnu arm embedded toolchain/10 2020-q4-major/bin/../lib/gcc/arm-none-eabi/10.2.1/../../../../arm-none-eabi/lib/thumb/v7e-m+fp/hard\libc_nano.a(lib_a-sbrkr.o)
                0x08004484                _sbrk_r
 .text.__sread  0x080044a4       0x22 c:/program files (x86)/gnu arm embedded toolchain/10 2020-q4-major/bin/../lib/gcc/arm-none-eabi/10.2.1/../../../../arm-none-eabi/lib/thumb/v7e-m+fp/hard\libc_nano.a(lib_a-stdio.o)
                0x080044a4                __sread
 .text.__swrite
                0x080044c6       0x38 c:/program files (x86)/gnu arm embedded toolchain/10 2020-q4-major/bin/../lib/gcc/arm-none-eabi/10.2.1/../../../../arm-none-eabi/lib/thumb/v7e-m+fp/hard\libc_nano.a(lib_a-stdio.o)
                0x080044c6                __swrite
 .text.__sseek  0x080044fe       0x24 c:/program files (x86)/gnu arm embedded toolchain/10 2020-q4-major/bin/../lib/gcc/arm-none-eabi/10.2.1/../../../../arm-none-eabi/lib/thumb/v7e-m+fp/hard\libc_nano.a(lib_a-stdio.o)
                0x080044fe                __sseek
 .text.__sclose
                0x08004522        0x8 c:/program files (x86)/gnu arm embedded toolchain/10 2020-q4-major/bin/../lib/gcc/arm-none-eabi/10.2.1/../../../../arm-none-eabi/lib/thumb/v7e-m+fp/hard\libc_nano.a(lib_a-stdio.o)
                0x08004522                __sclose
 *fill*         0x0800452a        0x2 
 .text.__swbuf_r
                0x0800452c       0xa4 c:/program files (x86)/gnu arm embedded toolchain/10 2020-q4-major/bin/../lib/gcc/arm-none-eabi/10.2.1/../../../../arm-none-eabi/lib/thumb/v7e-m+fp/hard\libc_nano.a(lib_a-wbuf.o)
                0x0800452c                __swbuf_r
 .text._write_r
                0x080045d0       0x24 c:/program files (x86)/gnu arm embedded toolchain/10 2020-q4-major/bin/../lib/gcc/arm-none-eabi/10.2.1/../../../../arm-none-eabi/lib/thumb/v7e-m+fp/hard\libc_nano.a(lib_a-writer.o)
                0x080045d0                _write_r
 .text.__swsetup_r
                0x080045f4       0xdc c:/program files (x86)/gnu arm embedded toolchain/10 2020-q4-major/bin/../lib/gcc/arm-none-eabi/10.2.1/../../../../arm-none-eabi/lib/thumb/v7e-m+fp/hard\libc_nano.a(lib_a-wsetup.o)
                0x080045f4                __swsetup_r
 .text._close_r
                0x080046d0       0x20 c:/program files (x86)/gnu arm embedded toolchain/10 2020-q4-major/bin/../lib/gcc/arm-none-eabi/10.2.1/../../../../arm-none-eabi/lib/thumb/v7e-m+fp/hard\libc_nano.a(lib_a-closer.o)
                0x080046d0                _close_r
 .text.__sflush_r
                0x080046f0      0x10c c:/program files (x86)/gnu arm embedded toolchain/10 2020-q4-major/bin/../lib/gcc/arm-none-eabi/10.2.1/../../../../arm-none-eabi/lib/thumb/v7e-m+fp/hard\libc_nano.a(lib_a-fflush.o)
                0x080046f0                __sflush_r
 .text._fflush_r
                0x080047fc       0x78 c:/program files (x86)/gnu arm embedded toolchain/10 2020-q4-major/bin/../lib/gcc/arm-none-eabi/10.2.1/../../../../arm-none-eabi/lib/thumb/v7e-m+fp/hard\libc_nano.a(lib_a-fflush.o)
                0x080047fc                _fflush_r
 .text._lseek_r
                0x08004874       0x24 c:/program files (x86)/gnu arm embedded toolchain/10 2020-q4-major/bin/../lib/gcc/arm-none-eabi/10.2.1/../../../../arm-none-eabi/lib/thumb/v7e-m+fp/hard\libc_nano.a(lib_a-lseekr.o)
                0x08004874                _lseek_r
 .text.__swhatbuf_r
                0x08004898       0x4a c:/program files (x86)/gnu arm embedded toolchain/10 2020-q4-major/bin/../lib/gcc/arm-none-eabi/10.2.1/../../../../arm-none-eabi/lib/thumb/v7e-m+fp/hard\libc_nano.a(lib_a-makebuf.o)
                0x08004898                __swhatbuf_r
 *fill*         0x080048e2        0x2 
 .text.__smakebuf_r
                0x080048e4       0x80 c:/program files (x86)/gnu arm embedded toolchain/10 2020-q4-major/bin/../lib/gcc/arm-none-eabi/10.2.1/../../../../arm-none-eabi/lib/thumb/v7e-m+fp/hard\libc_nano.a(lib_a-makebuf.o)
                0x080048e4                __smakebuf_r
 .text.__malloc_lock
                0x08004964        0xc c:/program files (x86)/gnu arm embedded toolchain/10 2020-q4-major/bin/../lib/gcc/arm-none-eabi/10.2.1/../../../../arm-none-eabi/lib/thumb/v7e-m+fp/hard\libc_nano.a(lib_a-mlock.o)
                0x08004964                __malloc_lock
 .text.__malloc_unlock
                0x08004970        0xc c:/program files (x86)/gnu arm embedded toolchain/10 2020-q4-major/bin/../lib/gcc/arm-none-eabi/10.2.1/../../../../arm-none-eabi/lib/thumb/v7e-m+fp/hard\libc_nano.a(lib_a-mlock.o)
                0x08004970                __malloc_unlock
 .text._free_r  0x0800497c       0x98 c:/program files (x86)/gnu arm embedded toolchain/10 2020-q4-major/bin/../lib/gcc/arm-none-eabi/10.2.1/../../../../arm-none-eabi/lib/thumb/v7e-m+fp/hard\libc_nano.a(lib_a-nano-freer.o)
                0x0800497c                _free_r
 .text._read_r  0x08004a14       0x24 c:/program files (x86)/gnu arm embedded toolchain/10 2020-q4-major/bin/../lib/gcc/arm-none-eabi/10.2.1/../../../../arm-none-eabi/lib/thumb/v7e-m+fp/hard\libc_nano.a(lib_a-readr.o)
                0x08004a14                _read_r
 .text._fstat_r
                0x08004a38       0x24 c:/program files (x86)/gnu arm embedded toolchain/10 2020-q4-major/bin/../lib/gcc/arm-none-eabi/10.2.1/../../../../arm-none-eabi/lib/thumb/v7e-m+fp/hard\libc_nano.a(lib_a-fstatr.o)
                0x08004a38                _fstat_r
 .text._isatty_r
                0x08004a5c       0x20 c:/program files (x86)/gnu arm embedded toolchain/10 2020-q4-major/bin/../lib/gcc/arm-none-eabi/10.2.1/../../../../arm-none-eabi/lib/thumb/v7e-m+fp/hard\libc_nano.a(lib_a-isattyr.o)
                0x08004a5c                _isatty_r
 .text._close   0x08004a7c       0x10 c:/program files (x86)/gnu arm embedded toolchain/10 2020-q4-major/bin/../lib/gcc/arm-none-eabi/10.2.1/../../../../arm-none-eabi/lib/thumb/v7e-m+fp/hard\libnosys.a(close.o)
                0x08004a7c                _close
 .text._fstat   0x08004a8c       0x10 c:/program files (x86)/gnu arm embedded toolchain/10 2020-q4-major/bin/../lib/gcc/arm-none-eabi/10.2.1/../../../../arm-none-eabi/lib/thumb/v7e-m+fp/hard\libnosys.a(fstat.o)
                0x08004a8c                _fstat
 .text._isatty  0x08004a9c       0x10 c:/program files (x86)/gnu arm embedded toolchain/10 2020-q4-major/bin/../lib/gcc/arm-none-eabi/10.2.1/../../../../arm-none-eabi/lib/thumb/v7e-m+fp/hard\libnosys.a(isatty.o)
                0x08004a9c                _isatty
 .text._lseek   0x08004aac       0x10 c:/program files (x86)/gnu arm embedded toolchain/10 2020-q4-major/bin/../lib/gcc/arm-none-eabi/10.2.1/../../../../arm-none-eabi/lib/thumb/v7e-m+fp/hard\libnosys.a(lseek.o)
                0x08004aac                _lseek
 .text._read    0x08004abc       0x10 c:/program files (x86)/gnu arm embedded toolchain/10 2020-q4-major/bin/../lib/gcc/arm-none-eabi/10.2.1/../../../../arm-none-eabi/lib/thumb/v7e-m+fp/hard\libnosys.a(read.o)
                0x08004abc                _read
 .text._sbrk    0x08004acc       0x1c c:/program files (x86)/gnu arm embedded toolchain/10 2020-q4-major/bin/../lib/gcc/arm-none-eabi/10.2.1/../../../../arm-none-eabi/lib/thumb/v7e-m+fp/hard\libnosys.a(sbrk.o)
                0x08004acc                _sbrk
 .text._write   0x08004ae8       0x10 c:/program files (x86)/gnu arm embedded toolchain/10 2020-q4-major/bin/../lib/gcc/arm-none-eabi/10.2.1/../../../../arm-none-eabi/lib/thumb/v7e-m+fp/hard\libnosys.a(write.o)
                0x08004ae8                _write
 *(.glue_7)
 .glue_7        0x08004af8        0x0 linker stubs
 *(.glue_7t)
 .glue_7t       0x08004af8        0x0 linker stubs
 *(.eh_frame)
 .eh_frame      0x08004af8        0x0 c:/program files (x86)/gnu arm embedded toolchain/10 2020-q4-major/bin/../lib/gcc/arm-none-eabi/10.2.1/thumb/v7e-m+fp/hard/crtbegin.o
 *(.init)
 .init          0x08004af8        0x4 c:/program files (x86)/gnu arm embedded toolchain/10 2020-q4-major/bin/../lib/gcc/arm-none-eabi/10.2.1/thumb/v7e-m+fp/hard/crti.o
                0x08004af8                _init
 .init          0x08004afc        0x8 c:/program files (x86)/gnu arm embedded toolchain/10 2020-q4-major/bin/../lib/gcc/arm-none-eabi/10.2.1/thumb/v7e-m+fp/hard/crtn.o
 *(.fini)
 .fini          0x08004b04        0x4 c:/program files (x86)/gnu arm embedded toolchain/10 2020-q4-major/bin/../lib/gcc/arm-none-eabi/10.2.1/thumb/v7e-m+fp/hard/crti.o
                0x08004b04                _fini
 .fini          0x08004b08        0x8 c:/program files (x86)/gnu arm embedded toolchain/10 2020-q4-major/bin/../lib/gcc/arm-none-eabi/10.2.1/thumb/v7e-m+fp/hard/crtn.o
                0x08004b10                . = ALIGN (0x4)
                0x08004b10                _etext = .

.vfp11_veneer   0x08004b10        0x0
 .vfp11_veneer  0x08004b10        0x0 linker stubs

.v4_bx          0x08004b10        0x0
 .v4_bx         0x08004b10        0x0 linker stubs

.iplt           0x08004b10        0x0
 .iplt          0x08004b10        0x0 c:/program files (x86)/gnu arm embedded toolchain/10 2020-q4-major/bin/../lib/gcc/arm-none-eabi/10.2.1/thumb/v7e-m+fp/hard/crtbegin.o

.rodata         0x08004b10      0x1ac
                0x08004b10                . = ALIGN (0x4)
 *(.rodata)
 *(.rodata*)
 .rodata.tud_mount_cb.str1.4
                0x08004b10        0xf build/main.o
 *fill*         0x08004b1f        0x1 
 .rodata.tud_umount_cb.str1.4
                0x08004b20       0x11 build/main.o
 *fill*         0x08004b31        0x3 
 .rodata.tud_suspend_cb.str1.4
                0x08004b34        0xe build/main.o
 *fill*         0x08004b42        0x2 
 .rodata.tud_resume_cb.str1.4
                0x08004b44        0xf build/main.o
 *fill*         0x08004b53        0x1 
 .rodata.AHBPrescTable
                0x08004b54       0x10 build/system_stm32f4xx.o
                0x08004b54                AHBPrescTable
 .rodata._usbd_driver
                0x08004b64       0x18 build/usbd.o
 .rodata.dcd_init.str1.4
                0x08004b7c        0x5 build/dcd_synopsys.o
 *fill*         0x08004b81        0x3 
 .rodata.str1.4
                0x08004b84       0x1f build/usb_descriptors.o
 *fill*         0x08004ba3        0x1 
 .rodata.__compound_literal.0
                0x08004ba4        0x2 build/usb_descriptors.o
 *fill*         0x08004ba6        0x2 
 .rodata.desc_device
                0x08004ba8       0x12 build/usb_descriptors.o
                0x08004ba8                desc_device
 *fill*         0x08004bba        0x2 
 .rodata.desc_fs_configuration
                0x08004bbc       0x65 build/usb_descriptors.o
                0x08004bbc                desc_fs_configuration
 *fill*         0x08004c21        0x3 
 .rodata._global_impure_ptr
                0x08004c24        0x4 c:/program files (x86)/gnu arm embedded toolchain/10 2020-q4-major/bin/../lib/gcc/arm-none-eabi/10.2.1/../../../../arm-none-eabi/lib/thumb/v7e-m+fp/hard\libc_nano.a(lib_a-impure.o)
                0x08004c24                _global_impure_ptr
 .rodata.__sf_fake_stderr
                0x08004c28       0x20 c:/program files (x86)/gnu arm embedded toolchain/10 2020-q4-major/bin/../lib/gcc/arm-none-eabi/10.2.1/../../../../arm-none-eabi/lib/thumb/v7e-m+fp/hard\libc_nano.a(lib_a-findfp.o)
                0x08004c28                __sf_fake_stderr
 .rodata.__sf_fake_stdin
                0x08004c48       0x20 c:/program files (x86)/gnu arm embedded toolchain/10 2020-q4-major/bin/../lib/gcc/arm-none-eabi/10.2.1/../../../../arm-none-eabi/lib/thumb/v7e-m+fp/hard\libc_nano.a(lib_a-findfp.o)
                0x08004c48                __sf_fake_stdin
 .rodata.__sf_fake_stdout
                0x08004c68       0x20 c:/program files (x86)/gnu arm embedded toolchain/10 2020-q4-major/bin/../lib/gcc/arm-none-eabi/10.2.1/../../../../arm-none-eabi/lib/thumb/v7e-m+fp/hard\libc_nano.a(lib_a-findfp.o)
                0x08004c68                __sf_fake_stdout
 .rodata._vfprintf_r.str1.1
                0x08004c88       0x11 c:/program files (x86)/gnu arm embedded toolchain/10 2020-q4-major/bin/../lib/gcc/arm-none-eabi/10.2.1/../../../../arm-none-eabi/lib/thumb/v7e-m+fp/hard\libc_nano.a(lib_a-nano-vfprintf.o)
 .rodata._printf_i.str1.1
                0x08004c99       0x22 c:/program files (x86)/gnu arm embedded toolchain/10 2020-q4-major/bin/../lib/gcc/arm-none-eabi/10.2.1/../../../../arm-none-eabi/lib/thumb/v7e-m+fp/hard\libc_nano.a(lib_a-nano-vfprintf_i.o)
                0x08004cbc                . = ALIGN (0x4)
 *fill*         0x08004cbb        0x1 

.ARM.extab
 *(.ARM.extab* .gnu.linkonce.armextab.*)

.ARM            0x08004cbc        0x8
                0x08004cbc                __exidx_start = .
 *(.ARM.exidx*)
 .ARM.exidx     0x08004cbc        0x8 c:/program files (x86)/gnu arm embedded toolchain/10 2020-q4-major/bin/../lib/gcc/arm-none-eabi/10.2.1/thumb/v7e-m+fp/hard\libgcc.a(_udivmoddi4.o)
                0x08004cc4                __exidx_end = .

.rel.dyn        0x08004cc4        0x0
 .rel.iplt      0x08004cc4        0x0 c:/program files (x86)/gnu arm embedded toolchain/10 2020-q4-major/bin/../lib/gcc/arm-none-eabi/10.2.1/thumb/v7e-m+fp/hard/crtbegin.o

.preinit_array  0x08004cc4        0x0
                0x08004cc4                PROVIDE (__preinit_array_start = .)
 *(.preinit_array*)
                0x08004cc4                PROVIDE (__preinit_array_end = .)

.init_array     0x08004cc4        0x4
                0x08004cc4                PROVIDE (__init_array_start = .)
 *(SORT_BY_NAME(.init_array.*))
 *(.init_array*)
 .init_array    0x08004cc4        0x4 c:/program files (x86)/gnu arm embedded toolchain/10 2020-q4-major/bin/../lib/gcc/arm-none-eabi/10.2.1/thumb/v7e-m+fp/hard/crtbegin.o
                0x08004cc8                PROVIDE (__init_array_end = .)

.fini_array     0x08004cc8        0x4
                [!provide]                PROVIDE (__fini_array_start = .)
 *(SORT_BY_NAME(.fini_array.*))
 *(.fini_array*)
 .fini_array    0x08004cc8        0x4 c:/program files (x86)/gnu arm embedded toolchain/10 2020-q4-major/bin/../lib/gcc/arm-none-eabi/10.2.1/thumb/v7e-m+fp/hard/crtbegin.o
                [!provide]                PROVIDE (__fini_array_end = .)
                0x08004ccc                _sidata = LOADADDR (.data)

.data           0x20000000       0xd8 load address 0x08004ccc
                0x20000000                . = ALIGN (0x4)
                0x20000000                _sdata = .
 *(.data)
 *(.data*)
 .data.note_sequence
                0x20000000       0x40 build/main.o
                0x20000000                note_sequence
 .data.uwTickFreq
                0x20000040        0x1 build/stm32f4xx_hal.o
                0x20000040                uwTickFreq
 *fill*         0x20000041        0x3 
 .data.uwTickPrio
                0x20000044        0x4 build/stm32f4xx_hal.o
                0x20000044                uwTickPrio
 .data.SystemCoreClock
                0x20000048        0x4 build/system_stm32f4xx.o
                0x20000048                SystemCoreClock
 .data._usbd_qdef
                0x2000004c       0x18 build/usbd.o
                0x2000004c                _usbd_qdef
 .data.string_desc_arr
                0x20000064       0x10 build/usb_descriptors.o
                0x20000064                string_desc_arr
 .data._impure_ptr
                0x20000074        0x4 c:/program files (x86)/gnu arm embedded toolchain/10 2020-q4-major/bin/../lib/gcc/arm-none-eabi/10.2.1/../../../../arm-none-eabi/lib/thumb/v7e-m+fp/hard\libc_nano.a(lib_a-impure.o)
                0x20000074                _impure_ptr
 .data.impure_data
                0x20000078       0x60 c:/program files (x86)/gnu arm embedded toolchain/10 2020-q4-major/bin/../lib/gcc/arm-none-eabi/10.2.1/../../../../arm-none-eabi/lib/thumb/v7e-m+fp/hard\libc_nano.a(lib_a-impure.o)
                0x200000d8                . = ALIGN (0x4)
                0x200000d8                _edata = .
                0x08004da4                _siccmram = LOADADDR (.ccmram)

.igot.plt       0x200000d8        0x0 load address 0x08004da4
 .igot.plt      0x200000d8        0x0 c:/program files (x86)/gnu arm embedded toolchain/10 2020-q4-major/bin/../lib/gcc/arm-none-eabi/10.2.1/thumb/v7e-m+fp/hard/crtbegin.o

.ccmram         0x10000000        0x0 load address 0x08004da4
                0x10000000                . = ALIGN (0x4)
                0x10000000                _sccmram = .
 *(.ccmram)
 *(.ccmram*)
                0x10000000                . = ALIGN (0x4)
                0x10000000                _eccmram = .
                0x10000000                . = ALIGN (0x4)

.bss            0x200000d8      0x37c
                0x200000d8                _sbss = .
                0x200000d8                __bss_start__ = _sbss
 *(.bss)
 .bss           0x200000d8       0x1c c:/program files (x86)/gnu arm embedded toolchain/10 2020-q4-major/bin/../lib/gcc/arm-none-eabi/10.2.1/thumb/v7e-m+fp/hard/crtbegin.o
 *(.bss*)
 .bss.note_pos  0x200000f4        0x4 build/main.o
                0x200000f4                note_pos
 .bss.uwTick    0x200000f8        0x4 build/stm32f4xx_hal.o
                0x200000f8                uwTick
 .bss._initialized
                0x200000fc        0x1 build/tusb.o
 *fill*         0x200000fd        0x3 
 .bss._app_driver
                0x20000100        0x4 build/usbd.o
 .bss._app_driver_count
                0x20000104        0x1 build/usbd.o
 *fill*         0x20000105        0x3 
 .bss._usbd_dev
                0x20000108       0x37 build/usbd.o
 *fill*         0x2000013f        0x1 
 .bss._usbd_q   0x20000140        0x4 build/usbd.o
 .bss._usbd_qdef_buf
                0x20000144       0xc0 build/usbd.o
                0x20000144                _usbd_qdef_buf
 .bss._ctrl_xfer
                0x20000204       0x14 build/usbd_control.o
 .bss._usbd_ctrl_buf
                0x20000218       0x40 build/usbd_control.o
 .bss._midid_itf
                0x20000258      0x138 build/midi_device.o
                0x20000258                _midid_itf
 .bss._allocated_fifo_words_tx
                0x20000390        0x2 build/dcd_synopsys.o
 .bss._out_ep_closed
                0x20000392        0x1 build/dcd_synopsys.o
 *fill*         0x20000393        0x1 
 .bss._setup_packet
                0x20000394        0x8 build/dcd_synopsys.o
 .bss.ep0_pending
                0x2000039c        0x4 build/dcd_synopsys.o
 .bss.xfer_status
                0x200003a0       0x60 build/dcd_synopsys.o
                0x200003a0                xfer_status
 .bss._desc_str
                0x20000400       0x40 build/usb_descriptors.o
 .bss.__lock___malloc_recursive_mutex
                0x20000440        0x1 c:/program files (x86)/gnu arm embedded toolchain/10 2020-q4-major/bin/../lib/gcc/arm-none-eabi/10.2.1/../../../../arm-none-eabi/lib/thumb/v7e-m+fp/hard\libc_nano.a(lib_a-lock.o)
                0x20000440                __lock___malloc_recursive_mutex
 .bss.__lock___sfp_recursive_mutex
                0x20000441        0x1 c:/program files (x86)/gnu arm embedded toolchain/10 2020-q4-major/bin/../lib/gcc/arm-none-eabi/10.2.1/../../../../arm-none-eabi/lib/thumb/v7e-m+fp/hard\libc_nano.a(lib_a-lock.o)
                0x20000441                __lock___sfp_recursive_mutex
 .bss.__lock___sinit_recursive_mutex
                0x20000442        0x1 c:/program files (x86)/gnu arm embedded toolchain/10 2020-q4-major/bin/../lib/gcc/arm-none-eabi/10.2.1/../../../../arm-none-eabi/lib/thumb/v7e-m+fp/hard\libc_nano.a(lib_a-lock.o)
                0x20000442                __lock___sinit_recursive_mutex
 *fill*         0x20000443        0x1 
 .bss.__malloc_free_list
                0x20000444        0x4 c:/program files (x86)/gnu arm embedded toolchain/10 2020-q4-major/bin/../lib/gcc/arm-none-eabi/10.2.1/../../../../arm-none-eabi/lib/thumb/v7e-m+fp/hard\libc_nano.a(lib_a-nano-mallocr.o)
                0x20000444                __malloc_free_list
 .bss.__malloc_sbrk_start
                0x20000448        0x4 c:/program files (x86)/gnu arm embedded toolchain/10 2020-q4-major/bin/../lib/gcc/arm-none-eabi/10.2.1/../../../../arm-none-eabi/lib/thumb/v7e-m+fp/hard\libc_nano.a(lib_a-nano-mallocr.o)
                0x20000448                __malloc_sbrk_start
 .bss.errno     0x2000044c        0x4 c:/program files (x86)/gnu arm embedded toolchain/10 2020-q4-major/bin/../lib/gcc/arm-none-eabi/10.2.1/../../../../arm-none-eabi/lib/thumb/v7e-m+fp/hard\libc_nano.a(lib_a-reent.o)
                0x2000044c                errno
 .bss.heap_end.0
                0x20000450        0x4 c:/program files (x86)/gnu arm embedded toolchain/10 2020-q4-major/bin/../lib/gcc/arm-none-eabi/10.2.1/../../../../arm-none-eabi/lib/thumb/v7e-m+fp/hard\libnosys.a(sbrk.o)
 *(COMMON)
                0x20000454                . = ALIGN (0x4)
                0x20000454                _ebss = .
                0x20000454                __bss_end__ = _ebss

._user_heap_stack
                0x20000454      0x604
                0x20000458                . = ALIGN (0x8)
 *fill*         0x20000454        0x4 
                0x20000458                PROVIDE (end = .)
                [!provide]                PROVIDE (_end = .)
                0x20000658                . = (. + _Min_Heap_Size)
 *fill*         0x20000458      0x200 
                0x20000a58                . = (. + _Min_Stack_Size)
 *fill*         0x20000658      0x400 
                0x20000a58                . = ALIGN (0x8)

/DISCARD/
 libc.a(*)
 libm.a(*)
 libgcc.a(*)

.ARM.attributes
                0x00000000       0x30
 *(.ARM.attributes)
 .ARM.attributes
                0x00000000       0x1e c:/program files (x86)/gnu arm embedded toolchain/10 2020-q4-major/bin/../lib/gcc/arm-none-eabi/10.2.1/thumb/v7e-m+fp/hard/crti.o
 .ARM.attributes
                0x0000001e       0x34 c:/program files (x86)/gnu arm embedded toolchain/10 2020-q4-major/bin/../lib/gcc/arm-none-eabi/10.2.1/thumb/v7e-m+fp/hard/crtbegin.o
 .ARM.attributes
                0x00000052       0x34 build/main.o
 .ARM.attributes
                0x00000086       0x34 build/stm32f4xx_it.o
 .ARM.attributes
                0x000000ba       0x34 build/stm32f4xx_hal_msp.o
 .ARM.attributes
                0x000000ee       0x34 build/stm32f4xx_hal_rcc.o
 .ARM.attributes
                0x00000122       0x34 build/stm32f4xx_hal_rcc_ex.o
 .ARM.attributes
                0x00000156       0x34 build/stm32f4xx_hal_gpio.o
 .ARM.attributes
                0x0000018a       0x34 build/stm32f4xx_hal_cortex.o
 .ARM.attributes
                0x000001be       0x34 build/stm32f4xx_hal.o
 .ARM.attributes
                0x000001f2       0x34 build/system_stm32f4xx.o
 .ARM.attributes
                0x00000226       0x34 build/tusb.o
 .ARM.attributes
                0x0000025a       0x34 build/usbd.o
 .ARM.attributes
                0x0000028e       0x34 build/usbd_control.o
 .ARM.attributes
                0x000002c2       0x34 build/midi_device.o
 .ARM.attributes
                0x000002f6       0x34 build/tusb_fifo.o
 .ARM.attributes
                0x0000032a       0x34 build/dcd_synopsys.o
 .ARM.attributes
                0x0000035e       0x34 build/usb_descriptors.o
 .ARM.attributes
                0x00000392       0x21 build/startup_stm32f407xx.o
 .ARM.attributes
                0x000003b3       0x32 c:/program files (x86)/gnu arm embedded toolchain/10 2020-q4-major/bin/../lib/gcc/arm-none-eabi/10.2.1/../../../../arm-none-eabi/lib/thumb/v7e-m+fp/hard\libc_nano.a(lib_a-impure.o)
 .ARM.attributes
                0x000003e5       0x34 c:/program files (x86)/gnu arm embedded toolchain/10 2020-q4-major/bin/../lib/gcc/arm-none-eabi/10.2.1/../../../../arm-none-eabi/lib/thumb/v7e-m+fp/hard\libc_nano.a(lib_a-init.o)
 .ARM.attributes
                0x00000419       0x34 c:/program files (x86)/gnu arm embedded toolchain/10 2020-q4-major/bin/../lib/gcc/arm-none-eabi/10.2.1/../../../../arm-none-eabi/lib/thumb/v7e-m+fp/hard\libc_nano.a(lib_a-memcpy-stub.o)
 .ARM.attributes
                0x0000044d       0x34 c:/program files (x86)/gnu arm embedded toolchain/10 2020-q4-major/bin/../lib/gcc/arm-none-eabi/10.2.1/../../../../arm-none-eabi/lib/thumb/v7e-m+fp/hard\libc_nano.a(lib_a-memset.o)
 .ARM.attributes
                0x00000481       0x34 c:/program files (x86)/gnu arm embedded toolchain/10 2020-q4-major/bin/../lib/gcc/arm-none-eabi/10.2.1/../../../../arm-none-eabi/lib/thumb/v7e-m+fp/hard\libc_nano.a(lib_a-printf.o)
 .ARM.attributes
                0x000004b5       0x17 c:/program files (x86)/gnu arm embedded toolchain/10 2020-q4-major/bin/../lib/gcc/arm-none-eabi/10.2.1/../../../../arm-none-eabi/lib/thumb/v7e-m+fp/hard\libc_nano.a(lib_a-strlen.o)
 .ARM.attributes
                0x000004cc       0x34 c:/program files (x86)/gnu arm embedded toolchain/10 2020-q4-major/bin/../lib/gcc/arm-none-eabi/10.2.1/../../../../arm-none-eabi/lib/thumb/v7e-m+fp/hard\libc_nano.a(lib_a-findfp.o)
 .ARM.attributes
                0x00000500       0x34 c:/program files (x86)/gnu arm embedded toolchain/10 2020-q4-major/bin/../lib/gcc/arm-none-eabi/10.2.1/../../../../arm-none-eabi/lib/thumb/v7e-m+fp/hard\libc_nano.a(lib_a-fwalk.o)
 .ARM.attributes
                0x00000534       0x34 c:/program files (x86)/gnu arm embedded toolchain/10 2020-q4-major/bin/../lib/gcc/arm-none-eabi/10.2.1/../../../../arm-none-eabi/lib/thumb/v7e-m+fp/hard\libc_nano.a(lib_a-lock.o)
 .ARM.attributes
                0x00000568       0x34 c:/program files (x86)/gnu arm embedded toolchain/10 2020-q4-major/bin/../lib/gcc/arm-none-eabi/10.2.1/../../../../arm-none-eabi/lib/thumb/v7e-m+fp/hard\libc_nano.a(lib_a-nano-mallocr.o)
 .ARM.attributes
                0x0000059c       0x34 c:/program files (x86)/gnu arm embedded toolchain/10 2020-q4-major/bin/../lib/gcc/arm-none-eabi/10.2.1/../../../../arm-none-eabi/lib/thumb/v7e-m+fp/hard\libc_nano.a(lib_a-nano-vfprintf.o)
 .ARM.attributes
                0x000005d0       0x34 c:/program files (x86)/gnu arm embedded toolchain/10 2020-q4-major/bin/../lib/gcc/arm-none-eabi/10.2.1/../../../../arm-none-eabi/lib/thumb/v7e-m+fp/hard\libc_nano.a(lib_a-nano-vfprintf_i.o)
 .ARM.attributes
                0x00000604       0x34 c:/program files (x86)/gnu arm embedded toolchain/10 2020-q4-major/bin/../lib/gcc/arm-none-eabi/10.2.1/../../../../arm-none-eabi/lib/thumb/v7e-m+fp/hard\libc_nano.a(lib_a-sbrkr.o)
 .ARM.attributes
                0x00000638       0x34 c:/program files (x86)/gnu arm embedded toolchain/10 2020-q4-major/bin/../lib/gcc/arm-none-eabi/10.2.1/../../../../arm-none-eabi/lib/thumb/v7e-m+fp/hard\libc_nano.a(lib_a-stdio.o)
 .ARM.attributes
                0x0000066c       0x34 c:/program files (x86)/gnu arm embedded toolchain/10 2020-q4-major/bin/../lib/gcc/arm-none-eabi/10.2.1/../../../../arm-none-eabi/lib/thumb/v7e-m+fp/hard\libc_nano.a(lib_a-wbuf.o)
 .ARM.attributes
                0x000006a0       0x34 c:/program files (x86)/gnu arm embedded toolchain/10 2020-q4-major/bin/../lib/gcc/arm-none-eabi/10.2.1/../../../../arm-none-eabi/lib/thumb/v7e-m+fp/hard\libc_nano.a(lib_a-writer.o)
 .ARM.attributes
                0x000006d4       0x34 c:/program files (x86)/gnu arm embedded toolchain/10 2020-q4-major/bin/../lib/gcc/arm-none-eabi/10.2.1/../../../../arm-none-eabi/lib/thumb/v7e-m+fp/hard\libc_nano.a(lib_a-wsetup.o)
 .ARM.attributes
                0x00000708       0x34 c:/program files (x86)/gnu arm embedded toolchain/10 2020-q4-major/bin/../lib/gcc/arm-none-eabi/10.2.1/../../../../arm-none-eabi/lib/thumb/v7e-m+fp/hard\libc_nano.a(lib_a-closer.o)
 .ARM.attributes
                0x0000073c       0x34 c:/program files (x86)/gnu arm embedded toolchain/10 2020-q4-major/bin/../lib/gcc/arm-none-eabi/10.2.1/../../../../arm-none-eabi/lib/thumb/v7e-m+fp/hard\libc_nano.a(lib_a-fflush.o)
 .ARM.attributes
                0x00000770       0x34 c:/program files (x86)/gnu arm embedded toolchain/10 2020-q4-major/bin/../lib/gcc/arm-none-eabi/10.2.1/../../../../arm-none-eabi/lib/thumb/v7e-m+fp/hard\libc_nano.a(lib_a-lseekr.o)
 .ARM.attributes
                0x000007a4       0x34 c:/program files (x86)/gnu arm embedded toolchain/10 2020-q4-major/bin/../lib/gcc/arm-none-eabi/10.2.1/../../../../arm-none-eabi/lib/thumb/v7e-m+fp/hard\libc_nano.a(lib_a-makebuf.o)
 .ARM.attributes
                0x000007d8       0x1c c:/program files (x86)/gnu arm embedded toolchain/10 2020-q4-major/bin/../lib/gcc/arm-none-eabi/10.2.1/../../../../arm-none-eabi/lib/thumb/v7e-m+fp/hard\libc_nano.a(lib_a-memchr.o)
 .ARM.attributes
                0x000007f4       0x34 c:/program files (x86)/gnu arm embedded toolchain/10 2020-q4-major/bin/../lib/gcc/arm-none-eabi/10.2.1/../../../../arm-none-eabi/lib/thumb/v7e-m+fp/hard\libc_nano.a(lib_a-mlock.o)
 .ARM.attributes
                0x00000828       0x34 c:/program files (x86)/gnu arm embedded toolchain/10 2020-q4-major/bin/../lib/gcc/arm-none-eabi/10.2.1/../../../../arm-none-eabi/lib/thumb/v7e-m+fp/hard\libc_nano.a(lib_a-nano-freer.o)
 .ARM.attributes
                0x0000085c       0x34 c:/program files (x86)/gnu arm embedded toolchain/10 2020-q4-major/bin/../lib/gcc/arm-none-eabi/10.2.1/../../../../arm-none-eabi/lib/thumb/v7e-m+fp/hard\libc_nano.a(lib_a-readr.o)
 .ARM.attributes
                0x00000890       0x34 c:/program files (x86)/gnu arm embedded toolchain/10 2020-q4-major/bin/../lib/gcc/arm-none-eabi/10.2.1/../../../../arm-none-eabi/lib/thumb/v7e-m+fp/hard\libc_nano.a(lib_a-reent.o)
 .ARM.attributes
                0x000008c4       0x34 c:/program files (x86)/gnu arm embedded toolchain/10 2020-q4-major/bin/../lib/gcc/arm-none-eabi/10.2.1/../../../../arm-none-eabi/lib/thumb/v7e-m+fp/hard\libc_nano.a(lib_a-fstatr.o)
 .ARM.attributes
                0x000008f8       0x34 c:/program files (x86)/gnu arm embedded toolchain/10 2020-q4-major/bin/../lib/gcc/arm-none-eabi/10.2.1/../../../../arm-none-eabi/lib/thumb/v7e-m+fp/hard\libc_nano.a(lib_a-isattyr.o)
 .ARM.attributes
                0x0000092c       0x34 c:/program files (x86)/gnu arm embedded toolchain/10 2020-q4-major/bin/../lib/gcc/arm-none-eabi/10.2.1/../../../../arm-none-eabi/lib/thumb/v7e-m+fp/hard\libnosys.a(close.o)
 .ARM.attributes
                0x00000960       0x34 c:/program files (x86)/gnu arm embedded toolchain/10 2020-q4-major/bin/../lib/gcc/arm-none-eabi/10.2.1/../../../../arm-none-eabi/lib/thumb/v7e-m+fp/hard\libnosys.a(fstat.o)
 .ARM.attributes
                0x00000994       0x34 c:/program files (x86)/gnu arm embedded toolchain/10 2020-q4-major/bin/../lib/gcc/arm-none-eabi/10.2.1/../../../../arm-none-eabi/lib/thumb/v7e-m+fp/hard\libnosys.a(isatty.o)
 .ARM.attributes
                0x000009c8       0x34 c:/program files (x86)/gnu arm embedded toolchain/10 2020-q4-major/bin/../lib/gcc/arm-none-eabi/10.2.1/../../../../arm-none-eabi/lib/thumb/v7e-m+fp/hard\libnosys.a(lseek.o)
 .ARM.attributes
                0x000009fc       0x34 c:/program files (x86)/gnu arm embedded toolchain/10 2020-q4-major/bin/../lib/gcc/arm-none-eabi/10.2.1/../../../../arm-none-eabi/lib/thumb/v7e-m+fp/hard\libnosys.a(read.o)
 .ARM.attributes
                0x00000a30       0x34 c:/program files (x86)/gnu arm embedded toolchain/10 2020-q4-major/bin/../lib/gcc/arm-none-eabi/10.2.1/../../../../arm-none-eabi/lib/thumb/v7e-m+fp/hard\libnosys.a(sbrk.o)
 .ARM.attributes
                0x00000a64       0x34 c:/program files (x86)/gnu arm embedded toolchain/10 2020-q4-major/bin/../lib/gcc/arm-none-eabi/10.2.1/../../../../arm-none-eabi/lib/thumb/v7e-m+fp/hard\libnosys.a(write.o)
 .ARM.attributes
                0x00000a98       0x1e c:/program files (x86)/gnu arm embedded toolchain/10 2020-q4-major/bin/../lib/gcc/arm-none-eabi/10.2.1/thumb/v7e-m+fp/hard\libgcc.a(_aeabi_uldivmod.o)
 .ARM.attributes
                0x00000ab6       0x34 c:/program files (x86)/gnu arm embedded toolchain/10 2020-q4-major/bin/../lib/gcc/arm-none-eabi/10.2.1/thumb/v7e-m+fp/hard\libgcc.a(_udivmoddi4.o)
 .ARM.attributes
                0x00000aea       0x1e c:/program files (x86)/gnu arm embedded toolchain/10 2020-q4-major/bin/../lib/gcc/arm-none-eabi/10.2.1/thumb/v7e-m+fp/hard\libgcc.a(_dvmd_tls.o)
 .ARM.attributes
                0x00000b08       0x1e c:/program files (x86)/gnu arm embedded toolchain/10 2020-q4-major/bin/../lib/gcc/arm-none-eabi/10.2.1/thumb/v7e-m+fp/hard/crtn.o
OUTPUT(build/tinymidi.elf elf32-littlearm)
LOAD linker stubs
LOAD c:/program files (x86)/gnu arm embedded toolchain/10 2020-q4-major/bin/../lib/gcc/arm-none-eabi/10.2.1/../../../../arm-none-eabi/lib/thumb/v7e-m+fp/hard\libc.a
LOAD c:/program files (x86)/gnu arm embedded toolchain/10 2020-q4-major/bin/../lib/gcc/arm-none-eabi/10.2.1/../../../../arm-none-eabi/lib/thumb/v7e-m+fp/hard\libm.a
LOAD c:/program files (x86)/gnu arm embedded toolchain/10 2020-q4-major/bin/../lib/gcc/arm-none-eabi/10.2.1/thumb/v7e-m+fp/hard\libgcc.a

.debug_info     0x00000000     0xfe40
 .debug_info    0x00000000     0x1507 build/main.o
 .debug_info    0x00001507      0x15a build/stm32f4xx_it.o
 .debug_info    0x00001661     0x1a49 build/stm32f4xx_hal_msp.o
 .debug_info    0x000030aa      0xbe6 build/stm32f4xx_hal_rcc.o
 .debug_info    0x00003c90      0x6f8 build/stm32f4xx_hal_rcc_ex.o
 .debug_info    0x00004388      0x833 build/stm32f4xx_hal_gpio.o
 .debug_info    0x00004bbb     0x1174 build/stm32f4xx_hal_cortex.o
 .debug_info    0x00005d2f      0xacf build/stm32f4xx_hal.o
 .debug_info    0x000067fe      0x5b3 build/system_stm32f4xx.o
 .debug_info    0x00006db1      0x12a build/tusb.o
 .debug_info    0x00006edb     0x3443 build/usbd.o
 .debug_info    0x0000a31e      0x92e build/usbd_control.o
 .debug_info    0x0000ac4c     0x15fb build/midi_device.o
 .debug_info    0x0000c247     0x1417 build/tusb_fifo.o
 .debug_info    0x0000d65e     0x21e9 build/dcd_synopsys.o
 .debug_info    0x0000f847      0x5d7 build/usb_descriptors.o
 .debug_info    0x0000fe1e       0x22 build/startup_stm32f407xx.o

.debug_abbrev   0x00000000     0x29fb
 .debug_abbrev  0x00000000      0x38a build/main.o
 .debug_abbrev  0x0000038a       0x81 build/stm32f4xx_it.o
 .debug_abbrev  0x0000040b      0x212 build/stm32f4xx_hal_msp.o
 .debug_abbrev  0x0000061d      0x2aa build/stm32f4xx_hal_rcc.o
 .debug_abbrev  0x000008c7      0x1a1 build/stm32f4xx_hal_rcc_ex.o
 .debug_abbrev  0x00000a68      0x22b build/stm32f4xx_hal_gpio.o
 .debug_abbrev  0x00000c93      0x382 build/stm32f4xx_hal_cortex.o
 .debug_abbrev  0x00001015      0x209 build/stm32f4xx_hal.o
 .debug_abbrev  0x0000121e      0x11b build/system_stm32f4xx.o
 .debug_abbrev  0x00001339       0xd1 build/tusb.o
 .debug_abbrev  0x0000140a      0x52c build/usbd.o
 .debug_abbrev  0x00001936      0x338 build/usbd_control.o
 .debug_abbrev  0x00001c6e      0x3f4 build/midi_device.o
 .debug_abbrev  0x00002062      0x350 build/tusb_fifo.o
 .debug_abbrev  0x000023b2      0x498 build/dcd_synopsys.o
 .debug_abbrev  0x0000284a      0x19f build/usb_descriptors.o
 .debug_abbrev  0x000029e9       0x12 build/startup_stm32f407xx.o

.debug_loc      0x00000000     0x9115
 .debug_loc     0x00000000      0x37f build/main.o
 .debug_loc     0x0000037f       0x20 build/stm32f4xx_it.o
 .debug_loc     0x0000039f      0x3bb build/stm32f4xx_hal_msp.o
 .debug_loc     0x0000075a      0x6e4 build/stm32f4xx_hal_rcc.o
 .debug_loc     0x00000e3e      0x473 build/stm32f4xx_hal_rcc_ex.o
 .debug_loc     0x000012b1      0x5c7 build/stm32f4xx_hal_gpio.o
 .debug_loc     0x00001878      0x7a4 build/stm32f4xx_hal_cortex.o
 .debug_loc     0x0000201c      0x1e1 build/stm32f4xx_hal.o
 .debug_loc     0x000021fd      0x158 build/system_stm32f4xx.o
 .debug_loc     0x00002355       0x20 build/tusb.o
 .debug_loc     0x00002375     0x25ef build/usbd.o
 .debug_loc     0x00004964      0x683 build/usbd_control.o
 .debug_loc     0x00004fe7     0x13f2 build/midi_device.o
 .debug_loc     0x000063d9     0x1483 build/tusb_fifo.o
 .debug_loc     0x0000785c     0x1751 build/dcd_synopsys.o
 .debug_loc     0x00008fad      0x168 build/usb_descriptors.o

.debug_aranges  0x00000000      0x848
 .debug_aranges
                0x00000000       0x70 build/main.o
 .debug_aranges
                0x00000070       0x60 build/stm32f4xx_it.o
 .debug_aranges
                0x000000d0       0x60 build/stm32f4xx_hal_msp.o
 .debug_aranges
                0x00000130       0x88 build/stm32f4xx_hal_rcc.o
 .debug_aranges
                0x000001b8       0x48 build/stm32f4xx_hal_rcc_ex.o
 .debug_aranges
                0x00000200       0x58 build/stm32f4xx_hal_gpio.o
 .debug_aranges
                0x00000258       0xa8 build/stm32f4xx_hal_cortex.o
 .debug_aranges
                0x00000300       0xf0 build/stm32f4xx_hal.o
 .debug_aranges
                0x000003f0       0x28 build/system_stm32f4xx.o
 .debug_aranges
                0x00000418       0x28 build/tusb.o
 .debug_aranges
                0x00000440      0x118 build/usbd.o
 .debug_aranges
                0x00000558       0x50 build/usbd_control.o
 .debug_aranges
                0x000005a8       0x90 build/midi_device.o
 .debug_aranges
                0x00000638       0xd8 build/tusb_fifo.o
 .debug_aranges
                0x00000710       0xe0 build/dcd_synopsys.o
 .debug_aranges
                0x000007f0       0x30 build/usb_descriptors.o
 .debug_aranges
                0x00000820       0x28 build/startup_stm32f407xx.o

.debug_ranges   0x00000000      0xce0
 .debug_ranges  0x00000000       0x60 build/main.o
 .debug_ranges  0x00000060       0x50 build/stm32f4xx_it.o
 .debug_ranges  0x000000b0       0x50 build/stm32f4xx_hal_msp.o
 .debug_ranges  0x00000100       0x90 build/stm32f4xx_hal_rcc.o
 .debug_ranges  0x00000190       0x38 build/stm32f4xx_hal_rcc_ex.o
 .debug_ranges  0x000001c8       0x48 build/stm32f4xx_hal_gpio.o
 .debug_ranges  0x00000210       0xf8 build/stm32f4xx_hal_cortex.o
 .debug_ranges  0x00000308       0xe0 build/stm32f4xx_hal.o
 .debug_ranges  0x000003e8       0x18 build/system_stm32f4xx.o
 .debug_ranges  0x00000400       0x18 build/tusb.o
 .debug_ranges  0x00000418      0x470 build/usbd.o
 .debug_ranges  0x00000888       0x70 build/usbd_control.o
 .debug_ranges  0x000008f8      0x148 build/midi_device.o
 .debug_ranges  0x00000a40       0xc8 build/tusb_fifo.o
 .debug_ranges  0x00000b08      0x198 build/dcd_synopsys.o
 .debug_ranges  0x00000ca0       0x20 build/usb_descriptors.o
 .debug_ranges  0x00000cc0       0x20 build/startup_stm32f407xx.o

.debug_line     0x00000000     0x88b6
 .debug_line    0x00000000      0x7bf build/main.o
 .debug_line    0x000007bf      0x177 build/stm32f4xx_it.o
 .debug_line    0x00000936      0x4ff build/stm32f4xx_hal_msp.o
 .debug_line    0x00000e35      0xb32 build/stm32f4xx_hal_rcc.o
 .debug_line    0x00001967      0x605 build/stm32f4xx_hal_rcc_ex.o
 .debug_line    0x00001f6c      0x6fc build/stm32f4xx_hal_gpio.o
 .debug_line    0x00002668      0x798 build/stm32f4xx_hal_cortex.o
 .debug_line    0x00002e00      0x585 build/stm32f4xx_hal.o
 .debug_line    0x00003385      0x278 build/system_stm32f4xx.o
 .debug_line    0x000035fd      0x1c0 build/tusb.o
 .debug_line    0x000037bd     0x1e0c build/usbd.o
 .debug_line    0x000055c9      0x58e build/usbd_control.o
 .debug_line    0x00005b57      0xc20 build/midi_device.o
 .debug_line    0x00006777      0x93f build/tusb_fifo.o
 .debug_line    0x000070b6     0x14a6 build/dcd_synopsys.o
 .debug_line    0x0000855c      0x2e7 build/usb_descriptors.o
 .debug_line    0x00008843       0x73 build/startup_stm32f407xx.o

.debug_str      0x00000000     0x44df
 .debug_str     0x00000000      0xa16 build/main.o
                                0xab5 (size before relaxing)
 .debug_str     0x00000a16       0xb4 build/stm32f4xx_it.o
                                0x204 (size before relaxing)
 .debug_str     0x00000aca      0xd57 build/stm32f4xx_hal_msp.o
                               0x1438 (size before relaxing)
 .debug_str     0x00001821      0x250 build/stm32f4xx_hal_rcc.o
                                0x6db (size before relaxing)
 .debug_str     0x00001a71       0xf6 build/stm32f4xx_hal_rcc_ex.o
                                0x49c (size before relaxing)
 .debug_str     0x00001b67      0x11c build/stm32f4xx_hal_gpio.o
                                0x4b5 (size before relaxing)
 .debug_str     0x00001c83      0x4ac build/stm32f4xx_hal_cortex.o
                                0xc01 (size before relaxing)
 .debug_str     0x0000212f      0x295 build/stm32f4xx_hal.o
                                0xb2f (size before relaxing)
 .debug_str     0x000023c4       0x47 build/system_stm32f4xx.o
                                0x34a (size before relaxing)
 .debug_str     0x0000240b       0x42 build/tusb.o
                                0x1bb (size before relaxing)
 .debug_str     0x0000244d     0x1125 build/usbd.o
                               0x1433 (size before relaxing)
 .debug_str     0x00003572      0x10c build/usbd_control.o
                                0x4c5 (size before relaxing)
 .debug_str     0x0000367e      0x4a5 build/midi_device.o
                                0xc61 (size before relaxing)
 .debug_str     0x00003b23      0x19c build/tusb_fifo.o
                                0x48e (size before relaxing)
 .debug_str     0x00003cbf      0x406 build/dcd_synopsys.o
                               0x103e (size before relaxing)
 .debug_str     0x000040c5      0x3f6 build/usb_descriptors.o
                                0xae3 (size before relaxing)
 .debug_str     0x000044bb       0x24 build/startup_stm32f407xx.o
                                 0x3f (size before relaxing)

.comment        0x00000000       0x4d
 .comment       0x00000000       0x4d build/main.o
                                 0x4e (size before relaxing)
 .comment       0x0000004d       0x4e build/stm32f4xx_it.o
 .comment       0x0000004d       0x4e build/stm32f4xx_hal_msp.o
 .comment       0x0000004d       0x4e build/stm32f4xx_hal_rcc.o
 .comment       0x0000004d       0x4e build/stm32f4xx_hal_rcc_ex.o
 .comment       0x0000004d       0x4e build/stm32f4xx_hal_gpio.o
 .comment       0x0000004d       0x4e build/stm32f4xx_hal_cortex.o
 .comment       0x0000004d       0x4e build/stm32f4xx_hal.o
 .comment       0x0000004d       0x4e build/system_stm32f4xx.o
 .comment       0x0000004d       0x4e build/tusb.o
 .comment       0x0000004d       0x4e build/usbd.o
 .comment       0x0000004d       0x4e build/usbd_control.o
 .comment       0x0000004d       0x4e build/midi_device.o
 .comment       0x0000004d       0x4e build/tusb_fifo.o
 .comment       0x0000004d       0x4e build/dcd_synopsys.o
 .comment       0x0000004d       0x4e build/usb_descriptors.o

.debug_frame    0x00000000     0x1db4
 .debug_frame   0x00000000      0x148 build/main.o
 .debug_frame   0x00000148       0xa8 build/stm32f4xx_it.o
 .debug_frame   0x000001f0      0x118 build/stm32f4xx_hal_msp.o
 .debug_frame   0x00000308      0x16c build/stm32f4xx_hal_rcc.o
 .debug_frame   0x00000474       0xa4 build/stm32f4xx_hal_rcc_ex.o
 .debug_frame   0x00000518       0xd8 build/stm32f4xx_hal_gpio.o
 .debug_frame   0x000005f0      0x148 build/stm32f4xx_hal_cortex.o
 .debug_frame   0x00000738      0x1ec build/stm32f4xx_hal.o
 .debug_frame   0x00000924       0x30 build/system_stm32f4xx.o
 .debug_frame   0x00000954       0x38 build/tusb.o
 .debug_frame   0x0000098c      0x348 build/usbd.o
 .debug_frame   0x00000cd4       0xb0 build/usbd_control.o
 .debug_frame   0x00000d84      0x1b4 build/midi_device.o
 .debug_frame   0x00000f38      0x258 build/tusb_fifo.o
 .debug_frame   0x00001190      0x288 build/dcd_synopsys.o
 .debug_frame   0x00001418       0x48 build/usb_descriptors.o
 .debug_frame   0x00001460       0x2c c:/program files (x86)/gnu arm embedded toolchain/10 2020-q4-major/bin/../lib/gcc/arm-none-eabi/10.2.1/../../../../arm-none-eabi/lib/thumb/v7e-m+fp/hard\libc_nano.a(lib_a-init.o)
 .debug_frame   0x0000148c       0x28 c:/program files (x86)/gnu arm embedded toolchain/10 2020-q4-major/bin/../lib/gcc/arm-none-eabi/10.2.1/../../../../arm-none-eabi/lib/thumb/v7e-m+fp/hard\libc_nano.a(lib_a-memcpy-stub.o)
 .debug_frame   0x000014b4       0x20 c:/program files (x86)/gnu arm embedded toolchain/10 2020-q4-major/bin/../lib/gcc/arm-none-eabi/10.2.1/../../../../arm-none-eabi/lib/thumb/v7e-m+fp/hard\libc_nano.a(lib_a-memset.o)
 .debug_frame   0x000014d4       0x74 c:/program files (x86)/gnu arm embedded toolchain/10 2020-q4-major/bin/../lib/gcc/arm-none-eabi/10.2.1/../../../../arm-none-eabi/lib/thumb/v7e-m+fp/hard\libc_nano.a(lib_a-printf.o)
 .debug_frame   0x00001548      0x14c c:/program files (x86)/gnu arm embedded toolchain/10 2020-q4-major/bin/../lib/gcc/arm-none-eabi/10.2.1/../../../../arm-none-eabi/lib/thumb/v7e-m+fp/hard\libc_nano.a(lib_a-findfp.o)
 .debug_frame   0x00001694       0x54 c:/program files (x86)/gnu arm embedded toolchain/10 2020-q4-major/bin/../lib/gcc/arm-none-eabi/10.2.1/../../../../arm-none-eabi/lib/thumb/v7e-m+fp/hard\libc_nano.a(lib_a-fwalk.o)
 .debug_frame   0x000016e8       0xb0 c:/program files (x86)/gnu arm embedded toolchain/10 2020-q4-major/bin/../lib/gcc/arm-none-eabi/10.2.1/../../../../arm-none-eabi/lib/thumb/v7e-m+fp/hard\libc_nano.a(lib_a-lock.o)
 .debug_frame   0x00001798       0x30 c:/program files (x86)/gnu arm embedded toolchain/10 2020-q4-major/bin/../lib/gcc/arm-none-eabi/10.2.1/../../../../arm-none-eabi/lib/thumb/v7e-m+fp/hard\libc_nano.a(lib_a-nano-mallocr.o)
 .debug_frame   0x000017c8       0xac c:/program files (x86)/gnu arm embedded toolchain/10 2020-q4-major/bin/../lib/gcc/arm-none-eabi/10.2.1/../../../../arm-none-eabi/lib/thumb/v7e-m+fp/hard\libc_nano.a(lib_a-nano-vfprintf.o)
 .debug_frame   0x00001874       0x60 c:/program files (x86)/gnu arm embedded toolchain/10 2020-q4-major/bin/../lib/gcc/arm-none-eabi/10.2.1/../../../../arm-none-eabi/lib/thumb/v7e-m+fp/hard\libc_nano.a(lib_a-nano-vfprintf_i.o)
 .debug_frame   0x000018d4       0x2c c:/program files (x86)/gnu arm embedded toolchain/10 2020-q4-major/bin/../lib/gcc/arm-none-eabi/10.2.1/../../../../arm-none-eabi/lib/thumb/v7e-m+fp/hard\libc_nano.a(lib_a-sbrkr.o)
 .debug_frame   0x00001900       0x88 c:/program files (x86)/gnu arm embedded toolchain/10 2020-q4-major/bin/../lib/gcc/arm-none-eabi/10.2.1/../../../../arm-none-eabi/lib/thumb/v7e-m+fp/hard\libc_nano.a(lib_a-stdio.o)
 .debug_frame   0x00001988       0x40 c:/program files (x86)/gnu arm embedded toolchain/10 2020-q4-major/bin/../lib/gcc/arm-none-eabi/10.2.1/../../../../arm-none-eabi/lib/thumb/v7e-m+fp/hard\libc_nano.a(lib_a-wbuf.o)
 .debug_frame   0x000019c8       0x2c c:/program files (x86)/gnu arm embedded toolchain/10 2020-q4-major/bin/../lib/gcc/arm-none-eabi/10.2.1/../../../../arm-none-eabi/lib/thumb/v7e-m+fp/hard\libc_nano.a(lib_a-writer.o)
 .debug_frame   0x000019f4       0x2c c:/program files (x86)/gnu arm embedded toolchain/10 2020-q4-major/bin/../lib/gcc/arm-none-eabi/10.2.1/../../../../arm-none-eabi/lib/thumb/v7e-m+fp/hard\libc_nano.a(lib_a-wsetup.o)
 .debug_frame   0x00001a20       0x2c c:/program files (x86)/gnu arm embedded toolchain/10 2020-q4-major/bin/../lib/gcc/arm-none-eabi/10.2.1/../../../../arm-none-eabi/lib/thumb/v7e-m+fp/hard\libc_nano.a(lib_a-closer.o)
 .debug_frame   0x00001a4c       0x5c c:/program files (x86)/gnu arm embedded toolchain/10 2020-q4-major/bin/../lib/gcc/arm-none-eabi/10.2.1/../../../../arm-none-eabi/lib/thumb/v7e-m+fp/hard\libc_nano.a(lib_a-fflush.o)
 .debug_frame   0x00001aa8       0x2c c:/program files (x86)/gnu arm embedded toolchain/10 2020-q4-major/bin/../lib/gcc/arm-none-eabi/10.2.1/../../../../arm-none-eabi/lib/thumb/v7e-m+fp/hard\libc_nano.a(lib_a-lseekr.o)
 .debug_frame   0x00001ad4       0x58 c:/program files (x86)/gnu arm embedded toolchain/10 2020-q4-major/bin/../lib/gcc/arm-none-eabi/10.2.1/../../../../arm-none-eabi/lib/thumb/v7e-m+fp/hard\libc_nano.a(lib_a-makebuf.o)
 .debug_frame   0x00001b2c       0x30 c:/program files (x86)/gnu arm embedded toolchain/10 2020-q4-major/bin/../lib/gcc/arm-none-eabi/10.2.1/../../../../arm-none-eabi/lib/thumb/v7e-m+fp/hard\libc_nano.a(lib_a-mlock.o)
 .debug_frame   0x00001b5c       0x38 c:/program files (x86)/gnu arm embedded toolchain/10 2020-q4-major/bin/../lib/gcc/arm-none-eabi/10.2.1/../../../../arm-none-eabi/lib/thumb/v7e-m+fp/hard\libc_nano.a(lib_a-nano-freer.o)
 .debug_frame   0x00001b94       0x2c c:/program files (x86)/gnu arm embedded toolchain/10 2020-q4-major/bin/../lib/gcc/arm-none-eabi/10.2.1/../../../../arm-none-eabi/lib/thumb/v7e-m+fp/hard\libc_nano.a(lib_a-readr.o)
 .debug_frame   0x00001bc0       0x5c c:/program files (x86)/gnu arm embedded toolchain/10 2020-q4-major/bin/../lib/gcc/arm-none-eabi/10.2.1/../../../../arm-none-eabi/lib/thumb/v7e-m+fp/hard\libc_nano.a(lib_a-reent.o)
 .debug_frame   0x00001c1c       0x2c c:/program files (x86)/gnu arm embedded toolchain/10 2020-q4-major/bin/../lib/gcc/arm-none-eabi/10.2.1/../../../../arm-none-eabi/lib/thumb/v7e-m+fp/hard\libc_nano.a(lib_a-fstatr.o)
 .debug_frame   0x00001c48       0x2c c:/program files (x86)/gnu arm embedded toolchain/10 2020-q4-major/bin/../lib/gcc/arm-none-eabi/10.2.1/../../../../arm-none-eabi/lib/thumb/v7e-m+fp/hard\libc_nano.a(lib_a-isattyr.o)
 .debug_frame   0x00001c74       0x20 c:/program files (x86)/gnu arm embedded toolchain/10 2020-q4-major/bin/../lib/gcc/arm-none-eabi/10.2.1/../../../../arm-none-eabi/lib/thumb/v7e-m+fp/hard\libnosys.a(close.o)
 .debug_frame   0x00001c94       0x20 c:/program files (x86)/gnu arm embedded toolchain/10 2020-q4-major/bin/../lib/gcc/arm-none-eabi/10.2.1/../../../../arm-none-eabi/lib/thumb/v7e-m+fp/hard\libnosys.a(fstat.o)
 .debug_frame   0x00001cb4       0x20 c:/program files (x86)/gnu arm embedded toolchain/10 2020-q4-major/bin/../lib/gcc/arm-none-eabi/10.2.1/../../../../arm-none-eabi/lib/thumb/v7e-m+fp/hard\libnosys.a(isatty.o)
 .debug_frame   0x00001cd4       0x20 c:/program files (x86)/gnu arm embedded toolchain/10 2020-q4-major/bin/../lib/gcc/arm-none-eabi/10.2.1/../../../../arm-none-eabi/lib/thumb/v7e-m+fp/hard\libnosys.a(lseek.o)
 .debug_frame   0x00001cf4       0x20 c:/program files (x86)/gnu arm embedded toolchain/10 2020-q4-major/bin/../lib/gcc/arm-none-eabi/10.2.1/../../../../arm-none-eabi/lib/thumb/v7e-m+fp/hard\libnosys.a(read.o)
 .debug_frame   0x00001d14       0x20 c:/program files (x86)/gnu arm embedded toolchain/10 2020-q4-major/bin/../lib/gcc/arm-none-eabi/10.2.1/../../../../arm-none-eabi/lib/thumb/v7e-m+fp/hard\libnosys.a(sbrk.o)
 .debug_frame   0x00001d34       0x20 c:/program files (x86)/gnu arm embedded toolchain/10 2020-q4-major/bin/../lib/gcc/arm-none-eabi/10.2.1/../../../../arm-none-eabi/lib/thumb/v7e-m+fp/hard\libnosys.a(write.o)
 .debug_frame   0x00001d54       0x2c c:/program files (x86)/gnu arm embedded toolchain/10 2020-q4-major/bin/../lib/gcc/arm-none-eabi/10.2.1/thumb/v7e-m+fp/hard\libgcc.a(_aeabi_uldivmod.o)
 .debug_frame   0x00001d80       0x34 c:/program files (x86)/gnu arm embedded toolchain/10 2020-q4-major/bin/../lib/gcc/arm-none-eabi/10.2.1/thumb/v7e-m+fp/hard\libgcc.a(_udivmoddi4.o)

.stab           0x00000000       0x9c
 .stab          0x00000000       0x24 c:/program files (x86)/gnu arm embedded toolchain/10 2020-q4-major/bin/../lib/gcc/arm-none-eabi/10.2.1/../../../../arm-none-eabi/lib/thumb/v7e-m+fp/hard\libnosys.a(close.o)
 .stab          0x00000024       0x18 c:/program files (x86)/gnu arm embedded toolchain/10 2020-q4-major/bin/../lib/gcc/arm-none-eabi/10.2.1/../../../../arm-none-eabi/lib/thumb/v7e-m+fp/hard\libnosys.a(fstat.o)
                                 0x24 (size before relaxing)
 .stab          0x0000003c       0x18 c:/program files (x86)/gnu arm embedded toolchain/10 2020-q4-major/bin/../lib/gcc/arm-none-eabi/10.2.1/../../../../arm-none-eabi/lib/thumb/v7e-m+fp/hard\libnosys.a(isatty.o)
                                 0x24 (size before relaxing)
 .stab          0x00000054       0x18 c:/program files (x86)/gnu arm embedded toolchain/10 2020-q4-major/bin/../lib/gcc/arm-none-eabi/10.2.1/../../../../arm-none-eabi/lib/thumb/v7e-m+fp/hard\libnosys.a(lseek.o)
                                 0x24 (size before relaxing)
 .stab          0x0000006c       0x18 c:/program files (x86)/gnu arm embedded toolchain/10 2020-q4-major/bin/../lib/gcc/arm-none-eabi/10.2.1/../../../../arm-none-eabi/lib/thumb/v7e-m+fp/hard\libnosys.a(read.o)
                                 0x24 (size before relaxing)
 .stab          0x00000084       0x18 c:/program files (x86)/gnu arm embedded toolchain/10 2020-q4-major/bin/../lib/gcc/arm-none-eabi/10.2.1/../../../../arm-none-eabi/lib/thumb/v7e-m+fp/hard\libnosys.a(write.o)
                                 0x24 (size before relaxing)

.stabstr        0x00000000      0x14d
 .stabstr       0x00000000      0x14d c:/program files (x86)/gnu arm embedded toolchain/10 2020-q4-major/bin/../lib/gcc/arm-none-eabi/10.2.1/../../../../arm-none-eabi/lib/thumb/v7e-m+fp/hard\libnosys.a(close.o)

Cross Reference Table

Symbol                                            File
ADC_IRQHandler                                    build/startup_stm32f407xx.o
AHBPrescTable                                     build/system_stm32f4xx.o
                                                  build/stm32f4xx_hal_rcc.o
APBPrescTable                                     build/system_stm32f4xx.o
                                                  build/stm32f4xx_hal_rcc.o
BusFault_Handler                                  build/stm32f4xx_it.o
CAN1_RX0_IRQHandler                               build/startup_stm32f407xx.o
CAN1_RX1_IRQHandler                               build/startup_stm32f407xx.o
CAN1_SCE_IRQHandler                               build/startup_stm32f407xx.o
CAN1_TX_IRQHandler                                build/startup_stm32f407xx.o
CAN2_RX0_IRQHandler                               build/startup_stm32f407xx.o
CAN2_RX1_IRQHandler                               build/startup_stm32f407xx.o
CAN2_SCE_IRQHandler                               build/startup_stm32f407xx.o
CAN2_TX_IRQHandler                                build/startup_stm32f407xx.o
DCMI_IRQHandler                                   build/startup_stm32f407xx.o
DMA1_Stream0_IRQHandler                           build/startup_stm32f407xx.o
DMA1_Stream1_IRQHandler                           build/startup_stm32f407xx.o
DMA1_Stream2_IRQHandler                           build/startup_stm32f407xx.o
DMA1_Stream3_IRQHandler                           build/startup_stm32f407xx.o
DMA1_Stream4_IRQHandler                           build/startup_stm32f407xx.o
DMA1_Stream5_IRQHandler                           build/startup_stm32f407xx.o
DMA1_Stream6_IRQHandler                           build/startup_stm32f407xx.o
DMA1_Stream7_IRQHandler                           build/startup_stm32f407xx.o
DMA2_Stream0_IRQHandler                           build/startup_stm32f407xx.o
DMA2_Stream1_IRQHandler                           build/startup_stm32f407xx.o
DMA2_Stream2_IRQHandler                           build/startup_stm32f407xx.o
DMA2_Stream3_IRQHandler                           build/startup_stm32f407xx.o
DMA2_Stream4_IRQHandler                           build/startup_stm32f407xx.o
DMA2_Stream5_IRQHandler                           build/startup_stm32f407xx.o
DMA2_Stream6_IRQHandler                           build/startup_stm32f407xx.o
DMA2_Stream7_IRQHandler                           build/startup_stm32f407xx.o
DebugMon_Handler                                  build/stm32f4xx_it.o
Default_Handler                                   build/startup_stm32f407xx.o
ETH_IRQHandler                                    build/startup_stm32f407xx.o
ETH_WKUP_IRQHandler                               build/startup_stm32f407xx.o
EXTI0_IRQHandler                                  build/startup_stm32f407xx.o
EXTI15_10_IRQHandler                              build/startup_stm32f407xx.o
EXTI1_IRQHandler                                  build/startup_stm32f407xx.o
EXTI2_IRQHandler                                  build/startup_stm32f407xx.o
EXTI3_IRQHandler                                  build/startup_stm32f407xx.o
EXTI4_IRQHandler                                  build/startup_stm32f407xx.o
EXTI9_5_IRQHandler                                build/startup_stm32f407xx.o
Error_Handler                                     build/main.o
FLASH_Erase_Sector                                build/stm32f4xx_hal_flash_ex.o
                                                  build/stm32f4xx_hal_flash.o
FLASH_FlushCaches                                 build/stm32f4xx_hal_flash_ex.o
                                                  build/stm32f4xx_hal_flash.o
FLASH_IRQHandler                                  build/startup_stm32f407xx.o
FLASH_WaitForLastOperation                        build/stm32f4xx_hal_flash.o
                                                  build/stm32f4xx_hal_flash_ex.o
FPU_IRQHandler                                    build/startup_stm32f407xx.o
FSMC_IRQHandler                                   build/startup_stm32f407xx.o
HAL_DBGMCU_DisableDBGSleepMode                    build/stm32f4xx_hal.o
HAL_DBGMCU_DisableDBGStandbyMode                  build/stm32f4xx_hal.o
HAL_DBGMCU_DisableDBGStopMode                     build/stm32f4xx_hal.o
HAL_DBGMCU_EnableDBGSleepMode                     build/stm32f4xx_hal.o
HAL_DBGMCU_EnableDBGStandbyMode                   build/stm32f4xx_hal.o
HAL_DBGMCU_EnableDBGStopMode                      build/stm32f4xx_hal.o
HAL_DMAEx_ChangeMemory                            build/stm32f4xx_hal_dma_ex.o
HAL_DMAEx_MultiBufferStart                        build/stm32f4xx_hal_dma_ex.o
HAL_DMAEx_MultiBufferStart_IT                     build/stm32f4xx_hal_dma_ex.o
HAL_DMA_Abort                                     build/stm32f4xx_hal_dma.o
                                                  build/stm32f4xx_hal_spi.o
                                                  build/stm32f4xx_hal_i2s.o
HAL_DMA_Abort_IT                                  build/stm32f4xx_hal_dma.o
                                                  build/stm32f4xx_hal_spi.o
                                                  build/stm32f4xx_hal_i2c.o
HAL_DMA_DeInit                                    build/stm32f4xx_hal_dma.o
HAL_DMA_GetError                                  build/stm32f4xx_hal_dma.o
                                                  build/stm32f4xx_hal_i2c.o
HAL_DMA_GetState                                  build/stm32f4xx_hal_dma.o
                                                  build/stm32f4xx_hal_i2c.o
HAL_DMA_IRQHandler                                build/stm32f4xx_hal_dma.o
HAL_DMA_Init                                      build/stm32f4xx_hal_dma.o
HAL_DMA_PollForTransfer                           build/stm32f4xx_hal_dma.o
HAL_DMA_RegisterCallback                          build/stm32f4xx_hal_dma.o
HAL_DMA_Start                                     build/stm32f4xx_hal_dma.o
HAL_DMA_Start_IT                                  build/stm32f4xx_hal_dma.o
                                                  build/stm32f4xx_hal_spi.o
                                                  build/stm32f4xx_hal_i2s_ex.o
                                                  build/stm32f4xx_hal_i2s.o
                                                  build/stm32f4xx_hal_i2c.o
HAL_DMA_UnRegisterCallback                        build/stm32f4xx_hal_dma.o
HAL_DeInit                                        build/stm32f4xx_hal.o
HAL_Delay                                         build/stm32f4xx_hal.o
                                                  build/stm32f4xx_ll_usb.o
                                                  build/main.o
HAL_DisableCompensationCell                       build/stm32f4xx_hal.o
HAL_EXTI_ClearConfigLine                          build/stm32f4xx_hal_exti.o
HAL_EXTI_ClearPending                             build/stm32f4xx_hal_exti.o
HAL_EXTI_GenerateSWI                              build/stm32f4xx_hal_exti.o
HAL_EXTI_GetConfigLine                            build/stm32f4xx_hal_exti.o
HAL_EXTI_GetHandle                                build/stm32f4xx_hal_exti.o
HAL_EXTI_GetPending                               build/stm32f4xx_hal_exti.o
HAL_EXTI_IRQHandler                               build/stm32f4xx_hal_exti.o
HAL_EXTI_RegisterCallback                         build/stm32f4xx_hal_exti.o
HAL_EXTI_SetConfigLine                            build/stm32f4xx_hal_exti.o
HAL_EnableCompensationCell                        build/stm32f4xx_hal.o
HAL_FLASHEx_Erase                                 build/stm32f4xx_hal_flash_ex.o
HAL_FLASHEx_Erase_IT                              build/stm32f4xx_hal_flash_ex.o
HAL_FLASHEx_OBGetConfig                           build/stm32f4xx_hal_flash_ex.o
HAL_FLASHEx_OBProgram                             build/stm32f4xx_hal_flash_ex.o
HAL_FLASH_EndOfOperationCallback                  build/stm32f4xx_hal_flash.o
HAL_FLASH_GetError                                build/stm32f4xx_hal_flash.o
HAL_FLASH_IRQHandler                              build/stm32f4xx_hal_flash.o
HAL_FLASH_Lock                                    build/stm32f4xx_hal_flash.o
HAL_FLASH_OB_Launch                               build/stm32f4xx_hal_flash.o
HAL_FLASH_OB_Lock                                 build/stm32f4xx_hal_flash.o
HAL_FLASH_OB_Unlock                               build/stm32f4xx_hal_flash.o
HAL_FLASH_OperationErrorCallback                  build/stm32f4xx_hal_flash.o
HAL_FLASH_Program                                 build/stm32f4xx_hal_flash.o
HAL_FLASH_Program_IT                              build/stm32f4xx_hal_flash.o
HAL_FLASH_Unlock                                  build/stm32f4xx_hal_flash.o
HAL_GPIO_DeInit                                   build/stm32f4xx_hal_gpio.o
                                                  build/stm32f4xx_hal_msp.o
HAL_GPIO_EXTI_Callback                            build/stm32f4xx_hal_gpio.o
HAL_GPIO_EXTI_IRQHandler                          build/stm32f4xx_hal_gpio.o
HAL_GPIO_Init                                     build/stm32f4xx_hal_gpio.o
                                                  build/stm32f4xx_hal_rcc.o
                                                  build/stm32f4xx_hal_msp.o
                                                  build/main.o
HAL_GPIO_LockPin                                  build/stm32f4xx_hal_gpio.o
HAL_GPIO_ReadPin                                  build/stm32f4xx_hal_gpio.o
HAL_GPIO_TogglePin                                build/stm32f4xx_hal_gpio.o
HAL_GPIO_WritePin                                 build/stm32f4xx_hal_gpio.o
                                                  build/main.o
HAL_GetDEVID                                      build/stm32f4xx_hal.o
HAL_GetHalVersion                                 build/stm32f4xx_hal.o
HAL_GetREVID                                      build/stm32f4xx_hal.o
HAL_GetTick                                       build/stm32f4xx_hal.o
                                                  build/stm32f4xx_hal_spi.o
                                                  build/stm32f4xx_hal_i2s_ex.o
                                                  build/stm32f4xx_hal_i2s.o