Archive member included to satisfy reference by file (symbol)

/usr/lib/gcc/arm-none-eabi/9.2.1/../../../arm-none-eabi/lib/thumb/v7e-m+fp/hard/libc_nano.a(lib_a-atexit.o)
                              /usr/lib/gcc/arm-none-eabi/9.2.1/../../../arm-none-eabi/lib/thumb/v7e-m+fp/hard/crt0.o (atexit)
/usr/lib/gcc/arm-none-eabi/9.2.1/../../../arm-none-eabi/lib/thumb/v7e-m+fp/hard/libc_nano.a(lib_a-exit.o)
                              /usr/lib/gcc/arm-none-eabi/9.2.1/../../../arm-none-eabi/lib/thumb/v7e-m+fp/hard/crt0.o (exit)
/usr/lib/gcc/arm-none-eabi/9.2.1/../../../arm-none-eabi/lib/thumb/v7e-m+fp/hard/libc_nano.a(lib_a-fini.o)
                              /usr/lib/gcc/arm-none-eabi/9.2.1/../../../arm-none-eabi/lib/thumb/v7e-m+fp/hard/crt0.o (__libc_fini_array)
/usr/lib/gcc/arm-none-eabi/9.2.1/../../../arm-none-eabi/lib/thumb/v7e-m+fp/hard/libc_nano.a(lib_a-impure.o)
                              /usr/lib/gcc/arm-none-eabi/9.2.1/../../../arm-none-eabi/lib/thumb/v7e-m+fp/hard/libc_nano.a(lib_a-exit.o) (_global_impure_ptr)
/usr/lib/gcc/arm-none-eabi/9.2.1/../../../arm-none-eabi/lib/thumb/v7e-m+fp/hard/libc_nano.a(lib_a-init.o)
                              /usr/lib/gcc/arm-none-eabi/9.2.1/../../../arm-none-eabi/lib/thumb/v7e-m+fp/hard/crt0.o (__libc_init_array)
/usr/lib/gcc/arm-none-eabi/9.2.1/../../../arm-none-eabi/lib/thumb/v7e-m+fp/hard/libc_nano.a(lib_a-malloc.o)
                              build/usbh_cdc.o (malloc)
/usr/lib/gcc/arm-none-eabi/9.2.1/../../../arm-none-eabi/lib/thumb/v7e-m+fp/hard/libc_nano.a(lib_a-memset.o)
                              /usr/lib/gcc/arm-none-eabi/9.2.1/../../../arm-none-eabi/lib/thumb/v7e-m+fp/hard/crt0.o (memset)
/usr/lib/gcc/arm-none-eabi/9.2.1/../../../arm-none-eabi/lib/thumb/v7e-m+fp/hard/libc_nano.a(lib_a-nano-freer.o)
                              /usr/lib/gcc/arm-none-eabi/9.2.1/../../../arm-none-eabi/lib/thumb/v7e-m+fp/hard/libc_nano.a(lib_a-malloc.o) (_free_r)
/usr/lib/gcc/arm-none-eabi/9.2.1/../../../arm-none-eabi/lib/thumb/v7e-m+fp/hard/libc_nano.a(lib_a-nano-mallocr.o)
                              /usr/lib/gcc/arm-none-eabi/9.2.1/../../../arm-none-eabi/lib/thumb/v7e-m+fp/hard/libc_nano.a(lib_a-malloc.o) (_malloc_r)
/usr/lib/gcc/arm-none-eabi/9.2.1/../../../arm-none-eabi/lib/thumb/v7e-m+fp/hard/libc_nano.a(lib_a-sbrkr.o)
                              /usr/lib/gcc/arm-none-eabi/9.2.1/../../../arm-none-eabi/lib/thumb/v7e-m+fp/hard/libc_nano.a(lib_a-nano-mallocr.o) (_sbrk_r)
/usr/lib/gcc/arm-none-eabi/9.2.1/../../../arm-none-eabi/lib/thumb/v7e-m+fp/hard/libc_nano.a(lib_a-__atexit.o)
                              /usr/lib/gcc/arm-none-eabi/9.2.1/../../../arm-none-eabi/lib/thumb/v7e-m+fp/hard/libc_nano.a(lib_a-atexit.o) (__register_exitproc)
/usr/lib/gcc/arm-none-eabi/9.2.1/../../../arm-none-eabi/lib/thumb/v7e-m+fp/hard/libc_nano.a(lib_a-__call_atexit.o)
                              /usr/lib/gcc/arm-none-eabi/9.2.1/../../../arm-none-eabi/lib/thumb/v7e-m+fp/hard/libc_nano.a(lib_a-__atexit.o) (__call_exitprocs)
/usr/lib/gcc/arm-none-eabi/9.2.1/../../../arm-none-eabi/lib/thumb/v7e-m+fp/hard/libc_nano.a(lib_a-mlock.o)
                              /usr/lib/gcc/arm-none-eabi/9.2.1/../../../arm-none-eabi/lib/thumb/v7e-m+fp/hard/libc_nano.a(lib_a-nano-freer.o) (__malloc_lock)
/usr/lib/gcc/arm-none-eabi/9.2.1/../../../arm-none-eabi/lib/thumb/v7e-m+fp/hard/libc_nano.a(lib_a-reent.o)
                              /usr/lib/gcc/arm-none-eabi/9.2.1/../../../arm-none-eabi/lib/thumb/v7e-m+fp/hard/libc_nano.a(lib_a-sbrkr.o) (errno)
/usr/lib/gcc/arm-none-eabi/9.2.1/../../../arm-none-eabi/lib/thumb/v7e-m+fp/hard/libnosys.a(sbrk.o)
                              /usr/lib/gcc/arm-none-eabi/9.2.1/../../../arm-none-eabi/lib/thumb/v7e-m+fp/hard/libc_nano.a(lib_a-sbrkr.o) (_sbrk)
/usr/lib/gcc/arm-none-eabi/9.2.1/../../../arm-none-eabi/lib/thumb/v7e-m+fp/hard/libnosys.a(_exit.o)
                              /usr/lib/gcc/arm-none-eabi/9.2.1/../../../arm-none-eabi/lib/thumb/v7e-m+fp/hard/libc_nano.a(lib_a-exit.o) (_exit)
/usr/lib/gcc/arm-none-eabi/9.2.1/thumb/v7e-m+fp/hard/libgcc.a(_aeabi_uldivmod.o)
                              build/stm32f4xx_hal_rcc.o (__aeabi_uldivmod)
/usr/lib/gcc/arm-none-eabi/9.2.1/thumb/v7e-m+fp/hard/libgcc.a(_udivmoddi4.o)
                              /usr/lib/gcc/arm-none-eabi/9.2.1/thumb/v7e-m+fp/hard/libgcc.a(_aeabi_uldivmod.o) (__udivmoddi4)
/usr/lib/gcc/arm-none-eabi/9.2.1/thumb/v7e-m+fp/hard/libgcc.a(_dvmd_tls.o)
                              /usr/lib/gcc/arm-none-eabi/9.2.1/thumb/v7e-m+fp/hard/libgcc.a(_aeabi_uldivmod.o) (__aeabi_ldiv0)

Allocating common symbols
Common symbol       size              file

errno               0x4               /usr/lib/gcc/arm-none-eabi/9.2.1/../../../arm-none-eabi/lib/thumb/v7e-m+fp/hard/libc_nano.a(lib_a-reent.o)
hi2c1               0x54              build/main.o
hUsbHostFS          0x3d8             build/usb_host.o
uwTick              0x4               build/stm32f4xx_hal.o
[...]
Memory Configuration

Name             Origin             Length             Attributes
RAM              0x0000000020000000 0x0000000000020000 xrw
CCMRAM           0x0000000010000000 0x0000000000010000 xrw
FLASH            0x0000000008000000 0x0000000000100000 xr
*default*        0x0000000000000000 0xffffffffffffffff

Linker script and memory map

LOAD /usr/lib/gcc/arm-none-eabi/9.2.1/thumb/v7e-m+fp/hard/crti.o
LOAD /usr/lib/gcc/arm-none-eabi/9.2.1/thumb/v7e-m+fp/hard/crtbegin.o
LOAD /usr/lib/gcc/arm-none-eabi/9.2.1/../../../arm-none-eabi/lib/thumb/v7e-m+fp/hard/crt0.o
LOAD build/main.o
LOAD build/stm32f4xx_it.o
LOAD build/stm32f4xx_hal_msp.o
LOAD build/usb_host.o
LOAD build/usbh_conf.o
LOAD build/usbh_platform.o
LOAD build/stm32f4xx_hal_hcd.o
LOAD build/stm32f4xx_ll_usb.o
LOAD build/stm32f4xx_hal_rcc.o
LOAD build/stm32f4xx_hal_rcc_ex.o
LOAD build/stm32f4xx_hal_flash.o
LOAD build/stm32f4xx_hal_flash_ex.o
LOAD build/stm32f4xx_hal_flash_ramfunc.o
LOAD build/stm32f4xx_hal_gpio.o
LOAD build/stm32f4xx_hal_dma_ex.o
LOAD build/stm32f4xx_hal_dma.o
LOAD build/stm32f4xx_hal_pwr.o
LOAD build/stm32f4xx_hal_pwr_ex.o
LOAD build/stm32f4xx_hal_cortex.o
LOAD build/stm32f4xx_hal.o
LOAD build/stm32f4xx_hal_exti.o
LOAD build/stm32f4xx_hal_i2c.o
LOAD build/stm32f4xx_hal_i2c_ex.o
LOAD build/stm32f4xx_hal_i2s.o
LOAD build/stm32f4xx_hal_i2s_ex.o
LOAD build/stm32f4xx_hal_spi.o
LOAD build/stm32f4xx_hal_tim.o
LOAD build/stm32f4xx_hal_tim_ex.o
LOAD build/system_stm32f4xx.o
LOAD build/usbh_core.o
LOAD build/usbh_ctlreq.o
LOAD build/usbh_ioreq.o
LOAD build/usbh_pipes.o
LOAD build/usbh_cdc.o
LOAD build/startup_stm32f407xx.o
LOAD /usr/lib/gcc/arm-none-eabi/9.2.1/../../../arm-none-eabi/lib/thumb/v7e-m+fp/hard/libc_nano.a
LOAD /usr/lib/gcc/arm-none-eabi/9.2.1/../../../arm-none-eabi/lib/thumb/v7e-m+fp/hard/libm.a
LOAD /usr/lib/gcc/arm-none-eabi/9.2.1/../../../arm-none-eabi/lib/thumb/v7e-m+fp/hard/libnosys.a
START GROUP
LOAD /usr/lib/gcc/arm-none-eabi/9.2.1/thumb/v7e-m+fp/hard/libgcc.a
LOAD /usr/lib/gcc/arm-none-eabi/9.2.1/../../../arm-none-eabi/lib/thumb/v7e-m+fp/hard/libc_nano.a
END GROUP
START GROUP
LOAD /usr/lib/gcc/arm-none-eabi/9.2.1/thumb/v7e-m+fp/hard/libgcc.a
LOAD /usr/lib/gcc/arm-none-eabi/9.2.1/../../../arm-none-eabi/lib/thumb/v7e-m+fp/hard/libc_nano.a
END GROUP
LOAD /usr/lib/gcc/arm-none-eabi/9.2.1/thumb/v7e-m+fp/hard/crtend.o
LOAD /usr/lib/gcc/arm-none-eabi/9.2.1/thumb/v7e-m+fp/hard/crtn.o
                0x0000000020020000                _estack = 0x20020000
                0x0000000000000200                _Min_Heap_Size = 0x200
                0x0000000000000400                _Min_Stack_Size = 0x400

.isr_vector     0x0000000008000000      0x188
                0x0000000008000000                . = ALIGN (0x4)
 *(.isr_vector)
 .isr_vector    0x0000000008000000      0x188 build/startup_stm32f407xx.o
                0x0000000008000000                g_pfnVectors
                0x0000000008000188                . = ALIGN (0x4)

.text           0x0000000008000188     0x46f8
                0x0000000008000188                . = ALIGN (0x4)
 *(.text)
 .text          0x0000000008000188       0x88 /usr/lib/gcc/arm-none-eabi/9.2.1/thumb/v7e-m+fp/hard/crtbegin.o
 .text          0x0000000008000210       0x48 /usr/lib/gcc/arm-none-eabi/9.2.1/../../../arm-none-eabi/lib/thumb/v7e-m+fp/hard/libc_nano.a(lib_a-init.o)
                0x0000000008000210                __libc_init_array
 .text          0x0000000008000258       0x20 /usr/lib/gcc/arm-none-eabi/9.2.1/../../../arm-none-eabi/lib/thumb/v7e-m+fp/hard/libc_nano.a(lib_a-malloc.o)
                0x0000000008000258                malloc
                0x0000000008000268                free
 .text          0x0000000008000278       0xa0 /usr/lib/gcc/arm-none-eabi/9.2.1/../../../arm-none-eabi/lib/thumb/v7e-m+fp/hard/libc_nano.a(lib_a-memset.o)
                0x0000000008000278                memset
 .text          0x0000000008000318       0xac /usr/lib/gcc/arm-none-eabi/9.2.1/../../../arm-none-eabi/lib/thumb/v7e-m+fp/hard/libc_nano.a(lib_a-nano-freer.o)
                0x0000000008000318                _free_r
 .text          0x00000000080003c4       0xc8 /usr/lib/gcc/arm-none-eabi/9.2.1/../../../arm-none-eabi/lib/thumb/v7e-m+fp/hard/libc_nano.a(lib_a-nano-mallocr.o)
                0x00000000080003c4                _malloc_r
 .text          0x000000000800048c       0x24 /usr/lib/gcc/arm-none-eabi/9.2.1/../../../arm-none-eabi/lib/thumb/v7e-m+fp/hard/libc_nano.a(lib_a-sbrkr.o)
                0x000000000800048c                _sbrk_r
 .text          0x00000000080004b0        0x8 /usr/lib/gcc/arm-none-eabi/9.2.1/../../../arm-none-eabi/lib/thumb/v7e-m+fp/hard/libc_nano.a(lib_a-mlock.o)
                0x00000000080004b0                __malloc_lock
                0x00000000080004b4                __malloc_unlock
 .text          0x00000000080004b8       0x1c /usr/lib/gcc/arm-none-eabi/9.2.1/../../../arm-none-eabi/lib/thumb/v7e-m+fp/hard/libnosys.a(sbrk.o)
                0x00000000080004b8                _sbrk
 .text          0x00000000080004d4       0x30 /usr/lib/gcc/arm-none-eabi/9.2.1/thumb/v7e-m+fp/hard/libgcc.a(_aeabi_uldivmod.o)
                0x00000000080004d4                __aeabi_uldivmod
 .text          0x0000000008000504      0x2c4 /usr/lib/gcc/arm-none-eabi/9.2.1/thumb/v7e-m+fp/hard/libgcc.a(_udivmoddi4.o)
                0x0000000008000504                __udivmoddi4
 .text          0x00000000080007c8        0x4 /usr/lib/gcc/arm-none-eabi/9.2.1/thumb/v7e-m+fp/hard/libgcc.a(_dvmd_tls.o)
                0x00000000080007c8                __aeabi_ldiv0
                0x00000000080007c8                __aeabi_idiv0
 *(.text*)
 .text.MX_GPIO_Init
                0x00000000080007cc      0x18c build/main.o
 .text.Error_Handler
                0x0000000008000958        0x4 build/main.o
                0x0000000008000958                Error_Handler
 .text.MX_I2C1_Init
                0x000000000800095c       0x38 build/main.o
 .text.MX_I2S3_Init
                0x0000000008000994       0x38 build/main.o
 .text.MX_SPI1_Init
                0x00000000080009cc       0x40 build/main.o
 .text.SystemClock_Config
                0x0000000008000a0c       0xcc build/main.o
                0x0000000008000a0c                SystemClock_Config
 .text.main     0x0000000008000ad8       0x3c build/main.o
                0x0000000008000ad8                main
 .text.NMI_Handler
                0x0000000008000b14        0x2 build/stm32f4xx_it.o
                0x0000000008000b14                NMI_Handler
 .text.HardFault_Handler
                0x0000000008000b16        0x2 build/stm32f4xx_it.o
                0x0000000008000b16                HardFault_Handler
 .text.MemManage_Handler
                0x0000000008000b18        0x2 build/stm32f4xx_it.o
                0x0000000008000b18                MemManage_Handler
 .text.BusFault_Handler
                0x0000000008000b1a        0x2 build/stm32f4xx_it.o
                0x0000000008000b1a                BusFault_Handler
 .text.UsageFault_Handler
                0x0000000008000b1c        0x2 build/stm32f4xx_it.o
                0x0000000008000b1c                UsageFault_Handler
 .text.SVC_Handler
                0x0000000008000b1e        0x2 build/stm32f4xx_it.o
                0x0000000008000b1e                SVC_Handler
 .text.DebugMon_Handler
                0x0000000008000b20        0x2 build/stm32f4xx_it.o
                0x0000000008000b20                DebugMon_Handler
 .text.PendSV_Handler
                0x0000000008000b22        0x2 build/stm32f4xx_it.o
                0x0000000008000b22                PendSV_Handler
 .text.SysTick_Handler
                0x0000000008000b24        0x8 build/stm32f4xx_it.o
                0x0000000008000b24                SysTick_Handler
 .text.OTG_FS_IRQHandler
                0x0000000008000b2c       0x10 build/stm32f4xx_it.o
                0x0000000008000b2c                OTG_FS_IRQHandler
 .text.HAL_MspInit
                0x0000000008000b3c       0x40 build/stm32f4xx_hal_msp.o
                0x0000000008000b3c                HAL_MspInit
 .text.HAL_I2C_MspInit
                0x0000000008000b7c       0x74 build/stm32f4xx_hal_msp.o
                0x0000000008000b7c                HAL_I2C_MspInit
 .text.HAL_I2S_MspInit
                0x0000000008000bf0       0x9c build/stm32f4xx_hal_msp.o
                0x0000000008000bf0                HAL_I2S_MspInit
 .text.HAL_SPI_MspInit
                0x0000000008000c8c       0x70 build/stm32f4xx_hal_msp.o
                0x0000000008000c8c                HAL_SPI_MspInit
 .text.USBH_UserProcess
                0x0000000008000cfc       0x2c build/usb_host.o
 .text.MX_USB_HOST_Init
                0x0000000008000d28       0x40 build/usb_host.o
                0x0000000008000d28                MX_USB_HOST_Init
 .text.MX_USB_HOST_Process
                0x0000000008000d68       0x10 build/usb_host.o
                0x0000000008000d68                MX_USB_HOST_Process
 .text.HAL_HCD_MspInit
                0x0000000008000d78       0x98 build/usbh_conf.o
                0x0000000008000d78                HAL_HCD_MspInit
 .text.HAL_HCD_SOF_Callback
                0x0000000008000e10        0xc build/usbh_conf.o
                0x0000000008000e10                HAL_HCD_SOF_Callback
 .text.HAL_HCD_Connect_Callback
                0x0000000008000e1c        0xc build/usbh_conf.o
                0x0000000008000e1c                HAL_HCD_Connect_Callback
 .text.HAL_HCD_Disconnect_Callback
                0x0000000008000e28        0xc build/usbh_conf.o
                0x0000000008000e28                HAL_HCD_Disconnect_Callback
 .text.HAL_HCD_HC_NotifyURBChange_Callback
                0x0000000008000e34        0x2 build/usbh_conf.o
                0x0000000008000e34                HAL_HCD_HC_NotifyURBChange_Callback
 .text.HAL_HCD_PortEnabled_Callback
                0x0000000008000e36        0xc build/usbh_conf.o
                0x0000000008000e36                HAL_HCD_PortEnabled_Callback
 .text.HAL_HCD_PortDisabled_Callback
                0x0000000008000e42        0xc build/usbh_conf.o
                0x0000000008000e42                HAL_HCD_PortDisabled_Callback
 *fill*         0x0000000008000e4e        0x2 
 .text.USBH_LL_Init
                0x0000000008000e50       0x54 build/usbh_conf.o
                0x0000000008000e50                USBH_LL_Init
 .text.USBH_LL_GetSpeed
                0x0000000008000ea4       0x20 build/usbh_conf.o
                0x0000000008000ea4                USBH_LL_GetSpeed
 .text.USBH_LL_GetLastXferSize
                0x0000000008000ec4        0xc build/usbh_conf.o
                0x0000000008000ec4                USBH_LL_GetLastXferSize
 .text.USBH_LL_GetURBState
                0x0000000008000ed0        0xc build/usbh_conf.o
                0x0000000008000ed0                USBH_LL_GetURBState
 .text.USBH_LL_DriverVBUS
                0x0000000008000edc       0x1c build/usbh_conf.o
                0x0000000008000edc                USBH_LL_DriverVBUS
 .text.USBH_LL_SetToggle
                0x0000000008000ef8       0x30 build/usbh_conf.o
                0x0000000008000ef8                USBH_LL_SetToggle
 .text.USBH_Delay
                0x0000000008000f28        0x8 build/usbh_conf.o
                0x0000000008000f28                USBH_Delay
 .text.USBH_Get_USB_Status
                0x0000000008000f30       0x14 build/usbh_conf.o
                0x0000000008000f30                USBH_Get_USB_Status
 .text.USBH_LL_Start
                0x0000000008000f44       0x10 build/usbh_conf.o
                0x0000000008000f44                USBH_LL_Start
 .text.USBH_LL_Stop
                0x0000000008000f54       0x10 build/usbh_conf.o
                0x0000000008000f54                USBH_LL_Stop
 .text.USBH_LL_ResetPort
                0x0000000008000f64       0x10 build/usbh_conf.o
                0x0000000008000f64                USBH_LL_ResetPort
 .text.USBH_LL_OpenPipe
                0x0000000008000f74       0x26 build/usbh_conf.o
                0x0000000008000f74                USBH_LL_OpenPipe
 .text.USBH_LL_ClosePipe
                0x0000000008000f9a       0x10 build/usbh_conf.o
                0x0000000008000f9a                USBH_LL_ClosePipe
 .text.USBH_LL_SubmitURB
                0x0000000008000faa       0x2a build/usbh_conf.o
                0x0000000008000faa                USBH_LL_SubmitURB
 .text.MX_DriverVbusFS
                0x0000000008000fd4       0x18 build/usbh_platform.o
                0x0000000008000fd4                MX_DriverVbusFS
 .text.HCD_RXQLVL_IRQHandler
                0x0000000008000fec       0x84 build/stm32f4xx_hal_hcd.o
 .text.HAL_HCD_HC_Init
                0x0000000008001070       0x96 build/stm32f4xx_hal_hcd.o
                0x0000000008001070                HAL_HCD_HC_Init
 .text.HAL_HCD_HC_Halt
                0x0000000008001106       0x24 build/stm32f4xx_hal_hcd.o
                0x0000000008001106                HAL_HCD_HC_Halt
 .text.HAL_HCD_Init
                0x000000000800112a       0x94 build/stm32f4xx_hal_hcd.o
                0x000000000800112a                HAL_HCD_Init
 .text.HAL_HCD_HC_SubmitRequest
                0x00000000080011be      0x192 build/stm32f4xx_hal_hcd.o
                0x00000000080011be                HAL_HCD_HC_SubmitRequest
 .text.HCD_Port_IRQHandler
                0x0000000008001350       0xb0 build/stm32f4xx_hal_hcd.o
 .text.HCD_HC_IN_IRQHandler
                0x0000000008001400      0x328 build/stm32f4xx_hal_hcd.o
 .text.HCD_HC_OUT_IRQHandler
                0x0000000008001728      0x2b0 build/stm32f4xx_hal_hcd.o
 .text.HAL_HCD_IRQHandler
                0x00000000080019d8      0x146 build/stm32f4xx_hal_hcd.o
                0x00000000080019d8                HAL_HCD_IRQHandler
 .text.HAL_HCD_Start
                0x0000000008001b1e       0x2c build/stm32f4xx_hal_hcd.o
                0x0000000008001b1e                HAL_HCD_Start
 .text.HAL_HCD_Stop
                0x0000000008001b4a       0x24 build/stm32f4xx_hal_hcd.o
                0x0000000008001b4a                HAL_HCD_Stop
 .text.HAL_HCD_ResetPort
                0x0000000008001b6e        0xa build/stm32f4xx_hal_hcd.o
                0x0000000008001b6e                HAL_HCD_ResetPort
 .text.HAL_HCD_HC_GetURBState
                0x0000000008001b78        0xe build/stm32f4xx_hal_hcd.o
                0x0000000008001b78                HAL_HCD_HC_GetURBState
 .text.HAL_HCD_HC_GetXferCount
                0x0000000008001b86        0xc build/stm32f4xx_hal_hcd.o
                0x0000000008001b86                HAL_HCD_HC_GetXferCount
 .text.HAL_HCD_GetCurrentFrame
                0x0000000008001b92        0xa build/stm32f4xx_hal_hcd.o
                0x0000000008001b92                HAL_HCD_GetCurrentFrame
 .text.HAL_HCD_GetCurrentSpeed
                0x0000000008001b9c        0xa build/stm32f4xx_hal_hcd.o
                0x0000000008001b9c                HAL_HCD_GetCurrentSpeed
 *fill*         0x0000000008001ba6        0x2 
 .text.USB_CoreReset
                0x0000000008001ba8       0x3c build/stm32f4xx_ll_usb.o
 .text.USB_CoreInit
                0x0000000008001be4       0x8a build/stm32f4xx_ll_usb.o
                0x0000000008001be4                USB_CoreInit
 .text.USB_EnableGlobalInt
                0x0000000008001c6e        0xc build/stm32f4xx_ll_usb.o
                0x0000000008001c6e                USB_EnableGlobalInt
 .text.USB_DisableGlobalInt
                0x0000000008001c7a        0xc build/stm32f4xx_ll_usb.o
                0x0000000008001c7a                USB_DisableGlobalInt
 .text.USB_SetCurrentMode
                0x0000000008001c86       0x30 build/stm32f4xx_ll_usb.o
                0x0000000008001c86                USB_SetCurrentMode
 *fill*         0x0000000008001cb6        0x2 
 .text.USB_FlushTxFifo
                0x0000000008001cb8       0x28 build/stm32f4xx_ll_usb.o
                0x0000000008001cb8                USB_FlushTxFifo
 .text.USB_FlushRxFifo
                0x0000000008001ce0       0x24 build/stm32f4xx_ll_usb.o
                0x0000000008001ce0                USB_FlushRxFifo
 .text.USB_WritePacket
                0x0000000008001d04       0x28 build/stm32f4xx_ll_usb.o
                0x0000000008001d04                USB_WritePacket
 .text.USB_ReadPacket
                0x0000000008001d2c       0x22 build/stm32f4xx_ll_usb.o
                0x0000000008001d2c                USB_ReadPacket
 .text.USB_ReadInterrupts
                0x0000000008001d4e        0x8 build/stm32f4xx_ll_usb.o
                0x0000000008001d4e                USB_ReadInterrupts
 .text.USB_GetMode
                0x0000000008001d56        0x8 build/stm32f4xx_ll_usb.o
                0x0000000008001d56                USB_GetMode
 .text.USB_InitFSLSPClkSel
                0x0000000008001d5e       0x40 build/stm32f4xx_ll_usb.o
                0x0000000008001d5e                USB_InitFSLSPClkSel
 .text.USB_ResetPort
                0x0000000008001d9e       0x3e build/stm32f4xx_ll_usb.o
                0x0000000008001d9e                USB_ResetPort
 .text.USB_DriveVbus
                0x0000000008001ddc       0x46 build/stm32f4xx_ll_usb.o
                0x0000000008001ddc                USB_DriveVbus
 *fill*         0x0000000008001e22        0x2 
 .text.USB_HostInit
                0x0000000008001e24       0xfc build/stm32f4xx_ll_usb.o
                0x0000000008001e24                USB_HostInit
 .text.USB_GetHostSpeed
                0x0000000008001f20       0x16 build/stm32f4xx_ll_usb.o
                0x0000000008001f20                USB_GetHostSpeed
 .text.USB_GetCurrentFrame
                0x0000000008001f36        0xa build/stm32f4xx_ll_usb.o
                0x0000000008001f36                USB_GetCurrentFrame
 .text.USB_HC_Init
                0x0000000008001f40      0x108 build/stm32f4xx_ll_usb.o
                0x0000000008001f40                USB_HC_Init
 .text.USB_HC_ReadInterrupt
                0x0000000008002048        0xa build/stm32f4xx_ll_usb.o
                0x0000000008002048                USB_HC_ReadInterrupt
 .text.USB_HC_Halt
                0x0000000008002052       0xd0 build/stm32f4xx_ll_usb.o
                0x0000000008002052                USB_HC_Halt
 *fill*         0x0000000008002122        0x2 
 .text.USB_DoPing
                0x0000000008002124       0x24 build/stm32f4xx_ll_usb.o
                0x0000000008002124                USB_DoPing
 .text.USB_HC_StartXfer
                0x0000000008002148      0x158 build/stm32f4xx_ll_usb.o
                0x0000000008002148                USB_HC_StartXfer
 .text.USB_StopHost
                0x00000000080022a0       0x7e build/stm32f4xx_ll_usb.o
                0x00000000080022a0                USB_StopHost
 *fill*         0x000000000800231e        0x2 
 .text.HAL_RCC_OscConfig
                0x0000000008002320      0x3ec build/stm32f4xx_hal_rcc.o
                0x0000000008002320                HAL_RCC_OscConfig
 .text.HAL_RCC_GetSysClockFreq
                0x000000000800270c       0xcc build/stm32f4xx_hal_rcc.o
                0x000000000800270c                HAL_RCC_GetSysClockFreq
 .text.HAL_RCC_ClockConfig
                0x00000000080027d8      0x160 build/stm32f4xx_hal_rcc.o
                0x00000000080027d8                HAL_RCC_ClockConfig
 .text.HAL_RCC_GetHCLKFreq
                0x0000000008002938        0xc build/stm32f4xx_hal_rcc.o
                0x0000000008002938                HAL_RCC_GetHCLKFreq
 .text.HAL_RCC_GetPCLK1Freq
                0x0000000008002944       0x20 build/stm32f4xx_hal_rcc.o
                0x0000000008002944                HAL_RCC_GetPCLK1Freq
 .text.HAL_RCCEx_PeriphCLKConfig
                0x0000000008002964      0x154 build/stm32f4xx_hal_rcc_ex.o
                0x0000000008002964                HAL_RCCEx_PeriphCLKConfig
 .text.HAL_RCCEx_GetPeriphCLKFreq
                0x0000000008002ab8       0x74 build/stm32f4xx_hal_rcc_ex.o
                0x0000000008002ab8                HAL_RCCEx_GetPeriphCLKFreq
 .text.HAL_GPIO_Init
                0x0000000008002b2c      0x1cc build/stm32f4xx_hal_gpio.o
                0x0000000008002b2c                HAL_GPIO_Init
 .text.HAL_GPIO_WritePin
                0x0000000008002cf8        0xc build/stm32f4xx_hal_gpio.o
                0x0000000008002cf8                HAL_GPIO_WritePin
 .text.HAL_GPIO_TogglePin
                0x0000000008002d04       0x12 build/stm32f4xx_hal_gpio.o
                0x0000000008002d04                HAL_GPIO_TogglePin
 *fill*         0x0000000008002d16        0x2 
 .text.HAL_NVIC_SetPriorityGrouping
                0x0000000008002d18       0x24 build/stm32f4xx_hal_cortex.o
                0x0000000008002d18                HAL_NVIC_SetPriorityGrouping
 .text.HAL_NVIC_SetPriority
                0x0000000008002d3c       0x68 build/stm32f4xx_hal_cortex.o
                0x0000000008002d3c                HAL_NVIC_SetPriority
 .text.HAL_NVIC_EnableIRQ
                0x0000000008002da4       0x1c build/stm32f4xx_hal_cortex.o
                0x0000000008002da4                HAL_NVIC_EnableIRQ
 .text.HAL_SYSTICK_Config
                0x0000000008002dc0       0x2c build/stm32f4xx_hal_cortex.o
                0x0000000008002dc0                HAL_SYSTICK_Config
 .text.HAL_InitTick
                0x0000000008002dec       0x4c build/stm32f4xx_hal.o
                0x0000000008002dec                HAL_InitTick
 .text.HAL_Init
                0x0000000008002e38       0x34 build/stm32f4xx_hal.o
                0x0000000008002e38                HAL_Init
 .text.HAL_IncTick
                0x0000000008002e6c       0x18 build/stm32f4xx_hal.o
                0x0000000008002e6c                HAL_IncTick
 .text.HAL_GetTick
                0x0000000008002e84        0xc build/stm32f4xx_hal.o
                0x0000000008002e84                HAL_GetTick
 .text.HAL_Delay
                0x0000000008002e90       0x28 build/stm32f4xx_hal.o
                0x0000000008002e90                HAL_Delay
 .text.HAL_I2C_Init
                0x0000000008002eb8      0x1bc build/stm32f4xx_hal_i2c.o
                0x0000000008002eb8                HAL_I2C_Init
 .text.HAL_I2S_Init
                0x0000000008003074      0x19c build/stm32f4xx_hal_i2s.o
                0x0000000008003074                HAL_I2S_Init
 .text.HAL_I2S_TxCpltCallback
                0x0000000008003210        0x2 build/stm32f4xx_hal_i2s.o
                0x0000000008003210                HAL_I2S_TxCpltCallback
 .text.I2S_Transmit_IT
                0x0000000008003212       0x38 build/stm32f4xx_hal_i2s.o
 .text.HAL_I2S_RxCpltCallback
                0x000000000800324a        0x2 build/stm32f4xx_hal_i2s.o
                0x000000000800324a                HAL_I2S_RxCpltCallback
 .text.I2S_Receive_IT
                0x000000000800324c       0x38 build/stm32f4xx_hal_i2s.o
 .text.HAL_I2S_ErrorCallback
                0x0000000008003284        0x2 build/stm32f4xx_hal_i2s.o
                0x0000000008003284                HAL_I2S_ErrorCallback
 .text.I2S_IRQHandler
                0x0000000008003286       0xd0 build/stm32f4xx_hal_i2s.o
 .text.HAL_I2SEx_TxRxCpltCallback
                0x0000000008003356        0x2 build/stm32f4xx_hal_i2s_ex.o
                0x0000000008003356                HAL_I2SEx_TxRxCpltCallback
 .text.I2SEx_TxISR_I2S
                0x0000000008003358       0x3c build/stm32f4xx_hal_i2s_ex.o
 .text.I2SEx_RxISR_I2SExt
                0x0000000008003394       0x64 build/stm32f4xx_hal_i2s_ex.o
 .text.I2SEx_TxISR_I2SExt
                0x00000000080033f8       0x64 build/stm32f4xx_hal_i2s_ex.o
 .text.I2SEx_RxISR_I2S
                0x000000000800345c       0x3c build/stm32f4xx_hal_i2s_ex.o
 .text.HAL_I2SEx_FullDuplex_IRQHandler
                0x0000000008003498      0x1d8 build/stm32f4xx_hal_i2s_ex.o
                0x0000000008003498                HAL_I2SEx_FullDuplex_IRQHandler
 .text.HAL_SPI_Init
                0x0000000008003670       0x80 build/stm32f4xx_hal_spi.o
                0x0000000008003670                HAL_SPI_Init
 .text.SystemInit
                0x00000000080036f0       0x1c build/system_stm32f4xx.o
                0x00000000080036f0                SystemInit
 .text.DeInitStateMachine
                0x000000000800370c       0x5a build/usbh_core.o
 .text.USBH_HandleSof
                0x0000000008003766       0x1a build/usbh_core.o
 .text.USBH_HandleEnum
                0x0000000008003780      0x26e build/usbh_core.o
 .text.USBH_Init
                0x00000000080039ee       0x3e build/usbh_core.o
                0x00000000080039ee                USBH_Init
 .text.USBH_RegisterClass
                0x0000000008003a2c       0x22 build/usbh_core.o
                0x0000000008003a2c                USBH_RegisterClass
 .text.USBH_SelectInterface
                0x0000000008003a4e       0x14 build/usbh_core.o
                0x0000000008003a4e                USBH_SelectInterface
 .text.USBH_FindInterface
                0x0000000008003a62       0x50 build/usbh_core.o
                0x0000000008003a62                USBH_FindInterface
 .text.USBH_Start
                0x0000000008003ab2       0x14 build/usbh_core.o
                0x0000000008003ab2                USBH_Start
 .text.USBH_Process
                0x0000000008003ac6      0x280 build/usbh_core.o
                0x0000000008003ac6                USBH_Process
 .text.USBH_LL_SetTimer
                0x0000000008003d46        0x6 build/usbh_core.o
                0x0000000008003d46                USBH_LL_SetTimer
 .text.USBH_LL_IncTimer
                0x0000000008003d4c       0x12 build/usbh_core.o
                0x0000000008003d4c                USBH_LL_IncTimer
 .text.USBH_LL_PortEnabled
                0x0000000008003d5e        0x8 build/usbh_core.o
                0x0000000008003d5e                USBH_LL_PortEnabled
 .text.USBH_LL_PortDisabled
                0x0000000008003d66        0x8 build/usbh_core.o
                0x0000000008003d66                USBH_LL_PortDisabled
 .text.USBH_LL_Connect
                0x0000000008003d6e       0x14 build/usbh_core.o
                0x0000000008003d6e                USBH_LL_Connect
 .text.USBH_LL_Disconnect
                0x0000000008003d82       0x2c build/usbh_core.o
                0x0000000008003d82                USBH_LL_Disconnect
 .text.USBH_ParseDevDesc
                0x0000000008003dae       0x5c build/usbh_ctlreq.o
 .text.USBH_ParseInterfaceDesc
                0x0000000008003e0a       0x26 build/usbh_ctlreq.o
 .text.USBH_ParseEPDesc
                0x0000000008003e30       0x20 build/usbh_ctlreq.o
 .text.USBH_ParseStringDesc
                0x0000000008003e50       0x3c build/usbh_ctlreq.o
 .text.USBH_HandleControl
                0x0000000008003e8c      0x1d8 build/usbh_ctlreq.o
 .text.USBH_GetNextDesc
                0x0000000008004064        0xe build/usbh_ctlreq.o
                0x0000000008004064                USBH_GetNextDesc
 .text.USBH_ParseCfgDesc
                0x0000000008004072       0xc2 build/usbh_ctlreq.o
 .text.USBH_CtlReq
                0x0000000008004134       0x40 build/usbh_ctlreq.o
                0x0000000008004134                USBH_CtlReq
 .text.USBH_GetDescriptor
                0x0000000008004174       0x3e build/usbh_ctlreq.o
                0x0000000008004174                USBH_GetDescriptor
 .text.USBH_Get_DevDesc
                0x00000000080041b2       0x32 build/usbh_ctlreq.o
                0x00000000080041b2                USBH_Get_DevDesc
 .text.USBH_Get_CfgDesc
                0x00000000080041e4       0x32 build/usbh_ctlreq.o
                0x00000000080041e4                USBH_Get_CfgDesc
 .text.USBH_Get_StringDesc
                0x0000000008004216       0x30 build/usbh_ctlreq.o
                0x0000000008004216                USBH_Get_StringDesc
 .text.USBH_SetAddress
                0x0000000008004246       0x22 build/usbh_ctlreq.o
                0x0000000008004246                USBH_SetAddress
 .text.USBH_SetCfg
                0x0000000008004268       0x22 build/usbh_ctlreq.o
                0x0000000008004268                USBH_SetCfg
 .text.USBH_SetFeature
                0x000000000800428a       0x22 build/usbh_ctlreq.o
                0x000000000800428a                USBH_SetFeature
 .text.USBH_ClrFeature
                0x00000000080042ac       0x24 build/usbh_ctlreq.o
                0x00000000080042ac                USBH_ClrFeature
 .text.USBH_CtlSendSetup
                0x00000000080042d0       0x22 build/usbh_ioreq.o
                0x00000000080042d0                USBH_CtlSendSetup
 .text.USBH_CtlSendData
                0x00000000080042f2       0x2c build/usbh_ioreq.o
                0x00000000080042f2                USBH_CtlSendData
 .text.USBH_CtlReceiveData
                0x000000000800431e       0x20 build/usbh_ioreq.o
                0x000000000800431e                USBH_CtlReceiveData
 .text.USBH_BulkSendData
                0x000000000800433e       0x2c build/usbh_ioreq.o
                0x000000000800433e                USBH_BulkSendData
 .text.USBH_BulkReceiveData
                0x000000000800436a       0x20 build/usbh_ioreq.o
                0x000000000800436a                USBH_BulkReceiveData
 .text.USBH_GetFreePipe
                0x000000000800438a       0x26 build/usbh_pipes.o
 .text.USBH_OpenPipe
                0x00000000080043b0       0x20 build/usbh_pipes.o
                0x00000000080043b0                USBH_OpenPipe
 .text.USBH_ClosePipe
                0x00000000080043d0        0xa build/usbh_pipes.o
                0x00000000080043d0                USBH_ClosePipe
 .text.USBH_AllocPipe
                0x00000000080043da       0x26 build/usbh_pipes.o
                0x00000000080043da                USBH_AllocPipe
 .text.USBH_FreePipe
                0x0000000008004400       0x16 build/usbh_pipes.o
                0x0000000008004400                USBH_FreePipe
 .text.USBH_CDC_SOFProcess
                0x0000000008004416        0x4 build/usbh_cdc.o
 .text.SetLineCoding
                0x000000000800441a       0x1a build/usbh_cdc.o
 .text.GetLineCoding
                0x0000000008004434       0x1a build/usbh_cdc.o
 .text.USBH_CDC_ClassRequest
                0x000000000800444e       0x22 build/usbh_cdc.o
 .text.USBH_CDC_InterfaceDeInit
                0x0000000008004470       0x68 build/usbh_cdc.o
 .text.USBH_CDC_InterfaceInit
                0x00000000080044d8      0x186 build/usbh_cdc.o
 .text.USBH_CDC_TransmitCallback
                0x000000000800465e        0x2 build/usbh_cdc.o
                0x000000000800465e                USBH_CDC_TransmitCallback
 .text.CDC_ProcessTransmission
                0x0000000008004660       0x94 build/usbh_cdc.o
 .text.USBH_CDC_ReceiveCallback
                0x00000000080046f4        0x2 build/usbh_cdc.o
                0x00000000080046f4                USBH_CDC_ReceiveCallback
 .text.CDC_ProcessReception
                0x00000000080046f6       0x68 build/usbh_cdc.o
 .text.USBH_CDC_LineCodingChanged
                0x000000000800475e        0x2 build/usbh_cdc.o
                0x000000000800475e                USBH_CDC_LineCodingChanged
 .text.USBH_CDC_Process
                0x0000000008004760       0xb2 build/usbh_cdc.o
 *fill*         0x0000000008004812        0x2 
 .text.Reset_Handler
                0x0000000008004814       0x50 build/startup_stm32f407xx.o
                0x0000000008004814                Reset_Handler
 .text.Default_Handler
                0x0000000008004864        0x2 build/startup_stm32f407xx.o
                0x0000000008004864                RTC_Alarm_IRQHandler
                0x0000000008004864                HASH_RNG_IRQHandler
                0x0000000008004864                EXTI2_IRQHandler
                0x0000000008004864                TIM8_CC_IRQHandler
                0x0000000008004864                TIM1_CC_IRQHandler
                0x0000000008004864                DMA2_Stream5_IRQHandler
                0x0000000008004864                DMA1_Stream5_IRQHandler
                0x0000000008004864                PVD_IRQHandler
                0x0000000008004864                SDIO_IRQHandler
                0x0000000008004864                TAMP_STAMP_IRQHandler
                0x0000000008004864                CAN2_RX1_IRQHandler
                0x0000000008004864                EXTI3_IRQHandler
                0x0000000008004864                TIM8_TRG_COM_TIM14_IRQHandler
                0x0000000008004864                TIM1_UP_TIM10_IRQHandler
                0x0000000008004864                TIM8_UP_TIM13_IRQHandler
                0x0000000008004864                I2C3_ER_IRQHandler
                0x0000000008004864                EXTI0_IRQHandler
                0x0000000008004864                I2C2_EV_IRQHandler
                0x0000000008004864                DMA1_Stream2_IRQHandler
                0x0000000008004864                CAN1_RX0_IRQHandler
                0x0000000008004864                FPU_IRQHandler
                0x0000000008004864                OTG_HS_WKUP_IRQHandler
                0x0000000008004864                CAN2_SCE_IRQHandler
                0x0000000008004864                DMA2_Stream2_IRQHandler
                0x0000000008004864                SPI1_IRQHandler
                0x0000000008004864                TIM6_DAC_IRQHandler
                0x0000000008004864                TIM1_BRK_TIM9_IRQHandler
                0x0000000008004864                DCMI_IRQHandler
                0x0000000008004864                CAN2_RX0_IRQHandler
                0x0000000008004864                DMA2_Stream3_IRQHandler
                0x0000000008004864                USART6_IRQHandler
                0x0000000008004864                USART3_IRQHandler
                0x0000000008004864                CAN1_RX1_IRQHandler
                0x0000000008004864                UART5_IRQHandler
                0x0000000008004864                DMA2_Stream0_IRQHandler
                0x0000000008004864                TIM4_IRQHandler
                0x0000000008004864                I2C1_EV_IRQHandler
                0x0000000008004864                DMA1_Stream6_IRQHandler
                0x0000000008004864                DMA1_Stream1_IRQHandler
                0x0000000008004864                UART4_IRQHandler
                0x0000000008004864                TIM3_IRQHandler
                0x0000000008004864                RCC_IRQHandler
                0x0000000008004864                TIM8_BRK_TIM12_IRQHandler
                0x0000000008004864                Default_Handler
                0x0000000008004864                EXTI15_10_IRQHandler
                0x0000000008004864                ADC_IRQHandler
                0x0000000008004864                DMA1_Stream7_IRQHandler
                0x0000000008004864                TIM7_IRQHandler
                0x0000000008004864                CAN2_TX_IRQHandler
                0x0000000008004864                TIM5_IRQHandler
                0x0000000008004864                DMA2_Stream7_IRQHandler
                0x0000000008004864                I2C3_EV_IRQHandler
                0x0000000008004864                EXTI9_5_IRQHandler
                0x0000000008004864                RTC_WKUP_IRQHandler
                0x0000000008004864                ETH_WKUP_IRQHandler
                0x0000000008004864                SPI2_IRQHandler
                0x0000000008004864                OTG_HS_EP1_IN_IRQHandler
                0x0000000008004864                DMA1_Stream0_IRQHandler
                0x0000000008004864                CAN1_TX_IRQHandler
                0x0000000008004864                EXTI4_IRQHandler
                0x0000000008004864                FSMC_IRQHandler
                0x0000000008004864                ETH_IRQHandler
                0x0000000008004864                OTG_HS_EP1_OUT_IRQHandler
                0x0000000008004864                WWDG_IRQHandler
                0x0000000008004864                TIM2_IRQHandler
                0x0000000008004864                OTG_FS_WKUP_IRQHandler
                0x0000000008004864                TIM1_TRG_COM_TIM11_IRQHandler
                0x0000000008004864                OTG_HS_IRQHandler
                0x0000000008004864                EXTI1_IRQHandler
                0x0000000008004864                USART2_IRQHandler
                0x0000000008004864                I2C2_ER_IRQHandler
                0x0000000008004864                DMA2_Stream1_IRQHandler
                0x0000000008004864                CAN1_SCE_IRQHandler
                0x0000000008004864                FLASH_IRQHandler
                0x0000000008004864                DMA2_Stream4_IRQHandler
                0x0000000008004864                USART1_IRQHandler
                0x0000000008004864                SPI3_IRQHandler
                0x0000000008004864                DMA1_Stream4_IRQHandler
                0x0000000008004864                I2C1_ER_IRQHandler
                0x0000000008004864                DMA2_Stream6_IRQHandler
                0x0000000008004864                DMA1_Stream3_IRQHandler
 *(.glue_7)
 .glue_7        0x0000000008004866        0x0 linker stubs
 *(.glue_7t)
 .glue_7t       0x0000000008004866        0x0 linker stubs
 *(.eh_frame)
 *fill*         0x0000000008004866        0x2 
 .eh_frame      0x0000000008004868        0x0 /usr/lib/gcc/arm-none-eabi/9.2.1/thumb/v7e-m+fp/hard/crtbegin.o
 *(.init)
 .init          0x0000000008004868        0x4 /usr/lib/gcc/arm-none-eabi/9.2.1/thumb/v7e-m+fp/hard/crti.o
                0x0000000008004868                _init
 .init          0x000000000800486c        0x8 /usr/lib/gcc/arm-none-eabi/9.2.1/thumb/v7e-m+fp/hard/crtn.o
 *(.fini)
 .fini          0x0000000008004874        0x4 /usr/lib/gcc/arm-none-eabi/9.2.1/thumb/v7e-m+fp/hard/crti.o
                0x0000000008004874                _fini
 .fini          0x0000000008004878        0x8 /usr/lib/gcc/arm-none-eabi/9.2.1/thumb/v7e-m+fp/hard/crtn.o
                0x0000000008004880                . = ALIGN (0x4)
                0x0000000008004880                _etext = .

.vfp11_veneer   0x0000000008004880        0x0
 .vfp11_veneer  0x0000000008004880        0x0 linker stubs

.v4_bx          0x0000000008004880        0x0
 .v4_bx         0x0000000008004880        0x0 linker stubs

.iplt           0x0000000008004880        0x0
 .iplt          0x0000000008004880        0x0 /usr/lib/gcc/arm-none-eabi/9.2.1/thumb/v7e-m+fp/hard/crtbegin.o

.rodata         0x0000000008004880       0x1c
                0x0000000008004880                . = ALIGN (0x4)
 *(.rodata)
 *(.rodata*)
 .rodata.AHBPrescTable
                0x0000000008004880       0x10 build/system_stm32f4xx.o
                0x0000000008004880                AHBPrescTable
 .rodata.APBPrescTable
                0x0000000008004890        0x8 build/system_stm32f4xx.o
                0x0000000008004890                APBPrescTable
 .rodata.str1.4
                0x0000000008004898        0x4 build/usbh_cdc.o
                0x000000000800489c                . = ALIGN (0x4)

.ARM.extab
 *(.ARM.extab* .gnu.linkonce.armextab.*)

.ARM            0x000000000800489c        0x8
                0x000000000800489c                __exidx_start = .
 *(.ARM.exidx*)
 .ARM.exidx     0x000000000800489c        0x8 /usr/lib/gcc/arm-none-eabi/9.2.1/thumb/v7e-m+fp/hard/libgcc.a(_udivmoddi4.o)
                0x00000000080048a4                __exidx_end = .

.rel.dyn        0x00000000080048a4        0x0
 .rel.iplt      0x00000000080048a4        0x0 /usr/lib/gcc/arm-none-eabi/9.2.1/thumb/v7e-m+fp/hard/crtbegin.o

.preinit_array  0x00000000080048a4        0x0
                0x00000000080048a4                PROVIDE (__preinit_array_start = .)
 *(.preinit_array*)
                0x00000000080048a4                PROVIDE (__preinit_array_end = .)

.init_array     0x00000000080048a4        0x4
                0x00000000080048a4                PROVIDE (__init_array_start = .)
 *(SORT_BY_NAME(.init_array.*))
 *(.init_array*)
 .init_array    0x00000000080048a4        0x4 /usr/lib/gcc/arm-none-eabi/9.2.1/thumb/v7e-m+fp/hard/crtbegin.o
                0x00000000080048a8                PROVIDE (__init_array_end = .)

.fini_array     0x00000000080048a8        0x4
                0x00000000080048a8                PROVIDE (__fini_array_start = .)
 *(SORT_BY_NAME(.fini_array.*))
 *(.fini_array*)
 .fini_array    0x00000000080048a8        0x4 /usr/lib/gcc/arm-none-eabi/9.2.1/thumb/v7e-m+fp/hard/crtbegin.o
                0x00000000080048ac                PROVIDE (__fini_array_end = .)
                0x00000000080048ac                _sidata = LOADADDR (.data)

.data           0x0000000020000000       0x90 load address 0x00000000080048ac
                0x0000000020000000                . = ALIGN (0x4)
                0x0000000020000000                _sdata = .
 *(.data)
 .data          0x0000000020000000       0x64 /usr/lib/gcc/arm-none-eabi/9.2.1/../../../arm-none-eabi/lib/thumb/v7e-m+fp/hard/libc_nano.a(lib_a-impure.o)
                0x0000000020000000                _impure_ptr
 *(.data*)
 .data.uwTickFreq
                0x0000000020000064        0x1 build/stm32f4xx_hal.o
                0x0000000020000064                uwTickFreq
 *fill*         0x0000000020000065        0x3 
 .data.uwTickPrio
                0x0000000020000068        0x4 build/stm32f4xx_hal.o
                0x0000000020000068                uwTickPrio
 .data.SystemCoreClock
                0x000000002000006c        0x4 build/system_stm32f4xx.o
                0x000000002000006c                SystemCoreClock
 .data.CDC_Class
                0x0000000020000070       0x20 build/usbh_cdc.o
                0x0000000020000070                CDC_Class
                0x0000000020000090                . = ALIGN (0x4)
                0x0000000020000090                _edata = .
                0x000000000800493c                _siccmram = LOADADDR (.ccmram)

.tm_clone_table
                0x0000000020000090        0x0 load address 0x000000000800493c
 .tm_clone_table
                0x0000000020000090        0x0 /usr/lib/gcc/arm-none-eabi/9.2.1/thumb/v7e-m+fp/hard/crtbegin.o
 .tm_clone_table
                0x0000000020000090        0x0 /usr/lib/gcc/arm-none-eabi/9.2.1/thumb/v7e-m+fp/hard/crtend.o

.igot.plt       0x0000000020000090        0x0 load address 0x000000000800493c
 .igot.plt      0x0000000020000090        0x0 /usr/lib/gcc/arm-none-eabi/9.2.1/thumb/v7e-m+fp/hard/crtbegin.o

.ccmram         0x0000000010000000        0x0 load address 0x000000000800493c
                0x0000000010000000                . = ALIGN (0x4)
                0x0000000010000000                _sccmram = .
 *(.ccmram)
 *(.ccmram*)
                0x0000000010000000                . = ALIGN (0x4)
                0x0000000010000000                _eccmram = .
                0x0000000010000000                . = ALIGN (0x4)

.bss            0x0000000020000090      0x7c8
                0x0000000020000090                _sbss = .
                0x0000000020000090                __bss_start__ = _sbss
 *(.bss)
 .bss           0x0000000020000090       0x1c /usr/lib/gcc/arm-none-eabi/9.2.1/thumb/v7e-m+fp/hard/crtbegin.o
 .bss           0x00000000200000ac        0x8 /usr/lib/gcc/arm-none-eabi/9.2.1/../../../arm-none-eabi/lib/thumb/v7e-m+fp/hard/libc_nano.a(lib_a-nano-mallocr.o)
                0x00000000200000ac                __malloc_free_list
                0x00000000200000b0                __malloc_sbrk_start
 .bss           0x00000000200000b4        0x4 /usr/lib/gcc/arm-none-eabi/9.2.1/../../../arm-none-eabi/lib/thumb/v7e-m+fp/hard/libnosys.a(sbrk.o)
 *(.bss*)
 .bss.Appli_state
                0x00000000200000b8        0x1 build/usb_host.o
                0x00000000200000b8                Appli_state
 *fill*         0x00000000200000b9        0x3 
 .bss.tmpreg.8545
                0x00000000200000bc        0x4 build/stm32f4xx_ll_usb.o
 *(COMMON)
 COMMON         0x00000000200000c0       0xf4 build/main.o
                0x00000000200000c0                hi2c1
                0x0000000020000114                hspi1
                0x000000002000016c                hi2s3
 COMMON         0x00000000200001b4      0x3d8 build/usb_host.o
                0x00000000200001b4                hUsbHostFS
 COMMON         0x000000002000058c      0x2c4 build/usbh_conf.o
                0x000000002000058c                hhcd_USB_OTG_FS
 COMMON         0x0000000020000850        0x4 build/stm32f4xx_hal.o
                0x0000000020000850                uwTick
 COMMON         0x0000000020000854        0x4 /usr/lib/gcc/arm-none-eabi/9.2.1/../../../arm-none-eabi/lib/thumb/v7e-m+fp/hard/libc_nano.a(lib_a-reent.o)
                0x0000000020000854                errno
                0x0000000020000858                . = ALIGN (0x4)
                0x0000000020000858                _ebss = .
                0x0000000020000858                __bss_end__ = _ebss

._user_heap_stack
                0x0000000020000858      0x600
                0x0000000020000858                . = ALIGN (0x8)
                0x0000000020000858                PROVIDE (end = .)
                [!provide]                        PROVIDE (_end = .)
                0x0000000020000a58                . = (. + _Min_Heap_Size)
 *fill*         0x0000000020000858      0x200 
                0x0000000020000e58                . = (. + _Min_Stack_Size)
 *fill*         0x0000000020000a58      0x400 
                0x0000000020000e58                . = ALIGN (0x8)

/DISCARD/
 libc.a(*)
 libm.a(*)
 libgcc.a(*)

.ARM.attributes
                0x0000000000000000       0x30
 *(.ARM.attributes)
 .ARM.attributes
                0x0000000000000000       0x1e /usr/lib/gcc/arm-none-eabi/9.2.1/thumb/v7e-m+fp/hard/crti.o
 .ARM.attributes
                0x000000000000001e       0x34 /usr/lib/gcc/arm-none-eabi/9.2.1/thumb/v7e-m+fp/hard/crtbegin.o
 .ARM.attributes
                0x0000000000000052       0x34 build/main.o
 .ARM.attributes
                0x0000000000000086       0x34 build/stm32f4xx_it.o
 .ARM.attributes
                0x00000000000000ba       0x34 build/stm32f4xx_hal_msp.o
 .ARM.attributes
                0x00000000000000ee       0x34 build/usb_host.o
 .ARM.attributes
                0x0000000000000122       0x34 build/usbh_conf.o
 .ARM.attributes
                0x0000000000000156       0x34 build/usbh_platform.o
 .ARM.attributes
                0x000000000000018a       0x34 build/stm32f4xx_hal_hcd.o
 .ARM.attributes
                0x00000000000001be       0x34 build/stm32f4xx_ll_usb.o
 .ARM.attributes
                0x00000000000001f2       0x34 build/stm32f4xx_hal_rcc.o
 .ARM.attributes
                0x0000000000000226       0x34 build/stm32f4xx_hal_rcc_ex.o
 .ARM.attributes
                0x000000000000025a       0x34 build/stm32f4xx_hal_gpio.o
 .ARM.attributes
                0x000000000000028e       0x34 build/stm32f4xx_hal_cortex.o
 .ARM.attributes
                0x00000000000002c2       0x34 build/stm32f4xx_hal.o
 .ARM.attributes
                0x00000000000002f6       0x34 build/stm32f4xx_hal_i2c.o
 .ARM.attributes
                0x000000000000032a       0x34 build/stm32f4xx_hal_i2s.o
 .ARM.attributes
                0x000000000000035e       0x34 build/stm32f4xx_hal_i2s_ex.o
 .ARM.attributes
                0x0000000000000392       0x34 build/stm32f4xx_hal_spi.o
 .ARM.attributes
                0x00000000000003c6       0x34 build/system_stm32f4xx.o
 .ARM.attributes
                0x00000000000003fa       0x34 build/usbh_core.o
 .ARM.attributes
                0x000000000000042e       0x34 build/usbh_ctlreq.o
 .ARM.attributes
                0x0000000000000462       0x34 build/usbh_ioreq.o
 .ARM.attributes
                0x0000000000000496       0x34 build/usbh_pipes.o
 .ARM.attributes
                0x00000000000004ca       0x34 build/usbh_cdc.o
 .ARM.attributes
                0x00000000000004fe       0x21 build/startup_stm32f407xx.o
 .ARM.attributes
                0x000000000000051f       0x32 /usr/lib/gcc/arm-none-eabi/9.2.1/../../../arm-none-eabi/lib/thumb/v7e-m+fp/hard/libc_nano.a(lib_a-impure.o)
 .ARM.attributes
                0x0000000000000551       0x34 /usr/lib/gcc/arm-none-eabi/9.2.1/../../../arm-none-eabi/lib/thumb/v7e-m+fp/hard/libc_nano.a(lib_a-init.o)
 .ARM.attributes
                0x0000000000000585       0x34 /usr/lib/gcc/arm-none-eabi/9.2.1/../../../arm-none-eabi/lib/thumb/v7e-m+fp/hard/libc_nano.a(lib_a-malloc.o)
 .ARM.attributes
                0x00000000000005b9       0x34 /usr/lib/gcc/arm-none-eabi/9.2.1/../../../arm-none-eabi/lib/thumb/v7e-m+fp/hard/libc_nano.a(lib_a-memset.o)
 .ARM.attributes
                0x00000000000005ed       0x34 /usr/lib/gcc/arm-none-eabi/9.2.1/../../../arm-none-eabi/lib/thumb/v7e-m+fp/hard/libc_nano.a(lib_a-nano-freer.o)
 .ARM.attributes
                0x0000000000000621       0x34 /usr/lib/gcc/arm-none-eabi/9.2.1/../../../arm-none-eabi/lib/thumb/v7e-m+fp/hard/libc_nano.a(lib_a-nano-mallocr.o)
 .ARM.attributes
                0x0000000000000655       0x34 /usr/lib/gcc/arm-none-eabi/9.2.1/../../../arm-none-eabi/lib/thumb/v7e-m+fp/hard/libc_nano.a(lib_a-sbrkr.o)
 .ARM.attributes
                0x0000000000000689       0x34 /usr/lib/gcc/arm-none-eabi/9.2.1/../../../arm-none-eabi/lib/thumb/v7e-m+fp/hard/libc_nano.a(lib_a-mlock.o)
 .ARM.attributes
                0x00000000000006bd       0x34 /usr/lib/gcc/arm-none-eabi/9.2.1/../../../arm-none-eabi/lib/thumb/v7e-m+fp/hard/libc_nano.a(lib_a-reent.o)
 .ARM.attributes
                0x00000000000006f1       0x34 /usr/lib/gcc/arm-none-eabi/9.2.1/../../../arm-none-eabi/lib/thumb/v7e-m+fp/hard/libnosys.a(sbrk.o)
 .ARM.attributes
                0x0000000000000725       0x1e /usr/lib/gcc/arm-none-eabi/9.2.1/thumb/v7e-m+fp/hard/libgcc.a(_aeabi_uldivmod.o)
 .ARM.attributes
                0x0000000000000743       0x34 /usr/lib/gcc/arm-none-eabi/9.2.1/thumb/v7e-m+fp/hard/libgcc.a(_udivmoddi4.o)
 .ARM.attributes
                0x0000000000000777       0x1e /usr/lib/gcc/arm-none-eabi/9.2.1/thumb/v7e-m+fp/hard/libgcc.a(_dvmd_tls.o)
 .ARM.attributes
                0x0000000000000795       0x32 /usr/lib/gcc/arm-none-eabi/9.2.1/thumb/v7e-m+fp/hard/crtend.o
 .ARM.attributes
                0x00000000000007c7       0x1e /usr/lib/gcc/arm-none-eabi/9.2.1/thumb/v7e-m+fp/hard/crtn.o
OUTPUT(build/Blink.elf elf32-littlearm)
LOAD linker stubs
LOAD /usr/lib/gcc/arm-none-eabi/9.2.1/../../../arm-none-eabi/lib/thumb/v7e-m+fp/hard/libc.a
LOAD /usr/lib/gcc/arm-none-eabi/9.2.1/../../../arm-none-eabi/lib/thumb/v7e-m+fp/hard/libm.a
LOAD /usr/lib/gcc/arm-none-eabi/9.2.1/thumb/v7e-m+fp/hard/libgcc.a

.comment        0x0000000000000000       0xa7
 .comment       0x0000000000000000       0x59 /usr/lib/gcc/arm-none-eabi/9.2.1/thumb/v7e-m+fp/hard/crtbegin.o
                                         0x5a (size before relaxing)
 .comment       0x0000000000000059       0x5a build/main.o
 .comment       0x0000000000000059       0x5a build/stm32f4xx_it.o
 .comment       0x0000000000000059       0x5a build/stm32f4xx_hal_msp.o
 .comment       0x0000000000000059       0x5a build/usb_host.o
 .comment       0x0000000000000059       0x5a build/usbh_conf.o
 .comment       0x0000000000000059       0x5a build/usbh_platform.o
 .comment       0x0000000000000059       0x5a build/stm32f4xx_hal_hcd.o
 .comment       0x0000000000000059       0x5a build/stm32f4xx_ll_usb.o
 .comment       0x0000000000000059       0x5a build/stm32f4xx_hal_rcc.o
 .comment       0x0000000000000059       0x5a build/stm32f4xx_hal_rcc_ex.o
 .comment       0x0000000000000059       0x5a build/stm32f4xx_hal_gpio.o
 .comment       0x0000000000000059       0x5a build/stm32f4xx_hal_cortex.o
 .comment       0x0000000000000059       0x5a build/stm32f4xx_hal.o
 .comment       0x0000000000000059       0x5a build/stm32f4xx_hal_i2c.o
 .comment       0x0000000000000059       0x5a build/stm32f4xx_hal_i2s.o
 .comment       0x0000000000000059       0x5a build/stm32f4xx_hal_i2s_ex.o
 .comment       0x0000000000000059       0x5a build/stm32f4xx_hal_spi.o
 .comment       0x0000000000000059       0x5a build/system_stm32f4xx.o
 .comment       0x0000000000000059       0x5a build/usbh_core.o
 .comment       0x0000000000000059       0x5a build/usbh_ctlreq.o
 .comment       0x0000000000000059       0x5a build/usbh_ioreq.o
 .comment       0x0000000000000059       0x5a build/usbh_pipes.o
 .comment       0x0000000000000059       0x5a build/usbh_cdc.o
 .comment       0x0000000000000059       0x4e /usr/lib/gcc/arm-none-eabi/9.2.1/../../../arm-none-eabi/lib/thumb/v7e-m+fp/hard/libc_nano.a(lib_a-impure.o)
                                         0x4f (size before relaxing)
 .comment       0x00000000000000a7       0x4f /usr/lib/gcc/arm-none-eabi/9.2.1/../../../arm-none-eabi/lib/thumb/v7e-m+fp/hard/libc_nano.a(lib_a-init.o)
 .comment       0x00000000000000a7       0x4f /usr/lib/gcc/arm-none-eabi/9.2.1/../../../arm-none-eabi/lib/thumb/v7e-m+fp/hard/libc_nano.a(lib_a-malloc.o)
 .comment       0x00000000000000a7       0x4f /usr/lib/gcc/arm-none-eabi/9.2.1/../../../arm-none-eabi/lib/thumb/v7e-m+fp/hard/libc_nano.a(lib_a-memset.o)
 .comment       0x00000000000000a7       0x4f /usr/lib/gcc/arm-none-eabi/9.2.1/../../../arm-none-eabi/lib/thumb/v7e-m+fp/hard/libc_nano.a(lib_a-nano-freer.o)
 .comment       0x00000000000000a7       0x4f /usr/lib/gcc/arm-none-eabi/9.2.1/../../../arm-none-eabi/lib/thumb/v7e-m+fp/hard/libc_nano.a(lib_a-nano-mallocr.o)
 .comment       0x00000000000000a7       0x4f /usr/lib/gcc/arm-none-eabi/9.2.1/../../../arm-none-eabi/lib/thumb/v7e-m+fp/hard/libc_nano.a(lib_a-sbrkr.o)
 .comment       0x00000000000000a7       0x4f /usr/lib/gcc/arm-none-eabi/9.2.1/../../../arm-none-eabi/lib/thumb/v7e-m+fp/hard/libc_nano.a(lib_a-mlock.o)
 .comment       0x00000000000000a7       0x4f /usr/lib/gcc/arm-none-eabi/9.2.1/../../../arm-none-eabi/lib/thumb/v7e-m+fp/hard/libc_nano.a(lib_a-reent.o)
 .comment       0x00000000000000a7       0x4f /usr/lib/gcc/arm-none-eabi/9.2.1/../../../arm-none-eabi/lib/thumb/v7e-m+fp/hard/libnosys.a(sbrk.o)
 .comment       0x00000000000000a7       0x5a /usr/lib/gcc/arm-none-eabi/9.2.1/thumb/v7e-m+fp/hard/libgcc.a(_udivmoddi4.o)
 .comment       0x00000000000000a7       0x5a /usr/lib/gcc/arm-none-eabi/9.2.1/thumb/v7e-m+fp/hard/crtend.o

.debug_info     0x0000000000000000    0x26870
 .debug_info    0x0000000000000000     0x1706 build/main.o
 .debug_info    0x0000000000001706      0x7d0 build/stm32f4xx_it.o
 .debug_info    0x0000000000001ed6     0x12ab build/stm32f4xx_hal_msp.o
 .debug_info    0x0000000000003181     0x15ec build/usb_host.o
 .debug_info    0x000000000000476d     0x2b7f build/usbh_conf.o
 .debug_info    0x00000000000072ec      0x2c4 build/usbh_platform.o
 .debug_info    0x00000000000075b0     0x15e2 build/stm32f4xx_hal_hcd.o
 .debug_info    0x0000000000008b92     0x20f1 build/stm32f4xx_ll_usb.o
 .debug_info    0x000000000000ac83      0xc08 build/stm32f4xx_hal_rcc.o
 .debug_info    0x000000000000b88b      0x79a build/stm32f4xx_hal_rcc_ex.o
 .debug_info    0x000000000000c025      0x8e5 build/stm32f4xx_hal_gpio.o
 .debug_info    0x000000000000c90a     0x121a build/stm32f4xx_hal_cortex.o
 .debug_info    0x000000000000db24      0xb3a build/stm32f4xx_hal.o
 .debug_info    0x000000000000e65e     0x3baa build/stm32f4xx_hal_i2c.o
 .debug_info    0x0000000000012208     0x1385 build/stm32f4xx_hal_i2s.o
 .debug_info    0x000000000001358d      0xfcc build/stm32f4xx_hal_i2s_ex.o
 .debug_info    0x0000000000014559     0x2057 build/stm32f4xx_hal_spi.o
 .debug_info    0x00000000000165b0      0x618 build/system_stm32f4xx.o
 .debug_info    0x0000000000016bc8     0x20ae build/usbh_core.o
 .debug_info    0x0000000000018c76     0x1f0d build/usbh_ctlreq.o
 .debug_info    0x000000000001ab83     0x1a6b build/usbh_ioreq.o
 .debug_info    0x000000000001c5ee     0x16b5 build/usbh_pipes.o
 .debug_info    0x000000000001dca3     0x23e1 build/usbh_cdc.o
 .debug_info    0x0000000000020084       0x22 build/startup_stm32f407xx.o
 .debug_info    0x00000000000200a6      0x92a /usr/lib/gcc/arm-none-eabi/9.2.1/../../../arm-none-eabi/lib/thumb/v7e-m+fp/hard/libc_nano.a(lib_a-impure.o)
 .debug_info    0x00000000000209d0      0x11a /usr/lib/gcc/arm-none-eabi/9.2.1/../../../arm-none-eabi/lib/thumb/v7e-m+fp/hard/libc_nano.a(lib_a-init.o)
 .debug_info    0x0000000000020aea      0x9b6 /usr/lib/gcc/arm-none-eabi/9.2.1/../../../arm-none-eabi/lib/thumb/v7e-m+fp/hard/libc_nano.a(lib_a-malloc.o)
 .debug_info    0x00000000000214a0      0xf21 /usr/lib/gcc/arm-none-eabi/9.2.1/../../../arm-none-eabi/lib/thumb/v7e-m+fp/hard/libc_nano.a(lib_a-memset.o)
 .debug_info    0x00000000000223c1      0xb85 /usr/lib/gcc/arm-none-eabi/9.2.1/../../../arm-none-eabi/lib/thumb/v7e-m+fp/hard/libc_nano.a(lib_a-nano-freer.o)
 .debug_info    0x0000000000022f46      0xc5a /usr/lib/gcc/arm-none-eabi/9.2.1/../../../arm-none-eabi/lib/thumb/v7e-m+fp/hard/libc_nano.a(lib_a-nano-mallocr.o)
 .debug_info    0x0000000000023ba0      0x9fb /usr/lib/gcc/arm-none-eabi/9.2.1/../../../arm-none-eabi/lib/thumb/v7e-m+fp/hard/libc_nano.a(lib_a-sbrkr.o)
 .debug_info    0x000000000002459b      0x961 /usr/lib/gcc/arm-none-eabi/9.2.1/../../../arm-none-eabi/lib/thumb/v7e-m+fp/hard/libc_nano.a(lib_a-mlock.o)
 .debug_info    0x0000000000024efc      0xb0f /usr/lib/gcc/arm-none-eabi/9.2.1/../../../arm-none-eabi/lib/thumb/v7e-m+fp/hard/libc_nano.a(lib_a-reent.o)
 .debug_info    0x0000000000025a0b       0x9d /usr/lib/gcc/arm-none-eabi/9.2.1/../../../arm-none-eabi/lib/thumb/v7e-m+fp/hard/libnosys.a(sbrk.o)
 .debug_info    0x0000000000025aa8       0x26 /usr/lib/gcc/arm-none-eabi/9.2.1/thumb/v7e-m+fp/hard/libgcc.a(_aeabi_uldivmod.o)
 .debug_info    0x0000000000025ace      0xd7c /usr/lib/gcc/arm-none-eabi/9.2.1/thumb/v7e-m+fp/hard/libgcc.a(_udivmoddi4.o)
 .debug_info    0x000000000002684a       0x26 /usr/lib/gcc/arm-none-eabi/9.2.1/thumb/v7e-m+fp/hard/libgcc.a(_dvmd_tls.o)

.debug_abbrev   0x0000000000000000     0x5377
 .debug_abbrev  0x0000000000000000      0x299 build/main.o
 .debug_abbrev  0x0000000000000299      0x182 build/stm32f4xx_it.o
 .debug_abbrev  0x000000000000041b      0x207 build/stm32f4xx_hal_msp.o
 .debug_abbrev  0x0000000000000622      0x2d3 build/usb_host.o
 .debug_abbrev  0x00000000000008f5      0x3f4 build/usbh_conf.o
 .debug_abbrev  0x0000000000000ce9      0x14c build/usbh_platform.o
 .debug_abbrev  0x0000000000000e35      0x2e5 build/stm32f4xx_hal_hcd.o
 .debug_abbrev  0x000000000000111a      0x335 build/stm32f4xx_ll_usb.o
 .debug_abbrev  0x000000000000144f      0x2cd build/stm32f4xx_hal_rcc.o
 .debug_abbrev  0x000000000000171c      0x1bb build/stm32f4xx_hal_rcc_ex.o
 .debug_abbrev  0x00000000000018d7      0x258 build/stm32f4xx_hal_gpio.o
 .debug_abbrev  0x0000000000001b2f      0x3a8 build/stm32f4xx_hal_cortex.o
 .debug_abbrev  0x0000000000001ed7      0x21c build/stm32f4xx_hal.o
 .debug_abbrev  0x00000000000020f3      0x31f build/stm32f4xx_hal_i2c.o
 .debug_abbrev  0x0000000000002412      0x2b3 build/stm32f4xx_hal_i2s.o
 .debug_abbrev  0x00000000000026c5      0x2e1 build/stm32f4xx_hal_i2s_ex.o
 .debug_abbrev  0x00000000000029a6      0x2d2 build/stm32f4xx_hal_spi.o
 .debug_abbrev  0x0000000000002c78      0x14a build/system_stm32f4xx.o
 .debug_abbrev  0x0000000000002dc2      0x421 build/usbh_core.o
 .debug_abbrev  0x00000000000031e3      0x3c8 build/usbh_ctlreq.o
 .debug_abbrev  0x00000000000035ab      0x2b4 build/usbh_ioreq.o
 .debug_abbrev  0x000000000000385f      0x31a build/usbh_pipes.o
 .debug_abbrev  0x0000000000003b79      0x3b9 build/usbh_cdc.o
 .debug_abbrev  0x0000000000003f32       0x12 build/startup_stm32f407xx.o
 .debug_abbrev  0x0000000000003f44      0x17a /usr/lib/gcc/arm-none-eabi/9.2.1/../../../arm-none-eabi/lib/thumb/v7e-m+fp/hard/libc_nano.a(lib_a-impure.o)
 .debug_abbrev  0x00000000000040be       0xcc /usr/lib/gcc/arm-none-eabi/9.2.1/../../../arm-none-eabi/lib/thumb/v7e-m+fp/hard/libc_nano.a(lib_a-init.o)
 .debug_abbrev  0x000000000000418a      0x1f2 /usr/lib/gcc/arm-none-eabi/9.2.1/../../../arm-none-eabi/lib/thumb/v7e-m+fp/hard/libc_nano.a(lib_a-malloc.o)
 .debug_abbrev  0x000000000000437c      0x1d9 /usr/lib/gcc/arm-none-eabi/9.2.1/../../../arm-none-eabi/lib/thumb/v7e-m+fp/hard/libc_nano.a(lib_a-memset.o)
 .debug_abbrev  0x0000000000004555      0x286 /usr/lib/gcc/arm-none-eabi/9.2.1/../../../arm-none-eabi/lib/thumb/v7e-m+fp/hard/libc_nano.a(lib_a-nano-freer.o)
 .debug_abbrev  0x00000000000047db      0x2d1 /usr/lib/gcc/arm-none-eabi/9.2.1/../../../arm-none-eabi/lib/thumb/v7e-m+fp/hard/libc_nano.a(lib_a-nano-mallocr.o)
 .debug_abbrev  0x0000000000004aac      0x212 /usr/lib/gcc/arm-none-eabi/9.2.1/../../../arm-none-eabi/lib/thumb/v7e-m+fp/hard/libc_nano.a(lib_a-sbrkr.o)
 .debug_abbrev  0x0000000000004cbe      0x1c5 /usr/lib/gcc/arm-none-eabi/9.2.1/../../../arm-none-eabi/lib/thumb/v7e-m+fp/hard/libc_nano.a(lib_a-mlock.o)
 .debug_abbrev  0x0000000000004e83      0x268 /usr/lib/gcc/arm-none-eabi/9.2.1/../../../arm-none-eabi/lib/thumb/v7e-m+fp/hard/libc_nano.a(lib_a-reent.o)
 .debug_abbrev  0x00000000000050eb       0xa2 /usr/lib/gcc/arm-none-eabi/9.2.1/../../../arm-none-eabi/lib/thumb/v7e-m+fp/hard/libnosys.a(sbrk.o)
 .debug_abbrev  0x000000000000518d       0x14 /usr/lib/gcc/arm-none-eabi/9.2.1/thumb/v7e-m+fp/hard/libgcc.a(_aeabi_uldivmod.o)
 .debug_abbrev  0x00000000000051a1      0x1c2 /usr/lib/gcc/arm-none-eabi/9.2.1/thumb/v7e-m+fp/hard/libgcc.a(_udivmoddi4.o)
 .debug_abbrev  0x0000000000005363       0x14 /usr/lib/gcc/arm-none-eabi/9.2.1/thumb/v7e-m+fp/hard/libgcc.a(_dvmd_tls.o)

.debug_loc      0x0000000000000000    0x13ec6
 .debug_loc     0x0000000000000000       0xff build/main.o
 .debug_loc     0x00000000000000ff       0x40 build/stm32f4xx_it.o
 .debug_loc     0x000000000000013f      0x2d3 build/stm32f4xx_hal_msp.o
 .debug_loc     0x0000000000000412       0x40 build/usb_host.o
 .debug_loc     0x0000000000000452      0xba7 build/usbh_conf.o
 .debug_loc     0x0000000000000ff9       0x81 build/usbh_platform.o
 .debug_loc     0x000000000000107a     0x1233 build/stm32f4xx_hal_hcd.o
 .debug_loc     0x00000000000022ad     0x27cc build/stm32f4xx_ll_usb.o
 .debug_loc     0x0000000000004a79      0x6c7 build/stm32f4xx_hal_rcc.o
 .debug_loc     0x0000000000005140      0x473 build/stm32f4xx_hal_rcc_ex.o
 .debug_loc     0x00000000000055b3      0x5c7 build/stm32f4xx_hal_gpio.o
 .debug_loc     0x0000000000005b7a      0x7d4 build/stm32f4xx_hal_cortex.o
 .debug_loc     0x000000000000634e      0x1e1 build/stm32f4xx_hal.o
 .debug_loc     0x000000000000652f     0x4b55 build/stm32f4xx_hal_i2c.o
 .debug_loc     0x000000000000b084     0x132d build/stm32f4xx_hal_i2s.o
 .debug_loc     0x000000000000c3b1      0xd18 build/stm32f4xx_hal_i2s_ex.o
 .debug_loc     0x000000000000d0c9     0x2428 build/stm32f4xx_hal_spi.o
 .debug_loc     0x000000000000f4f1      0x16c build/system_stm32f4xx.o
 .debug_loc     0x000000000000f65d      0xb6f build/usbh_core.o
 .debug_loc     0x00000000000101cc      0xef7 build/usbh_ctlreq.o
 .debug_loc     0x00000000000110c3      0x750 build/usbh_ioreq.o
 .debug_loc     0x0000000000011813      0x27e build/usbh_pipes.o
 .debug_loc     0x0000000000011a91      0x91d build/usbh_cdc.o
 .debug_loc     0x00000000000123ae       0xba /usr/lib/gcc/arm-none-eabi/9.2.1/../../../arm-none-eabi/lib/thumb/v7e-m+fp/hard/libc_nano.a(lib_a-init.o)
 .debug_loc     0x0000000000012468       0x64 /usr/lib/gcc/arm-none-eabi/9.2.1/../../../arm-none-eabi/lib/thumb/v7e-m+fp/hard/libc_nano.a(lib_a-malloc.o)
 .debug_loc     0x00000000000124cc      0x231 /usr/lib/gcc/arm-none-eabi/9.2.1/../../../arm-none-eabi/lib/thumb/v7e-m+fp/hard/libc_nano.a(lib_a-memset.o)
 .debug_loc     0x00000000000126fd      0x211 /usr/lib/gcc/arm-none-eabi/9.2.1/../../../arm-none-eabi/lib/thumb/v7e-m+fp/hard/libc_nano.a(lib_a-nano-freer.o)
 .debug_loc     0x000000000001290e      0x437 /usr/lib/gcc/arm-none-eabi/9.2.1/../../../arm-none-eabi/lib/thumb/v7e-m+fp/hard/libc_nano.a(lib_a-nano-mallocr.o)
 .debug_loc     0x0000000000012d45       0x6c /usr/lib/gcc/arm-none-eabi/9.2.1/../../../arm-none-eabi/lib/thumb/v7e-m+fp/hard/libc_nano.a(lib_a-sbrkr.o)
 .debug_loc     0x0000000000012db1      0x135 /usr/lib/gcc/arm-none-eabi/9.2.1/../../../arm-none-eabi/lib/thumb/v7e-m+fp/hard/libc_nano.a(lib_a-reent.o)
 .debug_loc     0x0000000000012ee6       0x3e /usr/lib/gcc/arm-none-eabi/9.2.1/../../../arm-none-eabi/lib/thumb/v7e-m+fp/hard/libnosys.a(sbrk.o)
 .debug_loc     0x0000000000012f24      0xfa2 /usr/lib/gcc/arm-none-eabi/9.2.1/thumb/v7e-m+fp/hard/libgcc.a(_udivmoddi4.o)

.debug_aranges  0x0000000000000000     0x1210
 .debug_aranges
                0x0000000000000000       0x50 build/main.o
 .debug_aranges
                0x0000000000000050       0x68 build/stm32f4xx_it.o
 .debug_aranges
                0x00000000000000b8       0x50 build/stm32f4xx_hal_msp.o
 .debug_aranges
                0x0000000000000108       0x30 build/usb_host.o
 .debug_aranges
                0x0000000000000138       0xd8 build/usbh_conf.o
 .debug_aranges
                0x0000000000000210       0x20 build/usbh_platform.o
 .debug_aranges
                0x0000000000000230       0xf8 build/stm32f4xx_hal_hcd.o
 .debug_aranges
                0x0000000000000328      0x198 build/stm32f4xx_ll_usb.o
 .debug_aranges
                0x00000000000004c0       0x88 build/stm32f4xx_hal_rcc.o
 .debug_aranges
                0x0000000000000548       0x48 build/stm32f4xx_hal_rcc_ex.o
 .debug_aranges
                0x0000000000000590       0x58 build/stm32f4xx_hal_gpio.o
 .debug_aranges
                0x00000000000005e8       0xa8 build/stm32f4xx_hal_cortex.o
 .debug_aranges
                0x0000000000000690       0xf0 build/stm32f4xx_hal.o
 .debug_aranges
                0x0000000000000780      0x2a0 build/stm32f4xx_hal_i2c.o
 .debug_aranges
                0x0000000000000a20      0x108 build/stm32f4xx_hal_i2s.o
 .debug_aranges
                0x0000000000000b28       0x88 build/stm32f4xx_hal_i2s_ex.o
 .debug_aranges
                0x0000000000000bb0      0x1d0 build/stm32f4xx_hal_spi.o
 .debug_aranges
                0x0000000000000d80       0x28 build/system_stm32f4xx.o
 .debug_aranges
                0x0000000000000da8       0xc0 build/usbh_core.o
 .debug_aranges
                0x0000000000000e68       0xa0 build/usbh_ctlreq.o
 .debug_aranges
                0x0000000000000f08       0x60 build/usbh_ioreq.o
 .debug_aranges
                0x0000000000000f68       0x40 build/usbh_pipes.o
 .debug_aranges
                0x0000000000000fa8       0xa8 build/usbh_cdc.o
 .debug_aranges
                0x0000000000001050       0x28 build/startup_stm32f407xx.o
 .debug_aranges
                0x0000000000001078       0x18 /usr/lib/gcc/arm-none-eabi/9.2.1/../../../arm-none-eabi/lib/thumb/v7e-m+fp/hard/libc_nano.a(lib_a-impure.o)
 .debug_aranges
                0x0000000000001090       0x20 /usr/lib/gcc/arm-none-eabi/9.2.1/../../../arm-none-eabi/lib/thumb/v7e-m+fp/hard/libc_nano.a(lib_a-init.o)
 .debug_aranges
                0x00000000000010b0       0x20 /usr/lib/gcc/arm-none-eabi/9.2.1/../../../arm-none-eabi/lib/thumb/v7e-m+fp/hard/libc_nano.a(lib_a-malloc.o)
 .debug_aranges
                0x00000000000010d0       0x20 /usr/lib/gcc/arm-none-eabi/9.2.1/../../../arm-none-eabi/lib/thumb/v7e-m+fp/hard/libc_nano.a(lib_a-memset.o)
 .debug_aranges
                0x00000000000010f0       0x20 /usr/lib/gcc/arm-none-eabi/9.2.1/../../../arm-none-eabi/lib/thumb/v7e-m+fp/hard/libc_nano.a(lib_a-nano-freer.o)
 .debug_aranges
                0x0000000000001110       0x20 /usr/lib/gcc/arm-none-eabi/9.2.1/../../../arm-none-eabi/lib/thumb/v7e-m+fp/hard/libc_nano.a(lib_a-nano-mallocr.o)
 .debug_aranges
                0x0000000000001130       0x20 /usr/lib/gcc/arm-none-eabi/9.2.1/../../../arm-none-eabi/lib/thumb/v7e-m+fp/hard/libc_nano.a(lib_a-sbrkr.o)
 .debug_aranges
                0x0000000000001150       0x20 /usr/lib/gcc/arm-none-eabi/9.2.1/../../../arm-none-eabi/lib/thumb/v7e-m+fp/hard/libc_nano.a(lib_a-mlock.o)
 .debug_aranges
                0x0000000000001170       0x20 /usr/lib/gcc/arm-none-eabi/9.2.1/../../../arm-none-eabi/lib/thumb/v7e-m+fp/hard/libc_nano.a(lib_a-reent.o)
 .debug_aranges
                0x0000000000001190       0x20 /usr/lib/gcc/arm-none-eabi/9.2.1/../../../arm-none-eabi/lib/thumb/v7e-m+fp/hard/libnosys.a(sbrk.o)
 .debug_aranges
                0x00000000000011b0       0x20 /usr/lib/gcc/arm-none-eabi/9.2.1/thumb/v7e-m+fp/hard/libgcc.a(_aeabi_uldivmod.o)
 .debug_aranges
                0x00000000000011d0       0x20 /usr/lib/gcc/arm-none-eabi/9.2.1/thumb/v7e-m+fp/hard/libgcc.a(_udivmoddi4.o)
 .debug_aranges
                0x00000000000011f0       0x20 /usr/lib/gcc/arm-none-eabi/9.2.1/thumb/v7e-m+fp/hard/libgcc.a(_dvmd_tls.o)

.debug_ranges   0x0000000000000000     0x10f0
 .debug_ranges  0x0000000000000000       0x40 build/main.o
 .debug_ranges  0x0000000000000040       0x58 build/stm32f4xx_it.o
 .debug_ranges  0x0000000000000098       0x40 build/stm32f4xx_hal_msp.o
 .debug_ranges  0x00000000000000d8       0x20 build/usb_host.o
 .debug_ranges  0x00000000000000f8       0xc8 build/usbh_conf.o
 .debug_ranges  0x00000000000001c0       0x10 build/usbh_platform.o
 .debug_ranges  0x00000000000001d0       0xe8 build/stm32f4xx_hal_hcd.o
 .debug_ranges  0x00000000000002b8      0x188 build/stm32f4xx_ll_usb.o
 .debug_ranges  0x0000000000000440       0x90 build/stm32f4xx_hal_rcc.o
 .debug_ranges  0x00000000000004d0       0x38 build/stm32f4xx_hal_rcc_ex.o
 .debug_ranges  0x0000000000000508       0x48 build/stm32f4xx_hal_gpio.o
 .debug_ranges  0x0000000000000550       0xf8 build/stm32f4xx_hal_cortex.o
 .debug_ranges  0x0000000000000648       0xe0 build/stm32f4xx_hal.o
 .debug_ranges  0x0000000000000728      0x2a8 build/stm32f4xx_hal_i2c.o
 .debug_ranges  0x00000000000009d0      0x128 build/stm32f4xx_hal_i2s.o
 .debug_ranges  0x0000000000000af8       0x90 build/stm32f4xx_hal_i2s_ex.o
 .debug_ranges  0x0000000000000b88      0x1c0 build/stm32f4xx_hal_spi.o
 .debug_ranges  0x0000000000000d48       0x18 build/system_stm32f4xx.o
 .debug_ranges  0x0000000000000d60       0xb0 build/usbh_core.o
 .debug_ranges  0x0000000000000e10       0x90 build/usbh_ctlreq.o
 .debug_ranges  0x0000000000000ea0       0x50 build/usbh_ioreq.o
 .debug_ranges  0x0000000000000ef0       0x30 build/usbh_pipes.o
 .debug_ranges  0x0000000000000f20       0x98 build/usbh_cdc.o
 .debug_ranges  0x0000000000000fb8       0x20 build/startup_stm32f407xx.o
 .debug_ranges  0x0000000000000fd8       0x18 /usr/lib/gcc/arm-none-eabi/9.2.1/../../../arm-none-eabi/lib/thumb/v7e-m+fp/hard/libc_nano.a(lib_a-nano-freer.o)
 .debug_ranges  0x0000000000000ff0       0x38 /usr/lib/gcc/arm-none-eabi/9.2.1/../../../arm-none-eabi/lib/thumb/v7e-m+fp/hard/libc_nano.a(lib_a-nano-mallocr.o)
 .debug_ranges  0x0000000000001028       0xc8 /usr/lib/gcc/arm-none-eabi/9.2.1/thumb/v7e-m+fp/hard/libgcc.a(_udivmoddi4.o)

.debug_line     0x0000000000000000    0x14219
 .debug_line    0x0000000000000000      0x61a build/main.o
 .debug_line    0x000000000000061a      0x27e build/stm32f4xx_it.o
 .debug_line    0x0000000000000898      0x3e8 build/stm32f4xx_hal_msp.o
 .debug_line    0x0000000000000c80      0x2c3 build/usb_host.o
 .debug_line    0x0000000000000f43      0x746 build/usbh_conf.o
 .debug_line    0x0000000000001689      0x161 build/usbh_platform.o
 .debug_line    0x00000000000017ea      0xf7f build/stm32f4xx_hal_hcd.o
 .debug_line    0x0000000000002769     0x1ad4 build/stm32f4xx_ll_usb.o
 .debug_line    0x000000000000423d      0xaae build/stm32f4xx_hal_rcc.o
 .debug_line    0x0000000000004ceb      0x580 build/stm32f4xx_hal_rcc_ex.o
 .debug_line    0x000000000000526b      0x69f build/stm32f4xx_hal_gpio.o
 .debug_line    0x000000000000590a      0x718 build/stm32f4xx_hal_cortex.o
 .debug_line    0x0000000000006022      0x4db build/stm32f4xx_hal.o
 .debug_line    0x00000000000064fd     0x50b7 build/stm32f4xx_hal_i2c.o
 .debug_line    0x000000000000b5b4     0x136b build/stm32f4xx_hal_i2s.o
 .debug_line    0x000000000000c91f     0x1127 build/stm32f4xx_hal_i2s_ex.o
 .debug_line    0x000000000000da46     0x23e6 build/stm32f4xx_hal_spi.o
 .debug_line    0x000000000000fe2c      0x204 build/system_stm32f4xx.o
 .debug_line    0x0000000000010030      0xd9b build/usbh_core.o
 .debug_line    0x0000000000010dcb      0xba7 build/usbh_ctlreq.o
 .debug_line    0x0000000000011972      0x365 build/usbh_ioreq.o
 .debug_line    0x0000000000011cd7      0x31b build/usbh_pipes.o
 .debug_line    0x0000000000011ff2      0x9d3 build/usbh_cdc.o
 .debug_line    0x00000000000129c5       0x73 build/startup_stm32f407xx.o
 .debug_line    0x0000000000012a38       0xe3 /usr/lib/gcc/arm-none-eabi/9.2.1/../../../arm-none-eabi/lib/thumb/v7e-m+fp/hard/libc_nano.a(lib_a-impure.o)
 .debug_line    0x0000000000012b1b      0x10d /usr/lib/gcc/arm-none-eabi/9.2.1/../../../arm-none-eabi/lib/thumb/v7e-m+fp/hard/libc_nano.a(lib_a-init.o)
 .debug_line    0x0000000000012c28      0x15e /usr/lib/gcc/arm-none-eabi/9.2.1/../../../arm-none-eabi/lib/thumb/v7e-m+fp/hard/libc_nano.a(lib_a-malloc.o)
 .debug_line    0x0000000000012d86      0x26b /usr/lib/gcc/arm-none-eabi/9.2.1/../../../arm-none-eabi/lib/thumb/v7e-m+fp/hard/libc_nano.a(lib_a-memset.o)
 .debug_line    0x0000000000012ff1      0x2af /usr/lib/gcc/arm-none-eabi/9.2.1/../../../arm-none-eabi/lib/thumb/v7e-m+fp/hard/libc_nano.a(lib_a-nano-freer.o)
 .debug_line    0x00000000000132a0      0x2f2 /usr/lib/gcc/arm-none-eabi/9.2.1/../../../arm-none-eabi/lib/thumb/v7e-m+fp/hard/libc_nano.a(lib_a-nano-mallocr.o)
 .debug_line    0x0000000000013592      0x182 /usr/lib/gcc/arm-none-eabi/9.2.1/../../../arm-none-eabi/lib/thumb/v7e-m+fp/hard/libc_nano.a(lib_a-sbrkr.o)
 .debug_line    0x0000000000013714      0x13d /usr/lib/gcc/arm-none-eabi/9.2.1/../../../arm-none-eabi/lib/thumb/v7e-m+fp/hard/libc_nano.a(lib_a-mlock.o)
 .debug_line    0x0000000000013851      0x275 /usr/lib/gcc/arm-none-eabi/9.2.1/../../../arm-none-eabi/lib/thumb/v7e-m+fp/hard/libc_nano.a(lib_a-reent.o)
 .debug_line    0x0000000000013ac6       0x79 /usr/lib/gcc/arm-none-eabi/9.2.1/../../../arm-none-eabi/lib/thumb/v7e-m+fp/hard/libnosys.a(sbrk.o)
 .debug_line    0x0000000000013b3f       0x60 /usr/lib/gcc/arm-none-eabi/9.2.1/thumb/v7e-m+fp/hard/libgcc.a(_aeabi_uldivmod.o)
 .debug_line    0x0000000000013b9f      0x61a /usr/lib/gcc/arm-none-eabi/9.2.1/thumb/v7e-m+fp/hard/libgcc.a(_udivmoddi4.o)
 .debug_line    0x00000000000141b9       0x60 /usr/lib/gcc/arm-none-eabi/9.2.1/thumb/v7e-m+fp/hard/libgcc.a(_dvmd_tls.o)

.debug_str      0x0000000000000000     0x743a
 .debug_str     0x0000000000000000      0xdec build/main.o
                                        0xef0 (size before relaxing)
 .debug_str     0x0000000000000dec      0x447 build/stm32f4xx_it.o
                                        0x72a (size before relaxing)
 .debug_str     0x0000000000001233       0xcb build/stm32f4xx_hal_msp.o
                                        0xc78 (size before relaxing)
 .debug_str     0x00000000000012fe      0xbd7 build/usb_host.o
                                        0xf50 (size before relaxing)
 .debug_str     0x0000000000001ed5      0xa00 build/usbh_conf.o
                                       0x1dfc (size before relaxing)
 .debug_str     0x00000000000028d5       0x2e build/usbh_platform.o
                                        0x2f8 (size before relaxing)
 .debug_str     0x0000000000002903      0x2fa build/stm32f4xx_hal_hcd.o
                                        0xb8e (size before relaxing)
 .debug_str     0x0000000000002bfd      0x4ff build/stm32f4xx_ll_usb.o
                                        0xcd6 (size before relaxing)
 .debug_str     0x00000000000030fc      0x1e5 build/stm32f4xx_hal_rcc.o
                                        0x74d (size before relaxing)
 .debug_str     0x00000000000032e1       0xf6 build/stm32f4xx_hal_rcc_ex.o
                                        0x551 (size before relaxing)
 .debug_str     0x00000000000033d7       0xff build/stm32f4xx_hal_gpio.o
                                        0x57a (size before relaxing)
 .debug_str     0x00000000000034d6      0x4a7 build/stm32f4xx_hal_cortex.o
                                        0xcbf (size before relaxing)
 .debug_str     0x000000000000397d      0x21f build/stm32f4xx_hal.o
                                        0xb80 (size before relaxing)
 .debug_str     0x0000000000003b9c      0x8b3 build/stm32f4xx_hal_i2c.o
                                       0x10ba (size before relaxing)
 .debug_str     0x000000000000444f      0x264 build/stm32f4xx_hal_i2s.o
                                        0x9dc (size before relaxing)
 .debug_str     0x00000000000046b3      0x1ee build/stm32f4xx_hal_i2s_ex.o
                                        0x91d (size before relaxing)
 .debug_str     0x00000000000048a1      0x4d1 build/stm32f4xx_hal_spi.o
                                        0xc63 (size before relaxing)
 .debug_str     0x0000000000004d72       0x47 build/system_stm32f4xx.o
                                        0x3ee (size before relaxing)
 .debug_str     0x0000000000004db9      0x1d0 build/usbh_core.o
                                       0x11a4 (size before relaxing)
 .debug_str     0x0000000000004f89      0x1ff build/usbh_ctlreq.o
                                       0x1179 (size before relaxing)
 .debug_str     0x0000000000005188       0xbb build/usbh_ioreq.o
                                        0xfad (size before relaxing)
 .debug_str     0x0000000000005243       0x64 build/usbh_pipes.o
                                        0xf43 (size before relaxing)
 .debug_str     0x00000000000052a7      0x5ca build/usbh_cdc.o
                                       0x1620 (size before relaxing)
 .debug_str     0x0000000000005871       0x22 build/startup_stm32f407xx.o
                                         0x3e (size before relaxing)
 .debug_str     0x0000000000005893      0x1aa /usr/lib/gcc/arm-none-eabi/9.2.1/../../../arm-none-eabi/lib/thumb/v7e-m+fp/hard/libc_nano.a(lib_a-impure.o)
                                        0x5e2 (size before relaxing)
 .debug_str     0x0000000000005a3d       0xf6 /usr/lib/gcc/arm-none-eabi/9.2.1/../../../arm-none-eabi/lib/thumb/v7e-m+fp/hard/libc_nano.a(lib_a-init.o)
                                        0x229 (size before relaxing)
 .debug_str     0x0000000000005b33       0xb4 /usr/lib/gcc/arm-none-eabi/9.2.1/../../../arm-none-eabi/lib/thumb/v7e-m+fp/hard/libc_nano.a(lib_a-malloc.o)
                                        0x613 (size before relaxing)
 .debug_str     0x0000000000005be7      0x315 /usr/lib/gcc/arm-none-eabi/9.2.1/../../../arm-none-eabi/lib/thumb/v7e-m+fp/hard/libc_nano.a(lib_a-memset.o)
                                        0x90f (size before relaxing)
 .debug_str     0x0000000000005efc      0x137 /usr/lib/gcc/arm-none-eabi/9.2.1/../../../arm-none-eabi/lib/thumb/v7e-m+fp/hard/libc_nano.a(lib_a-nano-freer.o)
                                        0x712 (size before relaxing)
 .debug_str     0x0000000000006033       0x32 /usr/lib/gcc/arm-none-eabi/9.2.1/../../../arm-none-eabi/lib/thumb/v7e-m+fp/hard/libc_nano.a(lib_a-nano-mallocr.o)
                                        0x729 (size before relaxing)
 .debug_str     0x0000000000006065       0x6d /usr/lib/gcc/arm-none-eabi/9.2.1/../../../arm-none-eabi/lib/thumb/v7e-m+fp/hard/libc_nano.a(lib_a-sbrkr.o)
                                        0x625 (size before relaxing)
 .debug_str     0x00000000000060d2       0x4c /usr/lib/gcc/arm-none-eabi/9.2.1/../../../arm-none-eabi/lib/thumb/v7e-m+fp/hard/libc_nano.a(lib_a-mlock.o)
                                        0x60e (size before relaxing)
 .debug_str     0x000000000000611e       0x5e /usr/lib/gcc/arm-none-eabi/9.2.1/../../../arm-none-eabi/lib/thumb/v7e-m+fp/hard/libc_nano.a(lib_a-reent.o)
                                        0x61e (size before relaxing)
 .debug_str     0x000000000000617c      0x116 /usr/lib/gcc/arm-none-eabi/9.2.1/../../../arm-none-eabi/lib/thumb/v7e-m+fp/hard/libnosys.a(sbrk.o)
                                        0x12f (size before relaxing)
 .debug_str     0x0000000000006292       0x97 /usr/lib/gcc/arm-none-eabi/9.2.1/thumb/v7e-m+fp/hard/libgcc.a(_aeabi_uldivmod.o)
                                         0xa3 (size before relaxing)
 .debug_str     0x0000000000006329     0x10e1 /usr/lib/gcc/arm-none-eabi/9.2.1/thumb/v7e-m+fp/hard/libgcc.a(_udivmoddi4.o)
                                       0x11e6 (size before relaxing)
 .debug_str     0x000000000000740a       0x30 /usr/lib/gcc/arm-none-eabi/9.2.1/thumb/v7e-m+fp/hard/libgcc.a(_dvmd_tls.o)
                                         0xa7 (size before relaxing)

.debug_frame    0x0000000000000000     0x304c
 .debug_frame   0x0000000000000000       0xcc build/main.o
 .debug_frame   0x00000000000000cc       0xc0 build/stm32f4xx_it.o
 .debug_frame   0x000000000000018c       0xdc build/stm32f4xx_hal_msp.o
 .debug_frame   0x0000000000000268       0x50 build/usb_host.o
 .debug_frame   0x00000000000002b8      0x24c build/usbh_conf.o
 .debug_frame   0x0000000000000504       0x28 build/usbh_platform.o
 .debug_frame   0x000000000000052c      0x2b4 build/stm32f4xx_hal_hcd.o
 .debug_frame   0x00000000000007e0      0x48c build/stm32f4xx_ll_usb.o
 .debug_frame   0x0000000000000c6c      0x174 build/stm32f4xx_hal_rcc.o
 .debug_frame   0x0000000000000de0       0xa4 build/stm32f4xx_hal_rcc_ex.o
 .debug_frame   0x0000000000000e84       0xd8 build/stm32f4xx_hal_gpio.o
 .debug_frame   0x0000000000000f5c      0x15c build/stm32f4xx_hal_cortex.o
 .debug_frame   0x00000000000010b8      0x1ec build/stm32f4xx_hal.o
 .debug_frame   0x00000000000012a4      0x968 build/stm32f4xx_hal_i2c.o
 .debug_frame   0x0000000000001c0c      0x324 build/stm32f4xx_hal_i2s.o
 .debug_frame   0x0000000000001f30      0x198 build/stm32f4xx_hal_i2s_ex.o
 .debug_frame   0x00000000000020c8      0x590 build/stm32f4xx_hal_spi.o
 .debug_frame   0x0000000000002658       0x30 build/system_stm32f4xx.o
 .debug_frame   0x0000000000002688      0x208 build/usbh_core.o
 .debug_frame   0x0000000000002890      0x1e8 build/usbh_ctlreq.o
 .debug_frame   0x0000000000002a78      0x130 build/usbh_ioreq.o
 .debug_frame   0x0000000000002ba8       0x84 build/usbh_pipes.o
 .debug_frame   0x0000000000002c2c      0x1bc build/usbh_cdc.o
 .debug_frame   0x0000000000002de8       0x2c /usr/lib/gcc/arm-none-eabi/9.2.1/../../../arm-none-eabi/lib/thumb/v7e-m+fp/hard/libc_nano.a(lib_a-init.o)
 .debug_frame   0x0000000000002e14       0x30 /usr/lib/gcc/arm-none-eabi/9.2.1/../../../arm-none-eabi/lib/thumb/v7e-m+fp/hard/libc_nano.a(lib_a-malloc.o)
 .debug_frame   0x0000000000002e44       0x38 /usr/lib/gcc/arm-none-eabi/9.2.1/../../../arm-none-eabi/lib/thumb/v7e-m+fp/hard/libc_nano.a(lib_a-memset.o)
 .debug_frame   0x0000000000002e7c       0x58 /usr/lib/gcc/arm-none-eabi/9.2.1/../../../arm-none-eabi/lib/thumb/v7e-m+fp/hard/libc_nano.a(lib_a-nano-freer.o)
 .debug_frame   0x0000000000002ed4       0x30 /usr/lib/gcc/arm-none-eabi/9.2.1/../../../arm-none-eabi/lib/thumb/v7e-m+fp/hard/libc_nano.a(lib_a-nano-mallocr.o)
 .debug_frame   0x0000000000002f04       0x2c /usr/lib/gcc/arm-none-eabi/9.2.1/../../../arm-none-eabi/lib/thumb/v7e-m+fp/hard/libc_nano.a(lib_a-sbrkr.o)
 .debug_frame   0x0000000000002f30       0x30 /usr/lib/gcc/arm-none-eabi/9.2.1/../../../arm-none-eabi/lib/thumb/v7e-m+fp/hard/libc_nano.a(lib_a-mlock.o)
 .debug_frame   0x0000000000002f60       0x6c /usr/lib/gcc/arm-none-eabi/9.2.1/../../../arm-none-eabi/lib/thumb/v7e-m+fp/hard/libc_nano.a(lib_a-reent.o)
 .debug_frame   0x0000000000002fcc       0x20 /usr/lib/gcc/arm-none-eabi/9.2.1/../../../arm-none-eabi/lib/thumb/v7e-m+fp/hard/libnosys.a(sbrk.o)
 .debug_frame   0x0000000000002fec       0x2c /usr/lib/gcc/arm-none-eabi/9.2.1/thumb/v7e-m+fp/hard/libgcc.a(_aeabi_uldivmod.o)
 .debug_frame   0x0000000000003018       0x34 /usr/lib/gcc/arm-none-eabi/9.2.1/thumb/v7e-m+fp/hard/libgcc.a(_udivmoddi4.o)

Cross Reference Table

Symbol                                            File
ADC_IRQHandler                                    build/startup_stm32f407xx.o
AHBPrescTable                                     build/system_stm32f4xx.o
                                                  build/stm32f4xx_hal_rcc.o
APBPrescTable                                     build/system_stm32f4xx.o
                                                  build/stm32f4xx_hal_rcc.o
Appli_state                                       build/usb_host.o
BusFault_Handler                                  build/stm32f4xx_it.o
CAN1_RX0_IRQHandler                               build/startup_stm32f407xx.o
CAN1_RX1_IRQHandler                               build/startup_stm32f407xx.o
CAN1_SCE_IRQHandler                               build/startup_stm32f407xx.o
CAN1_TX_IRQHandler                                build/startup_stm32f407xx.o
CAN2_RX0_IRQHandler                               build/startup_stm32f407xx.o
CAN2_RX1_IRQHandler                               build/startup_stm32f407xx.o
CAN2_SCE_IRQHandler                               build/startup_stm32f407xx.o
CAN2_TX_IRQHandler                                build/startup_stm32f407xx.o
CDC_Class                                         build/usbh_cdc.o
                                                  build/usb_host.o
DCMI_IRQHandler                                   build/startup_stm32f407xx.o
DMA1_Stream0_IRQHandler                           build/startup_stm32f407xx.o
DMA1_Stream1_IRQHandler                           build/startup_stm32f407xx.o
DMA1_Stream2_IRQHandler                           build/startup_stm32f407xx.o
DMA1_Stream3_IRQHandler                           build/startup_stm32f407xx.o
DMA1_Stream4_IRQHandler                           build/startup_stm32f407xx.o
DMA1_Stream5_IRQHandler                           build/startup_stm32f407xx.o
DMA1_Stream6_IRQHandler                           build/startup_stm32f407xx.o
DMA1_Stream7_IRQHandler                           build/startup_stm32f407xx.o
DMA2_Stream0_IRQHandler                           build/startup_stm32f407xx.o
DMA2_Stream1_IRQHandler                           build/startup_stm32f407xx.o
DMA2_Stream2_IRQHandler                           build/startup_stm32f407xx.o
DMA2_Stream3_IRQHandler                           build/startup_stm32f407xx.o
DMA2_Stream4_IRQHandler                           build/startup_stm32f407xx.o
DMA2_Stream5_IRQHandler                           build/startup_stm32f407xx.o
DMA2_Stream6_IRQHandler                           build/startup_stm32f407xx.o
DMA2_Stream7_IRQHandler                           build/startup_stm32f407xx.o
DebugMon_Handler                                  build/stm32f4xx_it.o
Default_Handler                                   build/startup_stm32f407xx.o
ETH_IRQHandler                                    build/startup_stm32f407xx.o
ETH_WKUP_IRQHandler                               build/startup_stm32f407xx.o
EXTI0_IRQHandler                                  build/startup_stm32f407xx.o
EXTI15_10_IRQHandler                              build/startup_stm32f407xx.o
EXTI1_IRQHandler                                  build/startup_stm32f407xx.o
EXTI2_IRQHandler                                  build/startup_stm32f407xx.o
EXTI3_IRQHandler                                  build/startup_stm32f407xx.o
EXTI4_IRQHandler                                  build/startup_stm32f407xx.o
EXTI9_5_IRQHandler                                build/startup_stm32f407xx.o
Error_Handler                                     build/main.o
                                                  build/usbh_conf.o
                                                  build/usb_host.o
FLASH_Erase_Sector                                build/stm32f4xx_hal_flash_ex.o
                                                  build/stm32f4xx_hal_flash.o
FLASH_FlushCaches                                 build/stm32f4xx_hal_flash_ex.o
                                                  build/stm32f4xx_hal_flash.o
FLASH_IRQHandler                                  build/startup_stm32f407xx.o
FLASH_WaitForLastOperation                        build/stm32f4xx_hal_flash.o
                                                  build/stm32f4xx_hal_flash_ex.o
FPU_IRQHandler                                    build/startup_stm32f407xx.o
FSMC_IRQHandler                                   build/startup_stm32f407xx.o
HAL_DBGMCU_DisableDBGSleepMode                    build/stm32f4xx_hal.o
HAL_DBGMCU_DisableDBGStandbyMode                  build/stm32f4xx_hal.o
HAL_DBGMCU_DisableDBGStopMode                     build/stm32f4xx_hal.o
HAL_DBGMCU_EnableDBGSleepMode                     build/stm32f4xx_hal.o
HAL_DBGMCU_EnableDBGStandbyMode                   build/stm32f4xx_hal.o
HAL_DBGMCU_EnableDBGStopMode                      build/stm32f4xx_hal.o
HAL_DMAEx_ChangeMemory                            build/stm32f4xx_hal_dma_ex.o
HAL_DMAEx_MultiBufferStart                        build/stm32f4xx_hal_dma_ex.o
HAL_DMAEx_MultiBufferStart_IT                     build/stm32f4xx_hal_dma_ex.o
HAL_DMA_Abort                                     build/stm32f4xx_hal_dma.o
                                                  build/stm32f4xx_hal_spi.o
                                                  build/stm32f4xx_hal_i2s.o
HAL_DMA_Abort_IT                                  build/stm32f4xx_hal_dma.o
                                                  build/stm32f4xx_hal_spi.o
                                                  build/stm32f4xx_hal_i2c.o
HAL_DMA_DeInit                                    build/stm32f4xx_hal_dma.o
HAL_DMA_GetError                                  build/stm32f4xx_hal_dma.o
                                                  build/stm32f4xx_hal_i2c.o
HAL_DMA_GetState                                  build/stm32f4xx_hal_dma.o
                                                  build/stm32f4xx_hal_i2c.o
HAL_DMA_IRQHandler                                build/stm32f4xx_hal_dma.o
HAL_DMA_Init                                      build/stm32f4xx_hal_dma.o
HAL_DMA_PollForTransfer                           build/stm32f4xx_hal_dma.o
HAL_DMA_RegisterCallback                          build/stm32f4xx_hal_dma.o
HAL_DMA_Start                                     build/stm32f4xx_hal_dma.o
HAL_DMA_Start_IT                                  build/stm32f4xx_hal_dma.o
                                                  build/stm32f4xx_hal_spi.o
                                                  build/stm32f4xx_hal_i2s_ex.o
                                                  build/stm32f4xx_hal_i2s.o
                                                  build/stm32f4xx_hal_i2c.o
HAL_DMA_UnRegisterCallback                        build/stm32f4xx_hal_dma.o
HAL_DeInit                                        build/stm32f4xx_hal.o
HAL_Delay                                         build/stm32f4xx_hal.o
                                                  build/stm32f4xx_ll_usb.o
                                                  build/usbh_conf.o
                                                  build/main.o
HAL_DisableCompensationCell                       build/stm32f4xx_hal.o
HAL_EXTI_ClearConfigLine                          build/stm32f4xx_hal_exti.o
HAL_EXTI_ClearPending                             build/stm32f4xx_hal_exti.o
HAL_EXTI_GenerateSWI                              build/stm32f4xx_hal_exti.o
HAL_EXTI_GetConfigLine                            build/stm32f4xx_hal_exti.o
HAL_EXTI_GetHandle                                build/stm32f4xx_hal_exti.o
HAL_EXTI_GetPending                               build/stm32f4xx_hal_exti.o
HAL_EXTI_IRQHandler                               build/stm32f4xx_hal_exti.o
HAL_EXTI_RegisterCallback                         build/stm32f4xx_hal_exti.o
HAL_EXTI_SetConfigLine                            build/stm32f4xx_hal_exti.o
HAL_EnableCompensationCell                        build/stm32f4xx_hal.o
HAL_FLASHEx_Erase                                 build/stm32f4xx_hal_flash_ex.o
HAL_FLASHEx_Erase_IT                              build/stm32f4xx_hal_flash_ex.o
HAL_FLASHEx_OBGetConfig                           build/stm32f4xx_hal_flash_ex.o
HAL_FLASHEx_OBProgram                             build/stm32f4xx_hal_flash_ex.o
HAL_FLASH_EndOfOperationCallback                  build/stm32f4xx_hal_flash.o
HAL_FLASH_GetError                                build/stm32f4xx_hal_flash.o
HAL_FLASH_IRQHandler                              build/stm32f4xx_hal_flash.o
HAL_FLASH_Lock                                    build/stm32f4xx_hal_flash.o
HAL_FLASH_OB_Launch                               build/stm32f4xx_hal_flash.o
HAL_FLASH_OB_Lock                                 build/stm32f4xx_hal_flash.o
HAL_FLASH_OB_Unlock                               build/stm32f4xx_hal_flash.o
HAL_FLASH_OperationErrorCallback                  build/stm32f4xx_hal_flash.o
HAL_FLASH_Program                                 build/stm32f4xx_hal_flash.o
HAL_FLASH_Program_IT                              build/stm32f4xx_hal_flash.o
HAL_FLASH_Unlock                                  build/stm32f4xx_hal_flash.o
HAL_GPIO_DeInit                                   build/stm32f4xx_hal_gpio.o
                                                  build/usbh_conf.o
                                                  build/stm32f4xx_hal_msp.o
HAL_GPIO_EXTI_Callback                            build/stm32f4xx_hal_gpio.o
HAL_GPIO_EXTI_IRQHandler                          build/stm32f4xx_hal_gpio.o
HAL_GPIO_Init                                     build/stm32f4xx_hal_gpio.o
                                                  build/stm32f4xx_hal_rcc.o
                                                  build/usbh_conf.o
                                                  build/stm32f4xx_hal_msp.o
                                                  build/main.o
HAL_GPIO_LockPin                                  build/stm32f4xx_hal_gpio.o
HAL_GPIO_ReadPin                                  build/stm32f4xx_hal_gpio.o
HAL_GPIO_TogglePin                                build/stm32f4xx_hal_gpio.o
                                                  build/main.o
HAL_GPIO_WritePin                                 build/stm32f4xx_hal_gpio.o
                                                  build/usbh_platform.o
                                                  build/main.o
HAL_GetDEVID                                      build/stm32f4xx_hal.o
HAL_GetHalVersion                                 build/stm32f4xx_hal.o
HAL_GetREVID                                      build/stm32f4xx_hal.o
HAL_GetTick                                       build/stm32f4xx_hal.o
                                                  build/stm32f4xx_hal_spi.o
                                                  build/stm32f4xx_hal_i2s_ex.o
                                                  build/stm32f4xx_hal_i2s.o